09-04 16:50:23.169   914  1168 I ActivityManager: START u0 {act=android.intent.action.MAIN cat=[android.intent.category.HOME] flg=0x10200000 cmp=com.google.android.apps.nexuslauncher/.NexusLauncherActivity (has extras)} from uid 1000
09-04 16:50:26.051   914  9548 I ActivityManager: START u0 {act=android.intent.action.MAIN cat=[android.intent.category.LAUNCHER] flg=0x10200000 cmp=com.google.android.apps.docs.editors.sheets/com.google.android.apps.docs.app.NewMainProxyActivity bnds=[852,545][1119,852]} from uid 10032
09-04 16:50:26.184   914  9545 I ActivityManager: Start proc 5243:com.google.android.apps.docs.editors.sheets/u0a238 for activity com.google.android.apps.docs.editors.sheets/com.google.android.apps.docs.app.NewMainProxyActivity
09-04 16:50:26.638   914  9545 I ActivityManager: START u0 {flg=0x4000000 cmp=com.google.android.apps.docs.editors.sheets/com.google.android.apps.docs.doclist.activity.DocListActivity (has extras)} from uid 10238
09-04 16:50:28.065   914  9548 I ActivityManager: Start proc 5340:com.google.android.apps.docs/u0a60 for content provider com.google.android.apps.docs/.doclist.statesyncer.CrossAppStateProvider
09-04 16:50:35.138   914   967 W RemoteFillService: Not handling { when=-5ms what=3 target=com.android.internal.os.HandlerCaller$MyHandler } as service for ComponentInfo{com.google.android.gms/com.google.android.gms.autofill.service.AutofillService} is already destroyed
09-04 16:50:37.408   914   950 I ActivityManager: Config changes=480 {1.0 310mcc260mnc [en_US] ldltr sw411dp w683dp h387dp 560dpi nrml widecg land finger -keyb/v/h dpad/v appBounds=Rect(0, 0 - 2392, 1440) s.35}
09-04 16:50:37.420   914   950 I ActivityManager: Override config changes=480 {1.0 310mcc260mnc [en_US] ldltr sw411dp w683dp h387dp 560dpi nrml widecg land finger -keyb/v/h dpad/v appBounds=Rect(0, 0 - 2392, 1440) s.35} for displayId=0
09-04 16:50:37.825  5243  5243 E ActivityThread: Activity com.google.android.apps.docs.doclist.activity.DocListActivity has leaked ServiceConnection com.google.android.apps.docs.editors.shared.ratings.l@572923f that was originally bound here
09-04 16:50:37.825  5243  5243 E ActivityThread: android.app.ServiceConnectionLeaked: Activity com.google.android.apps.docs.doclist.activity.DocListActivity has leaked ServiceConnection com.google.android.apps.docs.editors.shared.ratings.l@572923f that was originally bound here
09-04 16:50:37.825  5243  5243 E ActivityThread: 	at android.app.LoadedApk$ServiceDispatcher.<init>(LoadedApk.java:1514)
09-04 16:50:37.825  5243  5243 E ActivityThread: 	at android.app.LoadedApk.getServiceDispatcher(LoadedApk.java:1406)
09-04 16:50:37.825  5243  5243 E ActivityThread: 	at android.app.ContextImpl.bindServiceCommon(ContextImpl.java:1589)
09-04 16:50:37.825  5243  5243 E ActivityThread: 	at android.app.ContextImpl.bindService(ContextImpl.java:1541)
09-04 16:50:37.825  5243  5243 E ActivityThread: 	at android.content.ContextWrapper.bindService(ContextWrapper.java:678)
09-04 16:50:37.825  5243  5243 E ActivityThread: 	at com.google.android.apps.docs.editors.shared.ratings.j.<init>(PG:6)
09-04 16:50:37.825  5243  5243 E ActivityThread: 	at com.google.android.apps.docs.editors.shared.ratings.n.get(PG:2)
09-04 16:50:37.825  5243  5243 E ActivityThread: 	at dagger.internal.b.get(PG:1)
09-04 16:50:37.825  5243  5243 E ActivityThread: 	at com.google.android.apps.docs.doclist.helpcard.k.a(PG:3)
09-04 16:50:37.825  5243  5243 E ActivityThread: 	at com.google.android.apps.docs.doclist.helpcard.i.call(Unknown Source:2)
09-04 16:50:37.825  5243  5243 E ActivityThread: 	at com.google.common.util.concurrent.ap$b.a(PG:1)
09-04 16:50:37.825  5243  5243 E ActivityThread: 	at com.google.common.util.concurrent.z.run(PG:3)
09-04 16:50:37.825  5243  5243 E ActivityThread: 	at com.google.common.util.concurrent.ap.run(PG:1)
09-04 16:50:37.825  5243  5243 E ActivityThread: 	at java.util.concurrent.Executors$RunnableAdapter.call(Executors.java:457)
09-04 16:50:37.825  5243  5243 E ActivityThread: 	at java.util.concurrent.FutureTask.run(FutureTask.java:266)
09-04 16:50:37.825  5243  5243 E ActivityThread: 	at java.util.concurrent.ScheduledThreadPoolExecutor$ScheduledFutureTask.run(ScheduledThreadPoolExecutor.java:301)
09-04 16:50:37.825  5243  5243 E ActivityThread: 	at java.util.concurrent.ThreadPoolExecutor.runWorker(ThreadPoolExecutor.java:1162)
09-04 16:50:37.825  5243  5243 E ActivityThread: 	at java.util.concurrent.ThreadPoolExecutor$Worker.run(ThreadPoolExecutor.java:636)
09-04 16:50:37.825  5243  5243 E ActivityThread: 	at java.lang.Thread.run(Thread.java:764)
09-04 16:50:38.760   914  1151 I WindowManager: Screen frozen for +1s372ms due to Window{7c5d307 u0 com.google.android.apps.docs.editors.sheets/com.google.android.apps.docs.doclist.activity.DocListActivity}
09-04 16:50:41.803   914  5470 I ActivityManager: START u0 {act=android.intent.action.VIEW dat=content://uniqueId/17uy0FODshtiPeTEairt56_BKM_fijUbC_HLDQ9mXW-g cmp=com.google.android.apps.docs.editors.sheets/com.google.android.apps.docs.editors.ritz.RitzActivity (has extras)} from uid 10238
09-04 16:50:43.182   914   967 W RemoteFillService: Not handling { when=-4ms what=3 target=com.android.internal.os.HandlerCaller$MyHandler } as service for ComponentInfo{com.google.android.gms/com.google.android.gms.autofill.service.AutofillService} is already destroyed
09-04 16:50:58.226   914   949 I ActivityManager: Killing 3552:com.google.android.calendar/u0a53 (adj 906): empty #17
09-04 16:51:05.375   914   954 E BatteryStatsService: modem info is invalid: ModemActivityInfo{ mTimestamp=8201136 mSleepTimeMs=22800 mIdleTimeMs=-130 mTxTimeMs[]=[1904, 3060, 178, 338, 3311] mRxTimeMs=19307 mEnergyUsed=0}
09-04 16:52:13.589   914  2311 W ActivityManager: Background start not allowed: service Intent { flg=0x14 cmp=com.android.chrome/com.google.ipc.invalidation.ticl.android2.TiclService (has extras) } to com.android.chrome/com.google.ipc.invalidation.ticl.android2.TiclService from pid=30715 uid=10056 pkg=com.android.chrome
09-04 16:53:44.146   914   950 I ActivityManager: Config changes=480 {1.0 310mcc260mnc [en_US] ldltr sw411dp w411dp h659dp 560dpi nrml widecg port finger -keyb/v/h dpad/v appBounds=Rect(0, 0 - 1440, 2392) s.36}
09-04 16:53:44.214   914   950 I ActivityManager: Override config changes=480 {1.0 310mcc260mnc [en_US] ldltr sw411dp w411dp h659dp 560dpi nrml widecg port finger -keyb/v/h dpad/v appBounds=Rect(0, 0 - 1440, 2392) s.36} for displayId=0
09-04 16:53:44.228   914   950 W Looper  : Dispatch took 117ms on android.ui, h=Handler (com.android.server.policy.PhoneWindowManager$PolicyHandler) {d2fd012} cb=com.android.server.policy.PhoneWindowManager$MyOrientationListener$1@ead43e3 msg=0
09-04 16:53:44.440   914  1151 I WindowManager: Screen frozen for +320ms due to Window{587d6c2 u0 StatusBar}
09-04 16:53:45.111   914  1169 I PowerManagerService: Going to sleep due to power button (uid 1000)...
09-04 16:53:45.151   914   914 V FingerprintService: startAuthentication(com.android.systemui)
09-04 16:53:45.151   914   914 V FingerprintService: starting client AuthenticationClient(com.android.systemui), initiatedByClient = true)
09-04 16:53:45.169   914   914 W FingerprintService: client com.android.systemui is authenticating...
09-04 16:53:45.591   914   971 I DisplayPowerController: Blocking screen off
09-04 16:53:45.610   914   971 I DreamManagerService: Entering dreamland.
09-04 16:53:45.610   914   971 I PowerManagerService: Dozing...
09-04 16:53:45.611   914   967 I DreamController: Starting dream: name=ComponentInfo{com.android.systemui/com.android.systemui.doze.DozeService}, isTest=false, canDoze=true, userId=0
09-04 16:53:45.624   914   971 I DisplayPowerController: Unblocked screen off after 32 ms
09-04 16:53:45.697   914   969 I DisplayManagerService: Display device changed state: "Built-in Screen", OFF
09-04 16:53:45.779   914  1169 V WiredAccessoryManager: notifyWiredAccessoryChanged: when=7337770518000 bits= mask=94
09-04 16:53:45.779   914  1169 V WiredAccessoryManager: newName=h2w newState=0 headsetState=0 prev headsetState=1
09-04 16:53:45.779   914   914 V WiredAccessoryManager: headsetName:  disconnected
09-04 16:53:45.792   914   949 I ActivityManager: Start proc 5598:com.ted.android/u0a183 for broadcast com.ted.android/com.google.android.libraries.cast.companionlibrary.remotecontrol.VideoIntentReceiver
09-04 16:53:46.084   914 19478 I UsbPortManager: ClientCallback: port0
09-04 16:53:46.084   914   967 I UsbPortManager: USB port changed: port=UsbPort{id=port0, supportedModes=dual}, status=UsbPortStatus{connected=false, currentMode=none, currentPowerRole=no-power, currentDataRole=no-data, supportedRoleCombinations=[no-power:no-data]}, canChangeMode=false, canChangePowerRole=false, canChangeDataRole=false
09-04 16:53:46.147   914  9540 I ActivityManager: Start proc 5620:org.npr.android.news/u0a385 for broadcast org.npr.android.news/org.npr.android.util.AudioIntentReceiver
09-04 16:53:46.148   914  1168 I ActivityManager: Config changes=60 {1.0 310mcc260mnc [en_US] ldltr sw411dp w411dp h659dp 560dpi nrml widecg port finger -keyb/v/h -nav/h appBounds=Rect(0, 0 - 1440, 2392) s.37}
09-04 16:53:46.159   914  1168 I ActivityManager: Override config changes=60 {1.0 310mcc260mnc [en_US] ldltr sw411dp w411dp h659dp 560dpi nrml widecg port finger -keyb/v/h -nav/h appBounds=Rect(0, 0 - 1440, 2392) s.37} for displayId=0
09-04 16:53:46.209   914  1348 I UsbAlsaManager: USB Audio Device Removed: null
09-04 16:53:46.265   914   949 I ActivityManager: Killing 1583:com.google.android.calendar/u10a53 (adj 906): empty #17
09-04 16:53:46.266   914   950 W Looper  : Dispatch took 131ms on android.ui, h=Handler (com.android.server.am.ActivityManagerService$UiHandler) {98e0aa5} cb=null msg=53
09-04 16:53:46.376   914  9540 W ActivityManager: Permission Denial: Accessing service ComponentInfo{com.google.android.music/com.google.android.music.dial.DialMediaRouteProviderService} from pid=5598, uid=10183 that is not exported from uid 10078
09-04 16:53:46.419   914  5470 I ActivityManager: Start proc 5636:com.android.mtp/u0a14 for broadcast com.android.mtp/.UsbIntentReceiver
09-04 16:53:46.539   914  2343 I ActivityManager: Start proc 5655:com.hp.android.printservice/u0a158 for broadcast com.hp.android.printservice/.usb.ReceiverUSBDeviceDetached
09-04 16:53:46.554   914  5067 I ActivityManager: Killing 3498:com.google.android.partnersetup/u0a27 (adj 906): empty #17
09-04 16:53:46.799   914   914 I Telecom : WiredHeadsetManager: ACTION_HEADSET_PLUG event, plugged in: true, : WHC.oADR@AS0
09-04 16:53:46.814   914   914 I Telecom : WiredHeadsetManager: ACTION_HEADSET_PLUG event, plugged in: false, : WHC.oADR@AS4
09-04 16:53:46.815   914  1739 I Telecom : CallAudioRouteStateMachine: Message received: DISCONNECT_WIRED_HEADSET=2, arg1=0: WHC.oADR->CARSM.pM_DISCONNECT_WIRED_HEADSET@AS4
09-04 16:53:46.815   914  1739 I Telecom : Logging.Events: Non-call EVENT: AUDIO_ROUTE, Wired headset disconnected: WHC.oADR->CARSM.pM_DISCONNECT_WIRED_HEADSET@AS4
09-04 16:53:46.815   914  1739 I Telecom : CallAudioRouteStateMachine: Message received: SWITCH_BASELINE_ROUTE=1005, arg1=0: WHC.oADR->CARSM.pM_DISCONNECT_WIRED_HEADSET->CARSM.pM_SWITCH_BASELINE_ROUTE@AS4
09-04 16:53:46.815   914  1739 I Telecom : CallAudioRouteStateMachine: Message received: SWITCH_EARPIECE=1001, arg1=0: WHC.oADR->CARSM.pM_DISCONNECT_WIRED_HEADSET->CARSM.pM_SWITCH_BASELINE_ROUTE->CARSM.pM_SWITCH_EARPIECE@AS4
09-04 16:53:46.816   914  1739 I Telecom : Logging.Events: Non-call EVENT: AUDIO_ROUTE, Leaving state QuiescentHeadsetRoute: WHC.oADR->CARSM.pM_DISCONNECT_WIRED_HEADSET->CARSM.pM_SWITCH_BASELINE_ROUTE->CARSM.pM_SWITCH_EARPIECE@AS4
09-04 16:53:46.816   914  1739 I Telecom : Logging.Events: Non-call EVENT: AUDIO_ROUTE, Entering state QuiescentEarpieceRoute: WHC.oADR->CARSM.pM_DISCONNECT_WIRED_HEADSET->CARSM.pM_SWITCH_BASELINE_ROUTE->CARSM.pM_SWITCH_EARPIECE@AS4
09-04 16:53:47.476   914  9540 I ActivityManager: Start proc 5707:com.android.mtp/u10a14 for broadcast com.android.mtp/.UsbIntentReceiver
09-04 16:53:47.477   914  9540 I ActivityManager: Killing 3748:com.waze/u0a225 (adj 906): empty #17
09-04 16:53:47.603   914  5067 I ActivityManager: Start proc 5725:android.process.media/u0a14 for broadcast com.android.providers.media/.MtpReceiver
09-04 16:53:47.635   914  2320 I ActivityManager: Killing 3776:com.waze/u10a225 (adj 906): empty #17
09-04 16:53:47.909   914  5067 I ActivityManager: Start proc 5744:android.process.media/u10a14 for broadcast com.android.providers.media/.MtpReceiver
09-04 16:53:47.912   914  5067 I ActivityManager: Killing 3592:com.android.providers.calendar/u10a5 (adj 906): empty #17
09-04 16:53:48.168   914  9540 I ActivityManager: Killing 4052:com.google.android.videos/u0a93 (adj 906): empty #17
09-04 16:54:26.884   914  2343 I ActivityManager: Start proc 5781:com.google.android.youtube/u10a98 for service com.google.android.youtube/com.google.android.libraries.youtube.common.gcore.gcoreclient.gcm.impl.GcmTaskServiceDelegator
09-04 16:54:45.219   914   954 E BatteryStatsService: modem info is invalid: ModemActivityInfo{ mTimestamp=8420998 mSleepTimeMs=14477 mIdleTimeMs=-30 mTxTimeMs[]=[130, 97, 44, 20, 327] mRxTimeMs=3491 mEnergyUsed=0}
09-04 16:55:01.852   914  1483 W ActivityManager: Background start not allowed: service Intent { cmp=com.android.chrome/com.google.ipc.invalidation.ticl.android2.TiclService (has extras) } to com.android.chrome/com.google.ipc.invalidation.ticl.android2.TiclService from pid=30715 uid=10056 pkg=com.android.chrome
09-04 16:56:01.989   914  1483 W ActivityManager: Background start not allowed: service Intent { cmp=com.android.chrome/com.google.ipc.invalidation.ticl.android2.TiclService (has extras) } to com.android.chrome/com.google.ipc.invalidation.ticl.android2.TiclService from pid=30715 uid=10056 pkg=com.android.chrome
09-04 16:57:01.882   914   927 W ActivityManager: Background start not allowed: service Intent { cmp=com.android.chrome/com.google.ipc.invalidation.ticl.android2.TiclService (has extras) } to com.android.chrome/com.google.ipc.invalidation.ticl.android2.TiclService from pid=30715 uid=10056 pkg=com.android.chrome
09-04 16:57:57.049   914   954 E BatteryStatsService: modem info is invalid: ModemActivityInfo{ mTimestamp=8612812 mSleepTimeMs=35935 mIdleTimeMs=-40 mTxTimeMs[]=[51, 21, 0, 12, 13] mRxTimeMs=2946 mEnergyUsed=0}
09-04 16:59:28.794   914  2310 D ConnectivityService: Returning blocked NetworkInfo to uid=10455
09-04 17:00:29.743   914  1160 I ActivityManager: Start proc 5947:com.google.corp.huddle.android/u10a311 for service com.google.corp.huddle.android/.services.BackgroundTasksService
09-04 17:00:31.216   914  9548 I ActivityManager: Start proc 5990:com.google.android.gms.unstable/u10a19 for service com.google.android.gms/.droidguard.DroidGuardService
09-04 17:09:04.721   914   949 W ProcessCpuTracker: Skipping unknown process pid 6083
09-04 17:13:05.854   914  9540 I ActivityManager: Start proc 6107:com.google.android.talk/u10a73 for service com.google.android.talk/com.google.android.apps.hangouts.concurrent.impl.GcmTriggeredNotifier
09-04 17:13:06.943   914  1626 W LauncherAppsService: Cannot check package by com.google.android.talk for another profile 0 from 10
09-04 17:14:26.633   914   948 I UsageStatsService: User[0] Flushing usage stats to disk
09-04 17:14:26.794   914   948 I UsageStatsService: User[10] Flushing usage stats to disk
09-04 17:16:07.267   914   927 I ActivityManager: Killing 4226:com.android.chrome:sandboxed_process0/u0a253i38 (adj 906): empty #17
09-04 17:16:07.302   914  9540 W ActivityManager: Scheduling restart of crashed service com.twitter.android/org.chromium.content.app.SandboxedProcessService0 in 1000ms
09-04 17:19:06.635   914   949 W ProcessCpuTracker: Skipping unknown process pid 6183
09-04 17:26:04.763   914  1625 I Telecom : PhoneAccountRegistrar: SimCallManager queried, returning: null: TSI.gSCM@AS8
09-04 17:26:04.815   914  1625 I Telecom : PhoneAccountRegistrar: SimCallManager queried, returning: null: TSI.gSCM@ATE
09-04 17:26:10.821   914  2343 I ActivityManager: Killing 4189:com.twitter.android/u0a253 (adj 906): empty #17
09-04 17:26:10.908   914  1625 D ConnectivityService: ConnectivityService NetworkRequestInfo binderDied(NetworkRequest [ LISTEN id=106, [ Capabilities: INTERNET&NOT_RESTRICTED&TRUSTED&FOREGROUND] ], android.os.BinderProxy@2773b32)
09-04 17:26:10.911   914  1185 E ConnectivityService: RemoteException caught trying to send a callback msg for NetworkRequest [ LISTEN id=106, [ Capabilities: INTERNET&NOT_RESTRICTED&TRUSTED&FOREGROUND] ]
09-04 17:28:29.983  7594  6245 E ActivityThread: Failed to find provider info for com.google.android.wearable.settings
09-04 17:28:35.325   914  5064 I ActivityManager: Start proc 6275:com.android.carrierconfig/u10a20 for broadcast com.android.carrierconfig/.GservicesChangedReceiver
09-04 17:28:35.376   914  2311 I Telecom : PhoneAccountRegistrar: SimCallManager queried, returning: null: TSI.gSCM@ATM
09-04 17:28:35.618   914  5067 I ActivityManager: Start proc 6293:com.android.connectivity.metrics/u10a9 for broadcast com.android.connectivity.metrics/.SnapshotSchedulingReceiver
09-04 17:28:35.887   914  5067 I ActivityManager: Start proc 6309:com.google.android.apps.photos/u10a83 for broadcast com.google.android.apps.photos/com.google.android.apps.moviemaker.app.ApplicationEnabler$Receiver
09-04 17:28:36.114  7594  6245 E ActivityThread: Failed to find provider info for com.google.android.wearable.settings
09-04 17:28:37.211   914  1620 I ActivityManager: Start proc 6341:com.google.android.ims/u10a284 for broadcast com.google.android.ims/.receivers.RcsAutoStartReceiver
09-04 17:28:37.425   914   928 W ActivityManager: Unable to start service Intent { cmp=com.google.android.gms/.analytics.service.RefreshEnabledStateService } U=10: not found
09-04 17:28:38.281   914  5033 I ActivityManager: Killing 3570:com.android.providers.calendar/u0a5 (adj 906): empty #17
09-04 17:28:39.157   914   928 I ActivityManager: Start proc 6382:com.google.android.partnersetup/u10a27 for broadcast com.google.android.partnersetup/.RlzPingBroadcastReceiver
09-04 17:28:39.162   914   928 I ActivityManager: Killing 30517:com.google.android.gms.feedback/u0a19 (adj 906): empty #17
09-04 17:28:39.831   914  1483 I ActivityManager: Killing 4457:com.instagram.android/u0a455 (adj 906): empty #17
09-04 17:31:30.828   914  2310 D ConnectivityService: Returning unblocked NetworkInfo to uid=10087
09-04 17:31:36.159   914  2311 I ActivityManager: Start proc 6467:com.android.providers.calendar/u0a5 for content provider com.android.providers.calendar/.CalendarProvider2
09-04 17:34:04.473   914   948 D ConnectivityService: requestNetwork for uid/pid:1000/914 NetworkRequest [ REQUEST id=112, legacyType=3, [ Transports: CELLULAR Capabilities: SUPL&NOT_RESTRICTED&TRUSTED&NOT_VPN] ]
09-04 17:34:04.475   914  1185 D ConnectivityService: Sending CONNECTED broadcast for type 3 NetworkAgentInfo [MOBILE (LTE) - 104] isDefaultNetwork=true
09-04 17:34:04.514   914   948 D ConnectivityService: Adding legacy route 0.0.0.112/32 -> 192.0.0.4 v4-rmnet_data0 for UID/PID 1000/914
09-04 17:34:04.516   914   948 D ConnectivityService: requestRouteToHostAddress ok=true
09-04 17:34:04.555   914   949 I ActivityManager: Start proc 6505:com.eclipsim.gpsstatus2/u0a187 for broadcast com.eclipsim.gpsstatus2/.notification.GpsBroadcastReceiver
09-04 17:34:05.968   914  1185 D ConnectivityService: releasing NetworkRequest [ REQUEST id=112, legacyType=3, [ Transports: CELLULAR Capabilities: SUPL&NOT_RESTRICTED&TRUSTED&NOT_VPN] ] (CALLBACK_RELEASED)
09-04 17:34:05.969   914  1185 D ConnectivityService: Sending DISCONNECTED broadcast for type 3 NetworkAgentInfo [MOBILE (LTE) - 104] isDefaultNetwork=false
09-04 17:34:06.033   914  1177 W NetworkPolicy: shared quota unsupported; generating rule for each iface
09-04 17:34:06.062   914  9548 D ConnectivityService: Returning blocked NetworkInfo to uid=10098
09-04 17:34:06.062   914  9544 D ConnectivityService: Returning blocked NetworkInfo to uid=10056
09-04 17:34:06.063   914  5068 D ConnectivityService: Returning blocked NetworkInfo to uid=10238
09-04 17:34:06.063   914  2320 D ConnectivityService: Returning blocked NetworkInfo to uid=10060
09-04 17:34:06.064   914  1625 D ConnectivityService: Returning blocked NetworkInfo to uid=10087
09-04 17:34:06.064   914  1626 D ConnectivityService: Returning blocked NetworkInfo to uid=10183
09-04 17:34:06.172   914   949 I ActivityManager: Start proc 6535:com.instagram.android/u0a455 for broadcast com.instagram.android/com.instagram.store.PendingActionReceiver
09-04 17:34:06.735   914   949 I ActivityManager: Start proc 6611:com.southwestairlines.mobile/u0a166 for broadcast com.southwestairlines.mobile/.core.util.SwaNetworkBroadcastReceiver
09-04 17:34:06.749  6535  6535 E ActivityThread: Failed to find provider info for com.facebook.katana.provider.AttributionIdProvider
09-04 17:34:06.768   914  2320 I ActivityManager: Killing 5340:com.google.android.apps.docs/u0a60 (adj 906): empty #17
09-04 17:34:06.796  6535  6595 E ActivityThread: Failed to find provider info for com.facebook.katana.provider.AttributionIdProvider
09-04 17:34:53.192   914  2396 I ActivityManager: Killing 5598:com.ted.android/u0a183 (adj 906): empty #17
09-04 17:35:00.836   914  2396 I ActivityManager: Start proc 6681:com.tivophone.android/u0a132 for broadcast com.tivophone.android/com.tivo.net.NetworkStatusMonitor
09-04 17:35:00.838   914  1625 I ActivityManager: Killing 5636:com.android.mtp/u0a14 (adj 906): empty #17
09-04 17:35:01.762   914  9548 I ActivityManager: Start proc 6715:com.tripit/u0a207 for broadcast com.tripit/.activity.ConnectivityReceiver
09-04 17:35:01.766   914  9548 I ActivityManager: Killing 5655:com.hp.android.printservice/u0a158 (adj 906): empty #17
09-04 17:35:03.731   914  9548 I ActivityManager: Start proc 6768:com.android.chrome:sandboxed_process0/u0i47 for webview_service com.tripit/org.chromium.content.app.SandboxedProcessService0
09-04 17:35:04.273   914   949 I ActivityManager: Start proc 6801:com.ridecell.platform.leonidas.google/u10a322 for broadcast com.ridecell.platform.leonidas.google/com.ridecell.platform.receivers.NetworkStateReceiver
09-04 17:35:06.861   914  1625 I ActivityManager: Killing 5725:android.process.media/u0a14 (adj 906): empty #17
09-04 17:35:06.862   914  1625 I ActivityManager: Killing 5707:com.android.mtp/u10a14 (adj 906): empty #18
09-04 17:35:09.464   914  2396 I ActivityManager: Killing 5744:android.process.media/u10a14 (adj 906): empty #17
09-04 17:35:09.830   914  1625 I ActivityManager: Killing 6107:com.google.android.talk/u10a73 (adj 906): empty #17
09-04 17:36:04.904   914  1169 I PowerManagerService: Waking up from dozing (uid 1000)...
09-04 17:36:04.951   914   971 I DisplayPowerController: Blocking screen on until initial contents have been drawn.
09-04 17:36:04.957   914   969 I DisplayManagerService: Display device changed state: "Built-in Screen", ON
09-04 17:36:05.048   914   971 I DisplayPowerController: Unblocked screen on after 98 ms
09-04 17:36:05.131   914  5067 W ActivityManager: Permission Denial: Accessing service ComponentInfo{com.google.android.music/com.google.android.music.dial.DialMediaRouteProviderService} from pid=2214, uid=10019 that is not exported from uid 10078
09-04 17:36:05.162   914  9547 D ConnectivityService: Returning unblocked NetworkInfo to uid=10087
09-04 17:36:05.169   914  1917 W PowerManagerService: Screen on took 400 ms
09-04 17:36:05.171   914   971 I DreamManagerService: Gently waking up from dream.
09-04 17:36:05.171   914   967 I DreamManagerService: Performing gentle wake from dream.
09-04 17:36:05.172   914  1917 I DreamManagerService: Leaving dreamland.
09-04 17:36:05.172   914   967 I DreamManagerService: Performing gentle wake from dream.
09-04 17:36:05.172   914   967 I DreamController: Stopping dream: name=ComponentInfo{com.android.systemui/com.android.systemui.doze.DozeService}, isTest=false, canDoze=true, userId=0
09-04 17:36:08.700   914   914 I ActivityManager: Start proc 6917:com.twitter.android/u0a253 for service com.twitter.android/.client.NotificationService
09-04 17:36:09.018   914  2320 I ActivityManager: Start proc 6937:com.android.chrome:sandboxed_process0/u0i48 for webview_service com.twitter.android/org.chromium.content.app.SandboxedProcessService0
09-04 17:36:09.726   914  9539 I ActivityManager: Start proc 7014:com.android.chrome:sandboxed_process15/u0i49 for webview_service com.android.chrome/org.chromium.content.app.SandboxedProcessService15
09-04 17:36:14.292   914  9539 D ConnectivityService: Returning unblocked NetworkInfo to uid=10455
09-04 17:36:17.675   914   914 W JobServiceContext: 70094f7 #u0a253/1003 com.twitter.android/com.twitter.library.platform.TwitterDataSyncService
09-04 17:36:17.682   914  9539 I ActivityManager: Killing 6293:com.android.connectivity.metrics/u10a9 (adj 906): empty #17
09-04 17:36:17.682   914  9539 I ActivityManager: Killing 6275:com.android.carrierconfig/u10a20 (adj 906): empty #18
09-04 17:36:19.233   914  1626 I ActivityManager: Killing 5947:com.google.corp.huddle.android/u10a311 (adj 906): empty #17
09-04 17:36:19.768   914   948 I ActivityManager: Start proc 7071:com.google.corp.huddle.android/u10a311 for service com.google.corp.huddle.android/.services.HuddleSyncService
09-04 17:36:20.393   914  9539 I ActivityManager: Killing 6309:com.google.android.apps.photos/u10a83 (adj 906): empty #17
09-04 17:36:24.335   914   914 V FingerprintService: onAuthenticated(owner=com.android.systemui, id=-416289501, gp=0)
09-04 17:36:24.342   914   914 V FingerprintService: Done with client: com.android.systemui
09-04 17:36:24.353   914   914 V FingerprintService: startAuthentication(com.android.systemui)
09-04 17:36:24.353   914   914 V FingerprintService: starting client AuthenticationClient(com.android.systemui), initiatedByClient = true)
09-04 17:36:24.388   914   914 W FingerprintService: client com.android.systemui is authenticating...
09-04 17:36:24.609   914   914 V FingerprintService: stop client com.android.systemui
09-04 17:36:24.636   914   914 W FingerprintService: client com.android.systemui is no longer authenticating
09-04 17:36:24.639   914   914 V FingerprintService: Done with client: com.android.systemui
09-04 17:36:24.639   914   914 V FingerprintService: handleError(client=com.android.systemui, error = 5)
09-04 17:36:24.745   914  5067 I ActivityManager: Start proc 7137:com.google.android.apps.emergencyassist/u0a258 for broadcast com.google.android.apps.emergencyassist/.DeviceMonitorBroadcastReceiver
09-04 17:36:24.865   914  5068 D ConnectivityService: Returning unblocked NetworkInfo to uid=10238
09-04 17:36:25.689   914  2396 I ActivityManager: Killing 6341:com.google.android.ims/u10a284 (adj 906): empty #17
09-04 17:36:32.975   914  9548 I ActivityManager: Killing 6382:com.google.android.partnersetup/u10a27 (adj 906): empty #17
09-04 17:36:35.160   914  1168 I ActivityManager: START u0 {act=android.intent.action.MAIN cat=[android.intent.category.HOME] flg=0x10200000 cmp=com.google.android.apps.nexuslauncher/.NexusLauncherActivity (has extras)} from uid 1000
09-04 17:36:48.090   914  1626 I ActivityManager: Killing 5990:com.google.android.gms.unstable/u10a19 (adj 906): empty #17
09-04 17:37:08.114   914   948 I ActivityManager: Start proc 7244:com.google.android.gm/u10a87 for service com.google.android.gm/.provider.MailSyncAdapterService
09-04 17:37:08.303  7244  7262 D ActivityThread: Loading provider com.google.android.gmail.provider;com.android.mail.notifier;com.google.android.gm.email.provider;com.google.android.gm.tasks.provider;com.google.android.gm.email.notifier: com.android.email.provider.EmailProvider
09-04 17:37:08.673   914  2396 W ActivityManager: Unable to start service Intent { cmp=com.google.android.gm.exchange/com.android.exchange.service.EasService } U=10: not found
09-04 17:37:08.829   914  1917 W ActivityManager: Unable to start service Intent { cmp=com.google.android.gm/com.android.email.service.AttachmentService } U=10: not found
09-04 17:37:08.869   914  9547 W ActivityManager: Unable to start service Intent { cmp=com.google.android.gm.exchange/com.android.exchange.service.EasService } U=10: not found
09-04 17:37:32.142   914  2396 D ConnectivityService: Returning unblocked NetworkInfo to uid=10098
09-04 17:37:41.052   914  9547 I ActivityManager: Killing 6467:com.android.providers.calendar/u0a5 (adj 906): empty #17
09-04 17:38:35.157   914   971 I PowerManagerService: Going to sleep due to screen timeout (uid 1000)...
09-04 17:38:35.211   914   914 V FingerprintService: startAuthentication(com.android.systemui)
09-04 17:38:35.211   914   914 V FingerprintService: starting client AuthenticationClient(com.android.systemui), initiatedByClient = true)
09-04 17:38:35.227   914   914 W FingerprintService: client com.android.systemui is authenticating...
09-04 17:38:35.683   914   971 I DisplayPowerController: Blocking screen off
09-04 17:38:35.691   914   971 I DisplayPowerController: Unblocked screen off after 9 ms
09-04 17:38:35.810   914   969 I DisplayManagerService: Display device changed state: "Built-in Screen", OFF
09-04 17:38:35.836   914   971 I DreamManagerService: Entering dreamland.
09-04 17:38:35.837   914   967 I DreamController: Starting dream: name=ComponentInfo{com.android.systemui/com.android.systemui.doze.DozeService}, isTest=false, canDoze=true, userId=0
09-04 17:38:35.839   914   971 I PowerManagerService: Dozing...
09-04 17:39:07.675   914   914 I ActivityManager: Start proc 7332:com.google.android.partnersetup/u10a27 for service com.google.android.partnersetup/.InstalledAppJobService
09-04 17:39:07.696   914   914 I ActivityManager: Start proc 7345:com.google.android.partnersetup/u0a27 for service com.google.android.partnersetup/.InstalledAppJobService
09-04 17:40:14.442   914  1917 D ConnectivityService: Returning unblocked NetworkInfo to uid=10077
09-04 17:41:11.002   914  5069 I ActivityManager: Start proc 7410:com.google.android.videos/u0a93 for service com.google.android.videos/.service.drm.RefreshLicenseTaskService
09-04 17:41:11.562   914  5069 W ActivityManager: Background start not allowed: service Intent { cmp=com.google.android.videos/.service.pinning.TransferService (has extras) } to com.google.android.videos/.service.pinning.TransferService from pid=7410 uid=10093 pkg=com.google.android.videos
09-04 17:42:55.713   914   948 I ActivityManager: Start proc 7474:com.google.android.calendar/u10a53 for service com.google.android.calendar/com.google.android.syncadapters.calendar.CalendarSyncAdapterService
09-04 17:42:55.742   914   948 I ActivityManager: Start proc 7488:com.google.android.calendar/u0a53 for service com.google.android.calendar/com.google.android.syncadapters.calendar.CalendarSyncAdapterService
09-04 17:42:55.934   914  2320 I ActivityManager: Start proc 7521:com.android.providers.calendar/u0a5 for content provider com.android.providers.calendar/.CalendarProvider2
09-04 17:42:55.950   914  9544 I ActivityManager: Start proc 7529:com.android.providers.calendar/u10a5 for content provider com.android.providers.calendar/.CalendarProvider2
09-04 17:42:57.202   914  1620 I ActivityManager: Killing 6611:com.southwestairlines.mobile/u0a166 (adj 906): empty #17
09-04 17:42:58.863   914  9544 I ActivityManager: Killing 6681:com.tivophone.android/u0a132 (adj 906): empty #17
09-04 17:42:59.373   914  1620 I ActivityManager: Killing 6768:com.android.chrome:sandboxed_process0/u0a207i47 (adj 906): empty #17
09-04 17:42:59.390   914  9544 W ActivityManager: Scheduling restart of crashed service com.tripit/org.chromium.content.app.SandboxedProcessService0 in 1000ms
09-04 17:42:59.459   914  1620 I ActivityManager: Process com.tripit (pid 6715) has died: cch+6CEM 
09-04 17:42:59.460   914  2310 D ConnectivityService: ConnectivityService NetworkRequestInfo binderDied(NetworkRequest [ LISTEN id=113, [ Capabilities: INTERNET&NOT_RESTRICTED&TRUSTED&FOREGROUND] ], android.os.BinderProxy@3b4e0d6)
09-04 17:42:59.461   914  1917 D ConnectivityService: ConnectivityService NetworkRequestInfo binderDied(NetworkRequest [ LISTEN id=114, [ Capabilities: INTERNET&NOT_RESTRICTED&TRUSTED&FOREGROUND] ], android.os.BinderProxy@c091f57)
09-04 17:42:59.461   914  1185 E ConnectivityService: RemoteException caught trying to send a callback msg for NetworkRequest [ LISTEN id=113, [ Capabilities: INTERNET&NOT_RESTRICTED&TRUSTED&FOREGROUND] ]
09-04 17:42:59.463   914  1185 E ConnectivityService: RemoteException caught trying to send a callback msg for NetworkRequest [ LISTEN id=114, [ Capabilities: INTERNET&NOT_RESTRICTED&TRUSTED&FOREGROUND] ]
09-04 17:43:37.668   914   928 W BroadcastQueue: Background execution not allowed: receiving Intent { act=android.intent.action.PROVIDER_CHANGED dat=content://com.android.calendar flg=0x20000014 (has extras) } to com.google.android.calendar/.alerts.AlertReceiver
09-04 17:43:37.668   914   949 W BroadcastQueue: Background execution not allowed: receiving Intent { act=android.intent.action.PROVIDER_CHANGED dat=content://com.android.calendar flg=0x20000014 (has extras) } to com.google.android.calendar/com.android.calendar.widget.CalendarAppWidgetProvider
09-04 17:43:37.669   914   949 W BroadcastQueue: Background execution not allowed: receiving Intent { act=android.intent.action.PROVIDER_CHANGED dat=content://com.android.calendar flg=0x20000014 (has extras) } to com.google.android.calendar/.widgetmonth.model.MonthViewWidgetModelRefresher
09-04 17:43:37.677   914   954 E BatteryStatsService: modem info is invalid: ModemActivityInfo{ mTimestamp=11353456 mSleepTimeMs=36618 mIdleTimeMs=-99 mTxTimeMs[]=[134, 44, 16, 54, 11] mRxTimeMs=5386 mEnergyUsed=0}
09-04 17:43:37.697   914  1917 I ActivityManager: Start proc 7667:com.waze/u0a225 for broadcast com.waze/.CalendarChangeReceiver
09-04 17:43:37.736   914  1620 D ConnectivityService: Returning blocked NetworkInfo to uid=10455
09-04 17:43:39.403   914  9539 I ActivityManager: Start proc 7691:com.google.android.gms.unstable/u10a19 for service com.google.android.gms/.droidguard.DroidGuardService
09-04 17:44:04.698   914   949 W ProcessCpuTracker: Skipping unknown process pid 7723
09-04 17:44:10.122   914   949 W ProcessCpuTracker: Skipping unknown process pid 7725
09-04 17:44:38.650   914  1620 I ActivityManager: Killing 6801:com.ridecell.platform.leonidas.google/u10a322 (adj 906): empty #17
09-04 17:44:38.713   914   949 W ProcessCpuTracker: Skipping unknown process pid 7736
09-04 17:46:05.477   914  9539 I ActivityManager: Killing 7071:com.google.corp.huddle.android/u10a311 (adj 906): empty #17
09-04 17:46:05.478   914  9539 I ActivityManager: Killing 7137:com.google.android.apps.emergencyassist/u0a258 (adj 906): empty #18
09-04 17:46:05.523   914  1483 D ConnectivityService: ConnectivityService NetworkRequestInfo binderDied(NetworkRequest [ LISTEN id=117, [ Capabilities: INTERNET&NOT_RESTRICTED&TRUSTED&FOREGROUND] ], android.os.BinderProxy@d284aad)
09-04 17:46:05.525   914  1185 E ConnectivityService: RemoteException caught trying to send a callback msg for NetworkRequest [ LISTEN id=117, [ Capabilities: INTERNET&NOT_RESTRICTED&TRUSTED&FOREGROUND] ]
09-04 17:47:11.646   914  1620 I ActivityManager: Killing 6937:com.android.chrome:sandboxed_process0/u0a253i48 (adj 906): empty #17
09-04 17:47:11.689   914  1620 W ActivityManager: Scheduling restart of crashed service com.twitter.android/org.chromium.content.app.SandboxedProcessService0 in 1000ms
09-04 17:47:42.377   914   949 W ProcessCpuTracker: Skipping unknown process pid 7774
09-04 17:48:31.971   914   971 I DisplayPowerController: Blocking screen on until initial contents have been drawn.
09-04 17:48:31.973   914   969 I DisplayManagerService: Display device changed state: "Built-in Screen", DOZE
09-04 17:48:32.003   914  1169 I PowerManagerService: Waking up from dozing (uid 1000)...
09-04 17:48:32.065   914   971 I DisplayPowerController: Unblocked screen on after 94 ms
09-04 17:48:32.204   914   969 I DisplayManagerService: Display device changed state: "Built-in Screen", ON
09-04 17:48:32.225   914   971 W PowerManagerService: Screen on took 226 ms
09-04 17:48:32.225   914   971 I DreamManagerService: Gently waking up from dream.
09-04 17:48:32.225   914   967 I DreamManagerService: Performing gentle wake from dream.
09-04 17:48:32.225   914  5068 I DreamManagerService: Leaving dreamland.
09-04 17:48:32.226   914   967 I DreamManagerService: Performing gentle wake from dream.
09-04 17:48:32.226   914   967 I DreamController: Stopping dream: name=ComponentInfo{com.android.systemui/com.android.systemui.doze.DozeService}, isTest=false, canDoze=true, userId=0
09-04 17:48:34.299   914   914 V FingerprintService: onAuthenticated(owner=com.android.systemui, id=-416289501, gp=0)
09-04 17:48:34.305   914   914 V FingerprintService: Done with client: com.android.systemui
09-04 17:48:34.317   914   914 V FingerprintService: startAuthentication(com.android.systemui)
09-04 17:48:34.317   914   914 V FingerprintService: starting client AuthenticationClient(com.android.systemui), initiatedByClient = true)
09-04 17:48:34.339   914   914 W FingerprintService: client com.android.systemui is authenticating...
09-04 17:48:34.740   914   914 V FingerprintService: stop client com.android.systemui
09-04 17:48:34.865   914   914 W FingerprintService: client com.android.systemui is no longer authenticating
09-04 17:48:34.867   914   914 V FingerprintService: Done with client: com.android.systemui
09-04 17:48:34.868   914   914 V FingerprintService: handleError(client=com.android.systemui, error = 5)
09-04 17:48:34.961   914   928 I ActivityManager: Start proc 7838:com.google.android.apps.emergencyassist/u0a258 for broadcast com.google.android.apps.emergencyassist/.DeviceMonitorBroadcastReceiver
09-04 17:48:35.349   914  9548 D ConnectivityService: Returning unblocked NetworkInfo to uid=10455
09-04 17:48:35.951   914  2310 I ActivityManager: Start proc 7891:android.process.media/u0a14 for content provider com.android.providers.downloads/.DownloadProvider
09-04 17:48:40.072   914  5068 I ActivityManager: START u0 {act=android.intent.action.MAIN cat=[android.intent.category.LAUNCHER] flg=0x10200000 cmp=com.google.android.apps.maps/com.google.android.maps.MapsActivity bnds=[318,915][585,1222]} from uid 10032
09-04 17:48:48.106   914   967 W RemoteFillService: Not handling { when=-4ms what=3 target=com.android.internal.os.HandlerCaller$MyHandler } as service for ComponentInfo{com.google.android.gms/com.google.android.gms.autofill.service.AutofillService} is already destroyed
09-04 17:48:50.857   914  1620 I ActivityManager: Start proc 7985:com.google.android.tts/u0a70 for service com.google.android.tts/.service.GoogleTTSService
09-04 17:48:51.531   914  1917 I ActivityManager: START u0 {act=android.intent.action.DIAL dat=tel:xxxxxxxxxxxxx cmp=com.google.android.dialer/com.google.android.apps.dialer.extensions.GoogleDialtactsActivity} from uid 10077
09-04 17:48:51.626   914  1917 I ActivityManager: Start proc 8016:com.google.android.dialer/u0a22 for activity com.google.android.dialer/com.google.android.apps.dialer.extensions.GoogleDialtactsActivity
09-04 17:48:51.727   914  1917 W ActivityManager: Slow operation: 66ms so far, now at attachApplicationLocked: after mServices.attachApplicationLocked
09-04 17:48:51.899   914   927 I ActivityManager: Start proc 8043:com.google.android.gms.feedback/u0a19 for service com.google.android.gms/.feedback.FeedbackService
09-04 17:48:52.042   914   927 I Telecom : PhoneAccountRegistrar: SimCallManager queried, returning: null: TSI.gSCM@AT8
09-04 17:48:52.157   914  1620 I ActivityManager: Start proc 8072:android.process.acore/u0a4 for content provider com.android.providers.contacts/.ContactsProvider2
09-04 17:48:52.979   914  5064 I ActivityManager: Start proc 8109:com.google.android.apps.messaging/u0a85 for service com.google.android.apps.messaging/.shared.enrichedcall.EnrichedCallHistoryService
09-04 17:48:54.030   914  5064 D MmsServiceBroker: getCarrierConfigValues() by com.google.android.apps.messaging
09-04 17:48:54.095   914  5064 D MmsServiceBroker: getCarrierConfigValues() by com.google.android.apps.messaging
09-04 17:48:54.144   914  9539 D MmsServiceBroker: getCarrierConfigValues() by com.google.android.apps.messaging
09-04 17:48:54.217   914   914 I Telecom : CallIntentProcessor: onReceive - isUnknownCall: false: PCR.oR@AWk
09-04 17:48:54.231   914   914 I Telecom : LogUtils: EventRecord added as Call: [TC@1, NEW, null, tel:** ***-***-****, A, childs(0), has_parent(false), [Capabilities:], [Properties:]]: PCR.oR@AWk
09-04 17:48:54.231   914   914 I Telecom : Event: RecordEntry TC@1: CREATED, null: PCR.oR@AWk
09-04 17:48:54.232   914   914 I Telecom : Event: RecordEntry TC@1: SET_CONNECTING, ComponentInfo{com.android.phone/com.android.services.telephony.TelephonyConnectionService}, [****], UserHandle{0}: PCR.oR@AWk
09-04 17:48:54.233   914   914 I Telecom : TelecomWakeLock: WakeLock already released with id: 26: PCR.oR@AWk
09-04 17:48:54.233   914   914 I Telecom : InCallWakeLockController: Releasing full wake lock: PCR.oR@AWk
09-04 17:48:54.234   914   914 I Telecom : InCallController: onCallAdded: [TC@1, CONNECTING, null, tel:** ***-***-****, A, childs(0), has_parent(false), [Capabilities:], [Properties:]]; not bound or connected.: PCR.oR@AWk
09-04 17:48:54.234   914   914 I Telecom : InCallController: defaultDialer: null: PCR.oR@AWk
09-04 17:48:54.234   914   914 I Telecom : InCallController: defaultDialer: null: PCR.oR@AWk
09-04 17:48:54.235   914   914 I Telecom : CarSwappingInCallServiceConnection: carmodechange: false => false: PCR.oR@AWk
09-04 17:48:54.241   914   914 I Telecom : EmergencyCallHelper: ShouldGrantTemporaryLocationPermission, disabled by config: PCR.oR@AWk
09-04 17:48:54.242   914   914 I Telecom : EmergencyInCallServiceConnection: Attempting to bind to InCall [ComponentInfo{com.google.android.dialer/com.android.incallui.InCallServiceImpl} supportsExternal? true supportsSelfMg?false], with Intent { act=android.telecom.InCallService cmp=com.google.android.dialer/com.android.incallui.InCallServiceImpl (has extras) }: PCR.oR@AWk
09-04 17:48:54.246   914  1739 I Telecom : CallAudioRouteStateMachine: Message received: UPDATE_SYSTEM_AUDIO_ROUTE=1201, arg1=0: PCR.oR->CARSM.pM_UPDATE_SYSTEM_AUDIO_ROUTE@AWk
09-04 17:48:54.247   914   914 I Telecom : BluetoothPhoneService: updateHeadsetWithCallState numActive 0, numHeld 0, callState 2, ringing number [****], ringing type 128: PCR.oR@AWk
09-04 17:48:54.247   914  1744 I Telecom : CallAudioModeStateMachine: Message received: NEW_ACTIVE_OR_DIALING_CALL.: PCR.oR->CAMSM.pM_2001@AWk
09-04 17:48:54.247   914  1744 I Telecom : CallAudioModeStateMachine: Audio focus entering SIM CALL state: PCR.oR->CAMSM.pM_2001@AWk
09-04 17:48:54.249   914   914 I Telecom : BluetoothPhoneService: updateHeadsetWithCallState numActive 0, numHeld 0, callState 3, ringing number [****], ringing type 128: PCR.oR@AWk
09-04 17:48:54.255   914   914 I Telecom : IncomingCallNotifier: updateIncomingCall: foundIncomingcall = null: PCR.oR@AWk
09-04 17:48:54.267   914   914 I Telecom : NewOutgoingCallIntentBroadcaster: Sending NewOutgoingCallBroadcast for [TC@1, CONNECTING, null, tel:** ***-***-****, A, childs(0), has_parent(false), [Capabilities:], [Properties:]] to UserHandle{0}: PCR.oR@AWk
09-04 17:48:54.270   914  1739 I Telecom : CallAudioRouteStateMachine: setSystemAudioState: changing from [AudioState isMuted: false, route: EARPIECE, supportedRouteMask: EARPIECE, SPEAKER] to [AudioState isMuted: false, route: EARPIECE, supportedRouteMask: EARPIECE, SPEAKER]: PCR.oR->CARSM.pM_UPDATE_SYSTEM_AUDIO_ROUTE@AWk
09-04 17:48:54.297   914   914 I ActivityManager: Start proc 8169:com.google.android.apps.googlevoice/u0a171 for broadcast com.google.android.apps.googlevoice/com.google.android.apps.voice.proxynumbers.calling.receiver.CallInterceptor_Receiver
09-04 17:48:54.305   914   914 I Telecom : TelecomSystem: CallerInfoAsyncQuery.startQuery number=[****] cookie=PCR.oR->CILH.sL->CILH.sL@AWk: PCR.oR->CILH.sL@AWk
09-04 17:48:54.330   914  9548 I ActivityManager: START u0 {act=android.intent.action.MAIN flg=0x10040000 cmp=com.google.android.dialer/com.android.incallui.InCallActivity (has extras)} from uid 10022
09-04 17:48:54.372   914   914 I Telecom : InCallController: onConnected to ComponentInfo{com.google.android.dialer/com.android.incallui.InCallServiceImpl}: ICSBC.oSC@AWw
09-04 17:48:54.384   914   914 I Telecom : InCallController: Adding 1 calls to InCallService after onConnected: ComponentInfo{com.google.android.dialer/com.android.incallui.InCallServiceImpl}, including external calls: ICSBC.oSC@AWw
09-04 17:48:54.410   914  1739 I Telecom : CallAudioRouteStateMachine: Message received: SWITCH_FOCUS=4001, arg1=2: PCR.oR->CAMSM.pM_2001->CARSM.pM_SWITCH_FOCUS@AWk
09-04 17:48:54.410   914  1739 I Telecom : Event: RecordEntry TC@1: AUDIO_ROUTE, Leaving state QuiescentEarpieceRoute: PCR.oR->CAMSM.pM_2001->CARSM.pM_SWITCH_FOCUS@AWk
09-04 17:48:54.410   914  1739 I Telecom : Event: RecordEntry TC@1: AUDIO_ROUTE, Entering state ActiveEarpieceRoute: PCR.oR->CAMSM.pM_2001->CARSM.pM_SWITCH_FOCUS@AWk
09-04 17:48:54.412   914  1151 I WindowManager: Failed to capture screenshot of Token{d3fda6 ActivityRecord{ae81b01 u0 com.google.android.dialer/com.google.android.apps.dialer.extensions.GoogleDialtactsActivity t10762}} appWin=Window{ee6bb53 u0 com.google.android.dialer/com.google.android.apps.dialer.extensions.GoogleDialtactsActivity} drawState=4
09-04 17:48:54.413   914  3683 D CountryDetector: The first listener is added
09-04 17:48:54.417   914   914 I Telecom : InCallController: 1 calls sent to InCallService.: ICSBC.oSC@AWw
09-04 17:48:54.418   914  1739 I Telecom : CallAudioRouteStateMachine: setSystemAudioState: changing from [AudioState isMuted: false, route: EARPIECE, supportedRouteMask: EARPIECE, SPEAKER] to [AudioState isMuted: false, route: EARPIECE, supportedRouteMask: EARPIECE, SPEAKER]: PCR.oR->CAMSM.pM_2001->CARSM.pM_SWITCH_FOCUS@AWk
09-04 17:48:54.418   914  1739 I Telecom : InCallController: Calling onAudioStateChanged, audioState: [AudioState isMuted: false, route: EARPIECE, supportedRouteMask: EARPIECE, SPEAKER] -> [AudioState isMuted: false, route: EARPIECE, supportedRouteMask: EARPIECE, SPEAKER]: PCR.oR->CAMSM.pM_2001->CARSM.pM_SWITCH_FOCUS@AWk
09-04 17:48:54.465   914  3683 I ActivityManager: Start proc 8189:android.process.acore/u10a4 for content provider com.android.providers.contacts/.ContactsProvider2
09-04 17:48:55.104   914   914 I Telecom : NewOutgoingCallBroadcastIntentReceiver: Received new-outgoing-call-broadcast for [TC@1, CONNECTING, null, tel:** ***-***-****, A, childs(0), has_parent(false), [Capabilities:], [Properties:]] with data null: NOCBIR.oR@AYA
09-04 17:48:55.105   914   914 I Telecom : Event: RecordEntry TC@1: REQUEST_DISCONNECT, null: NOCBIR.oR@AYA
09-04 17:48:55.415   914   914 I Telecom : CallerInfoLookupHelper: CI query for handle tel:** ***-***-**** has completed; notifying all listeners.: PCR.oR->CILH.sL->CILH.oQC@AWk
09-04 17:48:55.415   914   914 I Telecom : Call: CallerInfo received for tel:** ***-***-****: com.android.internal.telephony.CallerInfo@9f285e6 { name null, phoneNumber non-null }: PCR.oR->CILH.sL->CILH.oQC@AWk
09-04 17:48:55.416   914   914 I Telecom : CallerInfoLookupHelper: There is no photo for this contact, skipping photo query: PCR.oR->CILH.sL->CILH.oQC@AWk
09-04 17:48:55.605   914   914 I Telecom : : Delayed disconnection of call: [TC@1, CONNECTING, null, tel:** ***-***-****, A, childs(0), has_parent(false), [Capabilities:], [Properties:]]: NOCBIR.oR->CM.oCVNOCB@AYA
09-04 17:48:55.605   914   914 I Telecom : Event: RecordEntry TC@1: REQUEST_DISCONNECT, null: NOCBIR.oR->CM.oCVNOCB@AYA
09-04 17:48:55.606   914   914 I Telecom : CallsManager: setCallState CONNECTING -> DISCONNECTED, call: [TC@1, CONNECTING, null, tel:** ***-***-****, A, childs(0), has_parent(false), [Capabilities:], [Properties:]]: NOCBIR.oR->CM.oCVNOCB@AYA
09-04 17:48:55.609   914   914 I Telecom : Event: RecordEntry TC@1: SET_DISCONNECTED, disconnected set explicitly> DisconnectCause [ Code: (CANCELED) Label: () Description: () Reason: () Tone: (-1) ]: NOCBIR.oR->CM.oCVNOCB@AYA
09-04 17:48:55.609   914   914 I Telecom : InCallController: onCanAddCallChanged : true: NOCBIR.oR->CM.oCVNOCB@AYA
09-04 17:48:55.610   914   914 I Telecom : TelecomWakeLock: WakeLock already released with id: 26: NOCBIR.oR->CM.oCVNOCB@AYA
09-04 17:48:55.610   914   914 I Telecom : InCallWakeLockController: Releasing full wake lock: NOCBIR.oR->CM.oCVNOCB@AYA
09-04 17:48:55.610   914   914 I Telecom : InCallController: Sending updateCall [TC@1, DISCONNECTED, null, tel:** ***-***-****, A, childs(0), has_parent(false), [Capabilities:], [Properties:]]: NOCBIR.oR->CM.oCVNOCB@AYA
09-04 17:48:55.610   914  9548 I ActivityManager: START u0 {flg=0x10010000 cmp=com.google.android.apps.googlevoice/com.google.android.apps.voice.proxynumbers.calling.PlaceProxyCallActivity (has extras)} from uid 10171
09-04 17:48:55.617   914   914 I Telecom : InCallController: Components updated: [ComponentInfo{com.google.android.dialer/com.android.incallui.InCallServiceImpl}]: NOCBIR.oR->CM.oCVNOCB@AYA
09-04 17:48:55.618   914  1739 I Telecom : CallAudioRouteStateMachine: Message received: UPDATE_SYSTEM_AUDIO_ROUTE=1201, arg1=0: NOCBIR.oR->CM.oCVNOCB->CARSM.pM_UPDATE_SYSTEM_AUDIO_ROUTE@AYA
09-04 17:48:55.624   914   914 I Telecom : BluetoothPhoneService: updateHeadsetWithCallState numActive 0, numHeld 0, callState 6, ringing number [****], ringing type 128: NOCBIR.oR->CM.oCVNOCB@AYA
09-04 17:48:55.624   914  1744 I Telecom : CallAudioModeStateMachine: Message received: NO_MORE_ACTIVE_OR_DIALING_CALLS.: NOCBIR.oR->CM.oCVNOCB->CAMSM.pM_1001@AYA
