09-04 18:09:58.785   914  9539 D ConnectivityService: ConnectivityService NetworkRequestInfo binderDied(NetworkRequest [ LISTEN id=133, [ Capabilities: INTERNET&NOT_RESTRICTED&TRUSTED&FOREGROUND] ], android.os.BinderProxy@31b97a7)
09-04 18:09:58.785   914  9547 D ConnectivityService: ConnectivityService NetworkRequestInfo binderDied(NetworkRequest [ LISTEN id=132, [ Capabilities: INTERNET&NOT_RESTRICTED&TRUSTED&FOREGROUND] ], android.os.BinderProxy@d1ea454)
09-04 18:09:58.792   914  1185 E ConnectivityService: RemoteException caught trying to send a callback msg for NetworkRequest [ LISTEN id=133, [ Capabilities: INTERNET&NOT_RESTRICTED&TRUSTED&FOREGROUND] ]
09-04 18:09:58.800   914  1185 E ConnectivityService: RemoteException caught trying to send a callback msg for NetworkRequest [ LISTEN id=132, [ Capabilities: INTERNET&NOT_RESTRICTED&TRUSTED&FOREGROUND] ]
09-04 18:09:58.804 14655 14655 I cr_ChildProcessService: Destroying ChildProcessService pid=14655
09-04 18:09:58.804   914  1483 I ActivityManager: Killing 14655:com.android.chrome:sandboxed_process0/u0a207i53 (adj 0): isolated not needed
09-04 18:09:58.903   914   951 W zygote64: failed to open /acct/uid_99053/pid_14655/cgroup.procs: No such file or directory
09-04 18:09:58.929  7503  7503 I WearableService: Wearable Services stopping
09-04 18:09:59.063  1268  1268 D HeadsetPhoneState: sendDeviceStateChanged. mService=1 mSignal=4 mRoam=0 mBatteryCharge=4
09-04 18:09:59.233   664 15224 E mm-camera: <ISP   ><ERROR> 227: isp_hw_update_util_request_reg_update: Warning! reg_cmd ioctl happened on frame boundary
09-04 18:09:59.240 26639 26658 I chatty  : uid=10467(u0_a467) com.google.tango expire 124 lines
09-04 18:09:59.541   707   842 I ThermalEngine: vs_get_temperature: read[0] tsens_tz_sensor15 61000 mC, weight[0] 1
09-04 18:09:59.541   707   842 I ThermalEngine: vs_get_temperature: read[1] tsens_tz_sensor0 62000 mC, weight[1] -1
09-04 18:09:59.752 13822 13839 E Diag_Lib: [IMS_FATAL]| 13839 |qpCheckSockEventsOnNetConnProfiles : pNetConnProfileArray NULL
09-04 18:09:59.752 13822 13839 E Diag_Lib: [IMS_FATAL]| 13839 |qpNetSetReadFds - MLL socket not available
09-04 18:09:59.752 13822 13839 E Diag_Lib: [IMS_FATAL]| 13839 |qpNetSetReadFds - DataD IPC socket not available
09-04 18:10:00.287   914   923 I zygote64: Background concurrent copying GC freed 85042(3MB) AllocSpace objects, 8(176KB) LOS objects, 42% free, 29MB/50MB, paused 398us total 492.714ms
09-04 18:10:00.543   707   842 I ThermalEngine: vs_get_temperature: read[0] tsens_tz_sensor15 60000 mC, weight[0] 1
09-04 18:10:00.543   707   842 I ThermalEngine: vs_get_temperature: read[1] tsens_tz_sensor0 62000 mC, weight[1] -1
09-04 18:10:01.544   707   842 I ThermalEngine: vs_get_temperature: read[0] tsens_tz_sensor15 60000 mC, weight[0] 1
09-04 18:10:01.545   707   842 I ThermalEngine: vs_get_temperature: read[1] tsens_tz_sensor0 61000 mC, weight[1] -1
09-04 18:10:01.754 13822 13839 E Diag_Lib: [IMS_FATAL]| 13839 |qpCheckSockEventsOnNetConnProfiles : pNetConnProfileArray NULL
09-04 18:10:01.754 13822 13839 E Diag_Lib: [IMS_FATAL]| 13839 |qpNetSetReadFds - MLL socket not available
09-04 18:10:01.754 13822 13839 E Diag_Lib: [IMS_FATAL]| 13839 |qpNetSetReadFds - DataD IPC socket not available
09-04 18:10:02.546   707   842 I ThermalEngine: vs_get_temperature: read[0] tsens_tz_sensor15 59000 mC, weight[0] 1
09-04 18:10:02.546   707   842 I ThermalEngine: vs_get_temperature: read[1] tsens_tz_sensor0 61000 mC, weight[1] -1
09-04 18:10:03.548   707   842 I ThermalEngine: vs_get_temperature: read[0] tsens_tz_sensor15 59000 mC, weight[0] 1
09-04 18:10:03.548   707   842 I ThermalEngine: vs_get_temperature: read[1] tsens_tz_sensor0 60000 mC, weight[1] -1
09-04 18:10:03.756 13822 13839 E Diag_Lib: [IMS_FATAL]| 13839 |qpCheckSockEventsOnNetConnProfiles : pNetConnProfileArray NULL
09-04 18:10:03.757 13822 13839 E Diag_Lib: [IMS_FATAL]| 13839 |qpNetSetReadFds - MLL socket not available
09-04 18:10:03.757 13822 13839 E Diag_Lib: [IMS_FATAL]| 13839 |qpNetSetReadFds - DataD IPC socket not available
09-04 18:10:03.793   664 15224 E mm-camera: <ISP   ><ERROR> 227: isp_hw_update_util_request_reg_update: Warning! reg_cmd ioctl happened on frame boundary
09-04 18:10:04.550   707   842 I ThermalEngine: vs_get_temperature: read[0] tsens_tz_sensor15 59000 mC, weight[0] 1
09-04 18:10:04.550   707   842 I ThermalEngine: vs_get_temperature: read[1] tsens_tz_sensor0 60000 mC, weight[1] -1
09-04 18:10:05.551   707   842 I ThermalEngine: vs_get_temperature: read[0] tsens_tz_sensor15 59000 mC, weight[0] 1
09-04 18:10:05.551   707   842 I ThermalEngine: vs_get_temperature: read[1] tsens_tz_sensor0 61000 mC, weight[1] -1
09-04 18:10:05.760 13822 13839 E Diag_Lib: [IMS_FATAL]| 13839 |qpCheckSockEventsOnNetConnProfiles : pNetConnProfileArray NULL
09-04 18:10:05.761 13822 13839 E Diag_Lib: [IMS_FATAL]| 13839 |qpNetSetReadFds - MLL socket not available
09-04 18:10:05.763 13822 13839 E Diag_Lib: [IMS_FATAL]| 13839 |qpNetSetReadFds - DataD IPC socket not available
09-04 18:10:06.553   707   842 I ThermalEngine: vs_get_temperature: read[0] tsens_tz_sensor15 59000 mC, weight[0] 1
09-04 18:10:06.553   707   842 I ThermalEngine: vs_get_temperature: read[1] tsens_tz_sensor0 61000 mC, weight[1] -1
09-04 18:10:07.177   671   671 E hw-IPCThreadState: binder thread pool (1 threads) starved for 234 ms
09-04 18:10:07.555   707   842 I ThermalEngine: vs_get_temperature: read[0] tsens_tz_sensor15 59000 mC, weight[0] 1
09-04 18:10:07.555   707   842 I ThermalEngine: vs_get_temperature: read[1] tsens_tz_sensor0 61000 mC, weight[1] -1
09-04 18:10:07.765 13822 13839 E Diag_Lib: [IMS_FATAL]| 13839 |qpCheckSockEventsOnNetConnProfiles : pNetConnProfileArray NULL
09-04 18:10:07.766 13822 13839 E Diag_Lib: [IMS_FATAL]| 13839 |qpNetSetReadFds - MLL socket not available
09-04 18:10:07.766 13822 13839 E Diag_Lib: [IMS_FATAL]| 13839 |qpNetSetReadFds - DataD IPC socket not available
09-04 18:10:07.848   914  1483 I ActivityManager: Killing 14257:com.android.printspooler/u0a88 (adj 906): empty #17
09-04 18:10:08.557   707   842 I ThermalEngine: vs_get_temperature: read[0] tsens_tz_sensor15 59000 mC, weight[0] 1
09-04 18:10:08.557   707   842 I ThermalEngine: vs_get_temperature: read[1] tsens_tz_sensor0 61000 mC, weight[1] -1
09-04 18:10:09.355   487   487 D SurfaceFlinger: Backpressure trigger, skipping transaction & refresh!
09-04 18:10:09.454 26639 26658 I chatty  : uid=10467(u0_a467) com.google.tango expire 113 lines
09-04 18:10:09.558   707   842 I ThermalEngine: vs_get_temperature: read[0] tsens_tz_sensor15 60000 mC, weight[0] 1
09-04 18:10:09.558   707   842 I ThermalEngine: vs_get_temperature: read[1] tsens_tz_sensor0 62000 mC, weight[1] -1
09-04 18:10:09.766 13822 13839 E Diag_Lib: [IMS_FATAL]| 13839 |qpCheckSockEventsOnNetConnProfiles : pNetConnProfileArray NULL
09-04 18:10:09.766 13822 13839 E Diag_Lib: [IMS_FATAL]| 13839 |qpNetSetReadFds - MLL socket not available
09-04 18:10:09.766 13822 13839 E Diag_Lib: [IMS_FATAL]| 13839 |qpNetSetReadFds - DataD IPC socket not available
09-04 18:10:10.560   707   842 I ThermalEngine: vs_get_temperature: read[0] tsens_tz_sensor15 59000 mC, weight[0] 1
09-04 18:10:10.560   707   842 I ThermalEngine: vs_get_temperature: read[1] tsens_tz_sensor0 61000 mC, weight[1] -1
09-04 18:10:11.533   707   849 I ThermalEngine: ACTION: CLUSTER - Setting CLUSTER[0] to 1286400
09-04 18:10:11.533   707   849 I ThermalEngine: ACTION: CLUSTER - Setting CLUSTER[1] to 1363200
09-04 18:10:11.562   707   842 I ThermalEngine: vs_get_temperature: read[0] tsens_tz_sensor15 59000 mC, weight[0] 1
09-04 18:10:11.563   707   842 I ThermalEngine: vs_get_temperature: read[1] tsens_tz_sensor0 61000 mC, weight[1] -1
09-04 18:10:11.769 13822 13839 E Diag_Lib: [IMS_FATAL]| 13839 |qpCheckSockEventsOnNetConnProfiles : pNetConnProfileArray NULL
09-04 18:10:11.769 13822 13839 E Diag_Lib: [IMS_FATAL]| 13839 |qpNetSetReadFds - MLL socket not available
09-04 18:10:11.769 13822 13839 E Diag_Lib: [IMS_FATAL]| 13839 |qpNetSetReadFds - DataD IPC socket not available
09-04 18:10:12.564   707   842 I ThermalEngine: vs_get_temperature: read[0] tsens_tz_sensor15 59000 mC, weight[0] 1
09-04 18:10:12.566   707   842 I ThermalEngine: vs_get_temperature: read[1] tsens_tz_sensor0 61000 mC, weight[1] -1
09-04 18:10:12.924   914  1483 I Telecom : PhoneAccountRegistrar: SimCallManager queried, returning: null: TSI.gSCM@A4E
09-04 18:10:12.946 14895 14895 I Babel_telephony: TeleModule.updateConnectionManagerRegistration, registration preference changed from false to false
09-04 18:10:12.947 14895 14895 W Babel_AcctMgr: gBA: invalid account id: -1
09-04 18:10:12.948 14895 14895 W Babel_AcctMgr: gBA: invalid account id: -1
09-04 18:10:12.948 14895 14895 I Babel_telephony: TeleModule.updateIncomingCallRegistration, preferred account for incoming calls changed from: null to null
09-04 18:10:12.958   914  1483 I Telecom : PhoneAccountRegistrar: SimCallManager queried, returning: null: TSI.gSCM@A4M
09-04 18:10:13.541   707   849 I ThermalEngine: ACTION: CLUSTER - Setting CLUSTER[0] to 1209600
09-04 18:10:13.542   707   849 I ThermalEngine: ACTION: CLUSTER - Setting CLUSTER[1] to 1286400
09-04 18:10:13.568   707   842 I ThermalEngine: vs_get_temperature: read[0] tsens_tz_sensor15 59000 mC, weight[0] 1
09-04 18:10:13.568   707   842 I ThermalEngine: vs_get_temperature: read[1] tsens_tz_sensor0 61000 mC, weight[1] -1
09-04 18:10:13.772 13822 13839 E Diag_Lib: [IMS_FATAL]| 13839 |qpCheckSockEventsOnNetConnProfiles : pNetConnProfileArray NULL
09-04 18:10:13.773 13822 13839 E Diag_Lib: [IMS_FATAL]| 13839 |qpNetSetReadFds - MLL socket not available
09-04 18:10:13.773 13822 13839 E Diag_Lib: [IMS_FATAL]| 13839 |qpNetSetReadFds - DataD IPC socket not available
09-04 18:10:14.251  7538  7635 I Finsky  : [150] com.google.android.finsky.i.c.a(22): Completed 0 account content syncs with 0 successful.
09-04 18:10:14.252  7538  7538 I Finsky  : [2] com.google.android.finsky.services.e.a(5): Installation state replication succeeded.
09-04 18:10:14.570   707   842 I ThermalEngine: vs_get_temperature: read[0] tsens_tz_sensor15 59000 mC, weight[0] 1
09-04 18:10:14.570   707   842 I ThermalEngine: vs_get_temperature: read[1] tsens_tz_sensor0 61000 mC, weight[1] -1
09-04 18:10:15.193   914   975 I ActivityManager: Start proc 15343:com.android.defcontainer/u0a12 for service com.android.defcontainer/.DefaultContainerService
09-04 18:10:15.214 15343 15343 I zygote64: Late-enabling -Xcheck:jni
09-04 18:10:15.457 14999 15016 I chatty  : uid=10469(u0_a469) UnityMain expire 563 lines
09-04 18:10:15.549   707   849 I ThermalEngine: ACTION: CLUSTER - Setting CLUSTER[0] to 1132800
09-04 18:10:15.550   707   849 I ThermalEngine: ACTION: CLUSTER - Setting CLUSTER[1] to 1209600
09-04 18:10:15.571   707   842 I ThermalEngine: vs_get_temperature: read[0] tsens_tz_sensor15 59000 mC, weight[0] 1
09-04 18:10:15.571   707   842 I ThermalEngine: vs_get_temperature: read[1] tsens_tz_sensor0 61000 mC, weight[1] -1
09-04 18:10:15.774 13822 13839 E Diag_Lib: [IMS_FATAL]| 13839 |qpCheckSockEventsOnNetConnProfiles : pNetConnProfileArray NULL
09-04 18:10:15.774 13822 13839 E Diag_Lib: [IMS_FATAL]| 13839 |qpNetSetReadFds - MLL socket not available
09-04 18:10:15.774 13822 13839 E Diag_Lib: [IMS_FATAL]| 13839 |qpNetSetReadFds - DataD IPC socket not available
09-04 18:10:15.935   914   975 W PackageManager: User is restricted: ensure_verify_apps
09-04 18:10:15.974  4751  4751 I Finsky  : [2] com.google.android.finsky.verifier.impl.PackageVerificationReceiver.onReceive(14): Verification requested, id = 20
09-04 18:10:16.573   707   842 I ThermalEngine: vs_get_temperature: read[0] tsens_tz_sensor15 59000 mC, weight[0] 1
09-04 18:10:16.573   707   842 I ThermalEngine: vs_get_temperature: read[1] tsens_tz_sensor0 61000 mC, weight[1] -1
09-04 18:10:17.388  4751  4768 I zygote  : Background concurrent copying GC freed 27851(1986KB) AllocSpace objects, 28(1428KB) LOS objects, 49% free, 3MB/7MB, paused 674us total 172.082ms
09-04 18:10:17.558   707   849 I ThermalEngine: ACTION: CLUSTER - Setting CLUSTER[0] to 1056000
09-04 18:10:17.559   707   849 I ThermalEngine: ACTION: CLUSTER - Setting CLUSTER[1] to 1132800
09-04 18:10:17.575   707   842 I ThermalEngine: vs_get_temperature: read[0] tsens_tz_sensor15 59000 mC, weight[0] 1
09-04 18:10:17.575   707   842 I ThermalEngine: vs_get_temperature: read[1] tsens_tz_sensor0 60000 mC, weight[1] -1
09-04 18:10:17.776 13822 13839 E Diag_Lib: [IMS_FATAL]| 13839 |qpCheckSockEventsOnNetConnProfiles : pNetConnProfileArray NULL
09-04 18:10:17.776 13822 13839 E Diag_Lib: [IMS_FATAL]| 13839 |qpNetSetReadFds - MLL socket not available
09-04 18:10:17.776 13822 13839 E Diag_Lib: [IMS_FATAL]| 13839 |qpNetSetReadFds - DataD IPC socket not available
09-04 18:10:18.353   664 15224 E mm-camera: <ISP   ><ERROR> 227: isp_hw_update_util_request_reg_update: Warning! reg_cmd ioctl happened on frame boundary
09-04 18:10:18.576   707   842 I ThermalEngine: vs_get_temperature: read[0] tsens_tz_sensor15 59000 mC, weight[0] 1
09-04 18:10:18.577   707   842 I ThermalEngine: vs_get_temperature: read[1] tsens_tz_sensor0 60000 mC, weight[1] -1
09-04 18:10:18.986   664 15224 E mm-camera: <ISP   ><ERROR> 227: isp_hw_update_util_request_reg_update: Warning! reg_cmd ioctl happened on frame boundary
09-04 18:10:19.575  4751 10509 I PlayCommon: [115] com.google.android.play.a.h.e(260): Preparing logs for uploading
09-04 18:10:19.578   707   842 I ThermalEngine: vs_get_temperature: read[0] tsens_tz_sensor15 59000 mC, weight[0] 1
09-04 18:10:19.578   707   842 I ThermalEngine: vs_get_temperature: read[1] tsens_tz_sensor0 61000 mC, weight[1] -1
09-04 18:10:19.581  4751 10509 I PlayCommon: [115] com.google.android.play.a.h.e(264): No file ready to send
09-04 18:10:19.587 26639 26658 I chatty  : uid=10467(u0_a467) com.google.tango expire 104 lines
09-04 18:10:19.778 13822 13839 E Diag_Lib: [IMS_FATAL]| 13839 |qpCheckSockEventsOnNetConnProfiles : pNetConnProfileArray NULL
09-04 18:10:19.778 13822 13839 E Diag_Lib: [IMS_FATAL]| 13839 |qpNetSetReadFds - MLL socket not available
09-04 18:10:19.778 13822 13839 E Diag_Lib: [IMS_FATAL]| 13839 |qpNetSetReadFds - DataD IPC socket not available
09-04 18:10:20.580   707   842 I ThermalEngine: vs_get_temperature: read[0] tsens_tz_sensor15 59000 mC, weight[0] 1
09-04 18:10:20.580   707   842 I ThermalEngine: vs_get_temperature: read[1] tsens_tz_sensor0 60000 mC, weight[1] -1
09-04 18:10:20.885  2470  3645 W GmsLocationProvider: Error removing location updates: 16
09-04 18:10:21.582   707   842 I ThermalEngine: vs_get_temperature: read[0] tsens_tz_sensor15 59000 mC, weight[0] 1
09-04 18:10:21.582   707   842 I ThermalEngine: vs_get_temperature: read[1] tsens_tz_sensor0 60000 mC, weight[1] -1
09-04 18:10:21.779 13822 13839 E Diag_Lib: [IMS_FATAL]| 13839 |qpCheckSockEventsOnNetConnProfiles : pNetConnProfileArray NULL
09-04 18:10:21.779 13822 13839 E Diag_Lib: [IMS_FATAL]| 13839 |qpNetSetReadFds - MLL socket not available
09-04 18:10:21.779 13822 13839 E Diag_Lib: [IMS_FATAL]| 13839 |qpNetSetReadFds - DataD IPC socket not available
09-04 18:10:22.100   914  1483 I ActivityManager: Killing 14607:android.process.media/u0a14 (adj 906): empty #17
09-04 18:10:22.584   707   842 I ThermalEngine: vs_get_temperature: read[0] tsens_tz_sensor15 59000 mC, weight[0] 1
09-04 18:10:22.584   707   842 I ThermalEngine: vs_get_temperature: read[1] tsens_tz_sensor0 60000 mC, weight[1] -1
09-04 18:10:23.037   914   954 E BatteryStatsService: modem info is invalid: ModemActivityInfo{ mTimestamp=0 mSleepTimeMs=0 mIdleTimeMs=0 mTxTimeMs[]=[0, 0, 0, 0, 0] mRxTimeMs=0 mEnergyUsed=0}
09-04 18:10:23.585   707   842 I ThermalEngine: vs_get_temperature: read[0] tsens_tz_sensor15 59000 mC, weight[0] 1
09-04 18:10:23.586   707   842 I ThermalEngine: vs_get_temperature: read[1] tsens_tz_sensor0 60000 mC, weight[1] -1
09-04 18:10:23.782 13822 13839 E Diag_Lib: [IMS_FATAL]| 13839 |qpCheckSockEventsOnNetConnProfiles : pNetConnProfileArray NULL
09-04 18:10:23.783 13822 13839 E Diag_Lib: [IMS_FATAL]| 13839 |qpNetSetReadFds - MLL socket not available
09-04 18:10:23.783 13822 13839 E Diag_Lib: [IMS_FATAL]| 13839 |qpNetSetReadFds - DataD IPC socket not available
09-04 18:10:24.561   664 15224 E mm-camera: <ISP   ><ERROR> 227: isp_hw_update_util_request_reg_update: Warning! reg_cmd ioctl happened on frame boundary
09-04 18:10:24.587   707   842 I ThermalEngine: vs_get_temperature: read[0] tsens_tz_sensor15 59000 mC, weight[0] 1
09-04 18:10:24.588   707   842 I ThermalEngine: vs_get_temperature: read[1] tsens_tz_sensor0 60000 mC, weight[1] -1
09-04 18:10:25.319   914  9547 I ActivityManager: Start proc 15362:com.google.android.vr.home/u0a105 for service com.google.android.vr.home/com.google.android.libraries.notifications.entrypoints.scheduled.ScheduledTaskService
09-04 18:10:25.338 15362 15362 I zygote  : Late-enabling -Xcheck:jni
09-04 18:10:25.539 14999 15016 I chatty  : uid=10469(u0_a469) UnityMain expire 546 lines
09-04 18:10:25.549 15362 15362 I zygote  : Waiting for a blocking GC AddRemoveAppImageSpace
09-04 18:10:25.556 15362 15362 I zygote  : WaitForGcToComplete blocked for 6.233ms for cause AddRemoveAppImageSpace
09-04 18:10:25.592   707   842 I ThermalEngine: vs_get_temperature: read[0] tsens_tz_sensor15 58000 mC, weight[0] 1
09-04 18:10:25.593   707   842 I ThermalEngine: vs_get_temperature: read[1] tsens_tz_sensor0 59000 mC, weight[1] -1
09-04 18:10:25.784 13822 13839 E Diag_Lib: [IMS_FATAL]| 13839 |qpCheckSockEventsOnNetConnProfiles : pNetConnProfileArray NULL
09-04 18:10:25.787 13822 13839 E Diag_Lib: [IMS_FATAL]| 13839 |qpNetSetReadFds - MLL socket not available
09-04 18:10:25.787 13822 13839 E Diag_Lib: [IMS_FATAL]| 13839 |qpNetSetReadFds - DataD IPC socket not available
09-04 18:10:25.999   914   975 I PackageManager: Verification timed out for file:///data/app/vmdl1116597655.tmp
09-04 18:10:26.031  4751  4751 I Finsky  : [2] com.google.android.finsky.verifier.impl.bv.c(110): Verification complete: id=20, package_name=fredsa.aaa
09-04 18:10:26.051 15362 15362 W PackageParser: No actions in intent filter at /data/user/0/com.google.android.vr.home/files/gcs_daydream_welcome.apk Binary XML file line #20
09-04 18:10:26.203   914  5033 D PackageInstaller: Ignoring abandon after commit relinquished control
09-04 18:10:26.595   707   842 I ThermalEngine: vs_get_temperature: read[0] tsens_tz_sensor15 58000 mC, weight[0] 1
09-04 18:10:26.595   707   842 I ThermalEngine: vs_get_temperature: read[1] tsens_tz_sensor0 59000 mC, weight[1] -1
09-04 18:10:27.017   914   923 I zygote64: Background concurrent copying GC freed 92233(5MB) AllocSpace objects, 71(3MB) LOS objects, 42% free, 28MB/50MB, paused 457us total 2.030s
09-04 18:10:27.068 15362 15387 W InstanceID/Rpc: Found 10019
09-04 18:10:27.347 15362 15388 D NetworkSecurityConfig: No Network Security Config specified, using platform default
09-04 18:10:27.598   707   842 I ThermalEngine: vs_get_temperature: read[0] tsens_tz_sensor15 58000 mC, weight[0] 1
09-04 18:10:27.598   707   842 I ThermalEngine: vs_get_temperature: read[1] tsens_tz_sensor0 60000 mC, weight[1] -1
09-04 18:10:27.789 13822 13839 E Diag_Lib: [IMS_FATAL]| 13839 |qpCheckSockEventsOnNetConnProfiles : pNetConnProfileArray NULL
09-04 18:10:27.792 13822 13839 E Diag_Lib: [IMS_FATAL]| 13839 |qpNetSetReadFds - MLL socket not available
09-04 18:10:27.792 13822 13839 E Diag_Lib: [IMS_FATAL]| 13839 |qpNetSetReadFds - DataD IPC socket not available
09-04 18:10:28.600   707   842 I ThermalEngine: vs_get_temperature: read[0] tsens_tz_sensor15 59000 mC, weight[0] 1
09-04 18:10:28.600   707   842 I ThermalEngine: vs_get_temperature: read[1] tsens_tz_sensor0 60000 mC, weight[1] -1
09-04 18:10:28.620  2170 32330 E NetworkScheduler.ATC: Received callback from client for task that is already complete. ComponentInfo{com.google.android.vr.home/com.google.android.libraries.notifications.entrypoints.scheduled.ScheduledTaskService} RPC_STORE_TARGET:fredsa@gmail.com
09-04 18:10:28.841  4751 15359 W asset   : Asset path /data/app/vmdl1116597655.tmp/base.apk is neither a directory nor file (type=1).
09-04 18:10:28.842  4751 15359 E ResourcesManager: failed to add asset path /data/app/vmdl1116597655.tmp/base.apk
09-04 18:10:28.842  4751 15359 W PackageManager: Failure retrieving resources for fredsa.aaa
09-04 18:10:28.960  4751 15359 I Finsky  : [159] com.google.android.finsky.foregroundcoordinator.ForegroundCoordinator.a(9): Task 7 requested foreground
09-04 18:10:28.964  4751 15359 I Finsky  : [159] com.google.android.finsky.foregroundcoordinator.ForegroundCoordinator.a(34): Not entering foreground
09-04 18:10:29.563  4751  4751 I Finsky  : [2] com.google.android.finsky.verifier.impl.bg.b(6): Verification id=20 response=0
09-04 18:10:29.601   707   842 I ThermalEngine: vs_get_temperature: read[0] tsens_tz_sensor15 58000 mC, weight[0] 1
09-04 18:10:29.601   707   842 I ThermalEngine: vs_get_temperature: read[1] tsens_tz_sensor0 60000 mC, weight[1] -1
09-04 18:10:29.654 26639 26658 I chatty  : uid=10467(u0_a467) com.google.tango expire 119 lines
09-04 18:10:29.795 13822 13839 E Diag_Lib: [IMS_FATAL]| 13839 |qpCheckSockEventsOnNetConnProfiles : pNetConnProfileArray NULL
09-04 18:10:29.795 13822 13839 E Diag_Lib: [IMS_FATAL]| 13839 |qpNetSetReadFds - MLL socket not available
09-04 18:10:29.795 13822 13839 E Diag_Lib: [IMS_FATAL]| 13839 |qpNetSetReadFds - DataD IPC socket not available
09-04 18:10:30.558   707   842 I ThermalEngine: vs_get_temperature: read[0] tsens_tz_sensor15 59000 mC, weight[0] 1
09-04 18:10:30.558   707   842 I ThermalEngine: vs_get_temperature: read[1] tsens_tz_sensor0 59000 mC, weight[1] -1
09-04 18:10:31.560   707   842 I ThermalEngine: vs_get_temperature: read[0] tsens_tz_sensor15 59000 mC, weight[0] 1
09-04 18:10:31.560   707   842 I ThermalEngine: vs_get_temperature: read[1] tsens_tz_sensor0 59000 mC, weight[1] -1
09-04 18:10:31.796 13822 13839 E Diag_Lib: [IMS_FATAL]| 13839 |qpCheckSockEventsOnNetConnProfiles : pNetConnProfileArray NULL
09-04 18:10:31.796 13822 13839 E Diag_Lib: [IMS_FATAL]| 13839 |qpNetSetReadFds - MLL socket not available
09-04 18:10:31.796 13822 13839 E Diag_Lib: [IMS_FATAL]| 13839 |qpNetSetReadFds - DataD IPC socket not available
09-04 18:10:32.042   914  5067 I ActivityManager: Killing 14357:com.android.printspooler/u10a88 (adj 906): empty #17
09-04 18:10:32.563   707   842 I ThermalEngine: vs_get_temperature: read[0] tsens_tz_sensor15 59000 mC, weight[0] 1
09-04 18:10:32.563   707   842 I ThermalEngine: vs_get_temperature: read[1] tsens_tz_sensor0 59000 mC, weight[1] -1
09-04 18:10:33.564   707   842 I ThermalEngine: vs_get_temperature: read[0] tsens_tz_sensor15 59000 mC, weight[0] 1
09-04 18:10:33.565   707   842 I ThermalEngine: vs_get_temperature: read[1] tsens_tz_sensor0 59000 mC, weight[1] -1
09-04 18:10:33.799 13822 13839 E Diag_Lib: [IMS_FATAL]| 13839 |qpCheckSockEventsOnNetConnProfiles : pNetConnProfileArray NULL
09-04 18:10:33.799 13822 13839 E Diag_Lib: [IMS_FATAL]| 13839 |qpNetSetReadFds - MLL socket not available
09-04 18:10:33.799 13822 13839 E Diag_Lib: [IMS_FATAL]| 13839 |qpNetSetReadFds - DataD IPC socket not available
09-04 18:10:34.567   707   842 I ThermalEngine: vs_get_temperature: read[0] tsens_tz_sensor15 59000 mC, weight[0] 1
09-04 18:10:34.567   707   842 I ThermalEngine: vs_get_temperature: read[1] tsens_tz_sensor0 59000 mC, weight[1] -1
09-04 18:10:35.569   707   842 I ThermalEngine: vs_get_temperature: read[0] tsens_tz_sensor15 59000 mC, weight[0] 1
09-04 18:10:35.569   707   842 I ThermalEngine: vs_get_temperature: read[1] tsens_tz_sensor0 59000 mC, weight[1] -1
09-04 18:10:35.575 14999 15016 I chatty  : uid=10469(u0_a469) UnityMain expire 557 lines
09-04 18:10:35.804 13822 13839 E Diag_Lib: [IMS_FATAL]| 13839 |qpCheckSockEventsOnNetConnProfiles : pNetConnProfileArray NULL
09-04 18:10:35.804 13822 13839 E Diag_Lib: [IMS_FATAL]| 13839 |qpNetSetReadFds - MLL socket not available
09-04 18:10:35.805 13822 13839 E Diag_Lib: [IMS_FATAL]| 13839 |qpNetSetReadFds - DataD IPC socket not available
09-04 18:10:36.571   707   842 I ThermalEngine: vs_get_temperature: read[0] tsens_tz_sensor15 58000 mC, weight[0] 1
09-04 18:10:36.571   707   842 I ThermalEngine: vs_get_temperature: read[1] tsens_tz_sensor0 59000 mC, weight[1] -1
09-04 18:10:37.573   707   842 I ThermalEngine: vs_get_temperature: read[0] tsens_tz_sensor15 59000 mC, weight[0] 1
09-04 18:10:37.573   707   842 I ThermalEngine: vs_get_temperature: read[1] tsens_tz_sensor0 59000 mC, weight[1] -1
09-04 18:10:37.806 13822 13839 E Diag_Lib: [IMS_FATAL]| 13839 |qpCheckSockEventsOnNetConnProfiles : pNetConnProfileArray NULL
09-04 18:10:37.806 13822 13839 E Diag_Lib: [IMS_FATAL]| 13839 |qpNetSetReadFds - MLL socket not available
09-04 18:10:37.807 13822 13839 E Diag_Lib: [IMS_FATAL]| 13839 |qpNetSetReadFds - DataD IPC socket not available
09-04 18:10:38.140   664 15224 E mm-camera: <ISP   ><ERROR> 227: isp_hw_update_util_request_reg_update: Warning! reg_cmd ioctl happened on frame boundary
09-04 18:10:38.574   707   842 I ThermalEngine: vs_get_temperature: read[0] tsens_tz_sensor15 59000 mC, weight[0] 1
09-04 18:10:38.575   707   842 I ThermalEngine: vs_get_temperature: read[1] tsens_tz_sensor0 59000 mC, weight[1] -1
09-04 18:10:38.776   664 15224 E mm-camera: <ISP   ><ERROR> 227: isp_hw_update_util_request_reg_update: Warning! reg_cmd ioctl happened on frame boundary
09-04 18:10:39.577   707   842 I ThermalEngine: vs_get_temperature: read[0] tsens_tz_sensor15 58000 mC, weight[0] 1
09-04 18:10:39.577   707   842 I ThermalEngine: vs_get_temperature: read[1] tsens_tz_sensor0 59000 mC, weight[1] -1
09-04 18:10:39.809 13822 13839 E Diag_Lib: [IMS_FATAL]| 13839 |qpCheckSockEventsOnNetConnProfiles : pNetConnProfileArray NULL
09-04 18:10:39.809 13822 13839 E Diag_Lib: [IMS_FATAL]| 13839 |qpNetSetReadFds - MLL socket not available
09-04 18:10:39.809 13822 13839 E Diag_Lib: [IMS_FATAL]| 13839 |qpNetSetReadFds - DataD IPC socket not available
09-04 18:10:39.838 26639 26658 I chatty  : uid=10467(u0_a467) com.google.tango expire 109 lines
09-04 18:10:40.579   707   842 I ThermalEngine: vs_get_temperature: read[0] tsens_tz_sensor15 59000 mC, weight[0] 1
09-04 18:10:40.579   707   842 I ThermalEngine: vs_get_temperature: read[1] tsens_tz_sensor0 59000 mC, weight[1] -1
09-04 18:10:41.581   707   842 I ThermalEngine: vs_get_temperature: read[0] tsens_tz_sensor15 59000 mC, weight[0] 1
09-04 18:10:41.582   707   842 I ThermalEngine: vs_get_temperature: read[1] tsens_tz_sensor0 59000 mC, weight[1] -1
09-04 18:10:41.812 13822 13839 E Diag_Lib: [IMS_FATAL]| 13839 |qpCheckSockEventsOnNetConnProfiles : pNetConnProfileArray NULL
09-04 18:10:41.813 13822 13839 E Diag_Lib: [IMS_FATAL]| 13839 |qpNetSetReadFds - MLL socket not available
09-04 18:10:41.813 13822 13839 E Diag_Lib: [IMS_FATAL]| 13839 |qpNetSetReadFds - DataD IPC socket not available
09-04 18:10:42.584   707   842 I ThermalEngine: vs_get_temperature: read[0] tsens_tz_sensor15 58000 mC, weight[0] 1
09-04 18:10:42.584   707   842 I ThermalEngine: vs_get_temperature: read[1] tsens_tz_sensor0 59000 mC, weight[1] -1
09-04 18:10:43.586   707   842 I ThermalEngine: vs_get_temperature: read[0] tsens_tz_sensor15 58000 mC, weight[0] 1
09-04 18:10:43.586   707   842 I ThermalEngine: vs_get_temperature: read[1] tsens_tz_sensor0 59000 mC, weight[1] -1
09-04 18:10:43.817 13822 13839 E Diag_Lib: [IMS_FATAL]| 13839 |qpCheckSockEventsOnNetConnProfiles : pNetConnProfileArray NULL
09-04 18:10:43.817 13822 13839 E Diag_Lib: [IMS_FATAL]| 13839 |qpNetSetReadFds - MLL socket not available
09-04 18:10:43.818 13822 13839 E Diag_Lib: [IMS_FATAL]| 13839 |qpNetSetReadFds - DataD IPC socket not available
09-04 18:10:44.588   707   842 I ThermalEngine: vs_get_temperature: read[0] tsens_tz_sensor15 58000 mC, weight[0] 1
09-04 18:10:44.588   707   842 I ThermalEngine: vs_get_temperature: read[1] tsens_tz_sensor0 59000 mC, weight[1] -1
09-04 18:10:45.590   707   842 I ThermalEngine: vs_get_temperature: read[0] tsens_tz_sensor15 58000 mC, weight[0] 1
09-04 18:10:45.590   707   842 I ThermalEngine: vs_get_temperature: read[1] tsens_tz_sensor0 59000 mC, weight[1] -1
09-04 18:10:45.605 14999 15016 I chatty  : uid=10469(u0_a469) UnityMain expire 215 lines
09-04 18:10:45.819 13822 13839 E Diag_Lib: [IMS_FATAL]| 13839 |qpCheckSockEventsOnNetConnProfiles : pNetConnProfileArray NULL
09-04 18:10:45.819 13822 13839 E Diag_Lib: [IMS_FATAL]| 13839 |qpNetSetReadFds - MLL socket not available
09-04 18:10:45.819 13822 13839 E Diag_Lib: [IMS_FATAL]| 13839 |qpNetSetReadFds - DataD IPC socket not available
09-04 18:10:46.593   707   842 I ThermalEngine: vs_get_temperature: read[0] tsens_tz_sensor15 58000 mC, weight[0] 1
09-04 18:10:46.593   707   842 I ThermalEngine: vs_get_temperature: read[1] tsens_tz_sensor0 59000 mC, weight[1] -1
09-04 18:10:47.595   707   842 I ThermalEngine: vs_get_temperature: read[0] tsens_tz_sensor15 58000 mC, weight[0] 1
09-04 18:10:47.595   707   842 I ThermalEngine: vs_get_temperature: read[1] tsens_tz_sensor0 59000 mC, weight[1] -1
09-04 18:10:47.822 13822 13839 E Diag_Lib: [IMS_FATAL]| 13839 |qpCheckSockEventsOnNetConnProfiles : pNetConnProfileArray NULL
09-04 18:10:47.823 13822 13839 E Diag_Lib: [IMS_FATAL]| 13839 |qpNetSetReadFds - MLL socket not available
09-04 18:10:47.823 13822 13839 E Diag_Lib: [IMS_FATAL]| 13839 |qpNetSetReadFds - DataD IPC socket not available
09-04 18:10:48.597   707   842 I ThermalEngine: vs_get_temperature: read[0] tsens_tz_sensor15 58000 mC, weight[0] 1
09-04 18:10:48.597   707   842 I ThermalEngine: vs_get_temperature: read[1] tsens_tz_sensor0 59000 mC, weight[1] -1
09-04 18:10:49.103 26639 26650 I chatty  : uid=10467(u0_a467) HeapTaskDaemon expire 1 line
09-04 18:10:49.189 26639 26658 I chatty  : uid=10467(u0_a467) com.google.tango expire 45 lines
09-04 18:10:49.402   914   949 I ActivityManager: Killing 14159:com.verizon.vzwavs/u10a286 (adj 906): empty #17
09-04 18:10:49.572 14999 15009 I chatty  : uid=10469(u0_a469) HeapTaskDaemon expire 1 line
09-04 18:10:49.599   707   842 I ThermalEngine: vs_get_temperature: read[0] tsens_tz_sensor15 58000 mC, weight[0] 1
09-04 18:10:49.599   707   842 I ThermalEngine: vs_get_temperature: read[1] tsens_tz_sensor0 59000 mC, weight[1] -1
09-04 18:10:49.826 13822 13839 E Diag_Lib: [IMS_FATAL]| 13839 |qpCheckSockEventsOnNetConnProfiles : pNetConnProfileArray NULL
09-04 18:10:49.828 13822 13839 E Diag_Lib: [IMS_FATAL]| 13839 |qpNetSetReadFds - MLL socket not available
09-04 18:10:49.828 13822 13839 E Diag_Lib: [IMS_FATAL]| 13839 |qpNetSetReadFds - DataD IPC socket not available
09-04 18:10:49.844   664 15224 E mm-camera: <ISP   ><ERROR> 227: isp_hw_update_util_request_reg_update: Warning! reg_cmd ioctl happened on frame boundary
09-04 18:10:50.576 14999 15016 I chatty  : uid=10469(u0_a469) UnityMain expire 480 lines
09-04 18:10:50.602   707   842 I ThermalEngine: vs_get_temperature: read[0] tsens_tz_sensor15 58000 mC, weight[0] 1
09-04 18:10:50.602   707   842 I ThermalEngine: vs_get_temperature: read[1] tsens_tz_sensor0 59000 mC, weight[1] -1
09-04 18:10:50.822  7594 15410 I EventLogChimeraService: Aggregate from 1504572014525 (log), 1504572014525 (data)
09-04 18:10:51.604   707   842 I ThermalEngine: vs_get_temperature: read[0] tsens_tz_sensor15 58000 mC, weight[0] 1
09-04 18:10:51.604   707   842 I ThermalEngine: vs_get_temperature: read[1] tsens_tz_sensor0 59000 mC, weight[1] -1
09-04 18:10:51.829 13822 13839 E Diag_Lib: [IMS_FATAL]| 13839 |qpCheckSockEventsOnNetConnProfiles : pNetConnProfileArray NULL
09-04 18:10:51.830 13822 13839 E Diag_Lib: [IMS_FATAL]| 13839 |qpNetSetReadFds - MLL socket not available
09-04 18:10:51.830 13822 13839 E Diag_Lib: [IMS_FATAL]| 13839 |qpNetSetReadFds - DataD IPC socket not available
09-04 18:10:52.606   707   842 I ThermalEngine: vs_get_temperature: read[0] tsens_tz_sensor15 58000 mC, weight[0] 1
09-04 18:10:52.606   707   842 I ThermalEngine: vs_get_temperature: read[1] tsens_tz_sensor0 59000 mC, weight[1] -1
09-04 18:10:53.023   914   923 I zygote64: Background concurrent copying GC freed 69218(4MB) AllocSpace objects, 32(1380KB) LOS objects, 42% free, 28MB/50MB, paused 489us total 1.729s
09-04 18:10:53.251 26639 26658 I tango   : vio_helper.cc:102 Not enough RANSAC inlier feature tracks for recovery.
09-04 18:10:53.356 26639 26658 E tango   : filter_update_base.cc:87 Temporary visual feature update failed when computing its residual and Jacobian.
09-04 18:10:53.357 26639 26658 I tango   : vio_helper.cc:102 Not enough RANSAC inlier feature tracks for recovery.
09-04 18:10:53.459 26639 26658 I tango   : vio_helper.cc:102 Not enough RANSAC inlier feature tracks for recovery.
09-04 18:10:53.573 26639 26658 I tango   : vio_helper.cc:102 Not enough RANSAC inlier feature tracks for recovery.
09-04 18:10:53.608   707   842 I ThermalEngine: vs_get_temperature: read[0] tsens_tz_sensor15 58000 mC, weight[0] 1
09-04 18:10:53.608   707   842 I ThermalEngine: vs_get_temperature: read[1] tsens_tz_sensor0 59000 mC, weight[1] -1
09-04 18:10:53.657 26639 26658 I tango   : vio_helper.cc:102 Not enough RANSAC inlier feature tracks for recovery.
09-04 18:10:53.763 26639 26658 E tango   : filter_update_base.cc:87 Temporary visual feature update failed when computing its residual and Jacobian.
09-04 18:10:53.765 26639 26658 I tango   : vio_helper.cc:102 Not enough RANSAC inlier feature tracks for recovery.
09-04 18:10:53.834 13822 13839 E Diag_Lib: [IMS_FATAL]| 13839 |qpCheckSockEventsOnNetConnProfiles : pNetConnProfileArray NULL
09-04 18:10:53.836 13822 13839 E Diag_Lib: [IMS_FATAL]| 13839 |qpNetSetReadFds - MLL socket not available
09-04 18:10:53.836 13822 13839 E Diag_Lib: [IMS_FATAL]| 13839 |qpNetSetReadFds - DataD IPC socket not available
09-04 18:10:53.874 26639 26658 E tango   : filter_update_base.cc:87 Temporary visual feature update failed when computing its residual and Jacobian.
09-04 18:10:53.875 26639 26658 I tango   : vio_helper.cc:102 Not enough RANSAC inlier feature tracks for recovery.
09-04 18:10:53.993 26639 26658 E tango   : filter_update_base.cc:87 Temporary visual feature update failed when computing its residual and Jacobian.
09-04 18:10:53.995 26639 26658 I tango   : vio_helper.cc:102 Not enough RANSAC inlier feature tracks for recovery.
09-04 18:10:54.044 26639 26658 I tango   : vio_helper.cc:102 Not enough RANSAC inlier feature tracks for recovery.
09-04 18:10:54.163 26639 26658 I tango   : vio_helper.cc:102 Not enough RANSAC inlier feature tracks for recovery.
09-04 18:10:54.276 26639 26658 I tango   : vio_helper.cc:102 Not enough RANSAC inlier feature tracks for recovery.
09-04 18:10:54.365 26639 26658 I tango   : vio_helper.cc:102 Not enough RANSAC inlier feature tracks for recovery.
09-04 18:10:54.459 26639 26658 I tango   : vio_helper.cc:102 Not enough RANSAC inlier feature tracks for recovery.
09-04 18:10:54.544 26639 26658 I tango   : vio_helper.cc:102 Not enough RANSAC inlier feature tracks for recovery.
09-04 18:10:54.611   707   842 I ThermalEngine: vs_get_temperature: read[0] tsens_tz_sensor15 58000 mC, weight[0] 1
09-04 18:10:54.611   707   842 I ThermalEngine: vs_get_temperature: read[1] tsens_tz_sensor0 59000 mC, weight[1] -1
09-04 18:10:54.721 26639 26658 I tango   : vio_helper.cc:102 Not enough RANSAC inlier feature tracks for recovery.
09-04 18:10:54.776 26639 26658 I tango   : vio_helper.cc:102 Not enough RANSAC inlier feature tracks for recovery.
09-04 18:10:54.912 26639 26658 I tango   : vio_helper.cc:102 Not enough RANSAC inlier feature tracks for recovery.
09-04 18:10:54.974 26639 26658 I tango   : vio_helper.cc:102 Not enough RANSAC inlier feature tracks for recovery.
09-04 18:10:55.074 26639 26658 I tango   : vio_helper.cc:102 Not enough RANSAC inlier feature tracks for recovery.
09-04 18:10:55.191 26639 26658 I tango   : vio_helper.cc:102 Not enough RANSAC inlier feature tracks for recovery.
09-04 18:10:55.293 26639 26658 I tango   : vio_helper.cc:102 Not enough RANSAC inlier feature tracks for recovery.
09-04 18:10:55.397 26639 26658 I tango   : vio_helper.cc:102 Not enough RANSAC inlier feature tracks for recovery.
09-04 18:10:55.515 26639 26658 I tango   : vio_helper.cc:102 Not enough RANSAC inlier feature tracks for recovery.
09-04 18:10:55.593 26639 26658 I tango   : vio_helper.cc:102 Not enough RANSAC inlier feature tracks for recovery.
09-04 18:10:55.612   707   842 I ThermalEngine: vs_get_temperature: read[0] tsens_tz_sensor15 58000 mC, weight[0] 1
09-04 18:10:55.613   707   842 I ThermalEngine: vs_get_temperature: read[1] tsens_tz_sensor0 59000 mC, weight[1] -1
09-04 18:10:55.688 26639 26658 I tango   : vio_helper.cc:102 Not enough RANSAC inlier feature tracks for recovery.
09-04 18:10:55.796 26639 26658 I tango   : vio_helper.cc:102 Not enough RANSAC inlier feature tracks for recovery.
09-04 18:10:55.838 13822 13839 E Diag_Lib: [IMS_FATAL]| 13839 |qpCheckSockEventsOnNetConnProfiles : pNetConnProfileArray NULL
09-04 18:10:55.839 13822 13839 E Diag_Lib: [IMS_FATAL]| 13839 |qpNetSetReadFds - MLL socket not available
09-04 18:10:55.839 13822 13839 E Diag_Lib: [IMS_FATAL]| 13839 |qpNetSetReadFds - DataD IPC socket not available
09-04 18:10:55.894 26639 26658 I tango   : vio_helper.cc:102 Not enough RANSAC inlier feature tracks for recovery.
09-04 18:10:55.939   914   948 I ProcessStatsService: Pruning old procstats: /data/system/procstats/state-2017-09-03-13-10-07.bin
09-04 18:10:56.028 26639 26658 I tango   : vio_helper.cc:102 Not enough RANSAC inlier feature tracks for recovery.
09-04 18:10:56.093 26639 26658 I tango   : vio_helper.cc:102 Not enough RANSAC inlier feature tracks for recovery.
09-04 18:10:56.181 26639 26658 I tango   : vio_helper.cc:102 Not enough RANSAC inlier feature tracks for recovery.
09-04 18:10:56.277 26639 26658 I tango   : vio_helper.cc:102 Not enough RANSAC inlier feature tracks for recovery.
09-04 18:10:56.378 26639 26658 I tango   : vio_helper.cc:102 Not enough RANSAC inlier feature tracks for recovery.
09-04 18:10:56.503 26639 26658 I tango   : vio_helper.cc:102 Not enough RANSAC inlier feature tracks for recovery.
09-04 18:10:56.597 26639 26658 I tango   : vio_helper.cc:102 Not enough RANSAC inlier feature tracks for recovery.
09-04 18:10:56.616   707   842 I ThermalEngine: vs_get_temperature: read[0] tsens_tz_sensor15 58000 mC, weight[0] 1
09-04 18:10:56.616   707   842 I ThermalEngine: vs_get_temperature: read[1] tsens_tz_sensor0 59000 mC, weight[1] -1
09-04 18:10:56.713 26639 26658 I tango   : vio_helper.cc:102 Not enough RANSAC inlier feature tracks for recovery.
09-04 18:10:56.815 26639 26658 I tango   : vio_helper.cc:102 Not enough RANSAC inlier feature tracks for recovery.
09-04 18:10:56.900 26639 26658 I tango   : vio_helper.cc:102 Not enough RANSAC inlier feature tracks for recovery.
09-04 18:10:57.002 26639 26658 I tango   : vio_helper.cc:102 Not enough RANSAC inlier feature tracks for recovery.
09-04 18:10:57.154 26639 26658 I tango   : vio_helper.cc:102 Not enough RANSAC inlier feature tracks for recovery.
09-04 18:10:57.166   914   975 W PackageManager: User is restricted: ensure_verify_apps
09-04 18:10:57.193  4751  4751 I Finsky  : [2] com.google.android.finsky.verifier.impl.PackageVerificationReceiver.onReceive(14): Verification requested, id = 21
09-04 18:10:57.261 26639 26658 I tango   : vio_helper.cc:102 Not enough RANSAC inlier feature tracks for recovery.
09-04 18:10:57.318 26639 26658 I tango   : vio_helper.cc:102 Not enough RANSAC inlier feature tracks for recovery.
09-04 18:10:57.380 26639 26658 I tango   : vio_helper.cc:102 Not enough RANSAC inlier feature tracks for recovery.
09-04 18:10:57.512 26639 26658 I tango   : vio_helper.cc:102 Not enough RANSAC inlier feature tracks for recovery.
09-04 18:10:57.588 26639 26658 I tango   : vio_helper.cc:102 Not enough RANSAC inlier feature tracks for recovery.
09-04 18:10:57.618   707   842 I ThermalEngine: vs_get_temperature: read[0] tsens_tz_sensor15 58000 mC, weight[0] 1
09-04 18:10:57.618   707   842 I ThermalEngine: vs_get_temperature: read[1] tsens_tz_sensor0 59000 mC, weight[1] -1
09-04 18:10:57.695 26639 26658 I tango   : vio_helper.cc:102 Not enough RANSAC inlier feature tracks for recovery.
09-04 18:10:57.796 26639 26658 E tango   : filter_update_base.cc:87 Temporary visual feature update failed when computing its residual and Jacobian.
09-04 18:10:57.796 26639 26658 I tango   : vio_helper.cc:102 Not enough RANSAC inlier feature tracks for recovery.
09-04 18:10:57.841 13822 13839 E Diag_Lib: [IMS_FATAL]| 13839 |qpCheckSockEventsOnNetConnProfiles : pNetConnProfileArray NULL
09-04 18:10:57.844 13822 13839 E Diag_Lib: [IMS_FATAL]| 13839 |qpNetSetReadFds - MLL socket not available
09-04 18:10:57.844 13822 13839 E Diag_Lib: [IMS_FATAL]| 13839 |qpNetSetReadFds - DataD IPC socket not available
09-04 18:10:57.899 26639 26658 E tango   : filter_update_base.cc:87 Temporary visual feature update failed when computing its residual and Jacobian.
09-04 18:10:57.899 26639 26658 I tango   : vio_helper.cc:102 Not enough RANSAC inlier feature tracks for recovery.
09-04 18:10:58.005 26639 26658 E tango   : filter_update_base.cc:87 Temporary visual feature update failed when computing its residual and Jacobian.
09-04 18:10:58.006 26639 26658 I tango   : vio_helper.cc:102 Not enough RANSAC inlier feature tracks for recovery.
09-04 18:10:58.068  4751  4768 I zygote  : Background concurrent copying GC freed 9374(888KB) AllocSpace objects, 67(2MB) LOS objects, 49% free, 3MB/7MB, paused 1.912ms total 148.670ms
09-04 18:10:58.098 26639 26658 I tango   : vio_helper.cc:102 Not enough RANSAC inlier feature tracks for recovery.
09-04 18:10:58.201 26639 26658 I tango   : vio_helper.cc:102 Not enough RANSAC inlier feature tracks for recovery.
09-04 18:10:58.308 26639 26658 I tango   : vio_helper.cc:102 Not enough RANSAC inlier feature tracks for recovery.
09-04 18:10:58.403 26639 26658 E tango   : filter_update_base.cc:87 Temporary visual feature update failed when computing its residual and Jacobian.
09-04 18:10:58.403 26639 26658 I tango   : vio_helper.cc:102 Not enough RANSAC inlier feature tracks for recovery.
09-04 18:10:58.510 26639 26658 E tango   : filter_update_base.cc:87 Temporary visual feature update failed when computing its residual and Jacobian.
09-04 18:10:58.512 26639 26658 I tango   : vio_helper.cc:102 Not enough RANSAC inlier feature tracks for recovery.
09-04 18:10:58.589 26639 26658 E tango   : filter_update_base.cc:87 Temporary visual feature update failed when computing its residual and Jacobian.
09-04 18:10:58.590 26639 26658 I tango   : vio_helper.cc:102 Not enough RANSAC inlier feature tracks for recovery.
09-04 18:10:58.622   707   842 I ThermalEngine: vs_get_temperature: read[0] tsens_tz_sensor15 58000 mC, weight[0] 1
09-04 18:10:58.623   707   842 I ThermalEngine: vs_get_temperature: read[1] tsens_tz_sensor0 59000 mC, weight[1] -1
09-04 18:10:58.711 26639 26658 I tango   : vio_helper.cc:102 Not enough RANSAC inlier feature tracks for recovery.
09-04 18:10:58.814 26639 26658 I tango   : vio_helper.cc:102 Not enough RANSAC inlier feature tracks for recovery.
09-04 18:10:58.930 26639 26658 I tango   : vio_helper.cc:102 Not enough RANSAC inlier feature tracks for recovery.
09-04 18:10:59.037 26639 26658 I tango   : vio_helper.cc:102 Not enough RANSAC inlier feature tracks for recovery.
09-04 18:10:59.138 26639 26658 I tango   : vio_helper.cc:102 Not enough RANSAC inlier feature tracks for recovery.
09-04 18:10:59.240 26639 26658 I tango   : vio_helper.cc:102 Not enough RANSAC inlier feature tracks for recovery.
09-04 18:10:59.325 26639 26658 I tango   : vio_helper.cc:102 Not enough RANSAC inlier feature tracks for recovery.
09-04 18:10:59.403 26639 26658 I tango   : vio_helper.cc:102 Not enough RANSAC inlier feature tracks for recovery.
09-04 18:10:59.501 26639 26658 I tango   : vio_helper.cc:102 Not enough RANSAC inlier feature tracks for recovery.
09-04 18:10:59.607 26639 26658 I tango   : vio_helper.cc:102 Not enough RANSAC inlier feature tracks for recovery.
09-04 18:10:59.625   707   842 I ThermalEngine: vs_get_temperature: read[0] tsens_tz_sensor15 58000 mC, weight[0] 1
09-04 18:10:59.625   707   842 I ThermalEngine: vs_get_temperature: read[1] tsens_tz_sensor0 60000 mC, weight[1] -1
09-04 18:10:59.696 26639 26658 I tango   : vio_helper.cc:102 Not enough RANSAC inlier feature tracks for recovery.
09-04 18:10:59.809 26639 26658 I tango   : vio_helper.cc:102 Not enough RANSAC inlier feature tracks for recovery.
09-04 18:10:59.811 26639 26658 I tango   : log_per_line.cc:12 Statistics
09-04 18:10:59.813 26639 26658 I tango   : log_per_line.cc:12 -----------                                                               #	Hz	(avg     +- std    )	[min,max]
09-04 18:10:59.813 26639 26658 I tango   : log_per_line.cc:12 pose_dt_count                                                        	   1889	184.221	(1 +- 0)	[1,1]
09-04 18:10:59.846 13822 13839 E Diag_Lib: [IMS_FATAL]| 13839 |qpCheckSockEventsOnNetConnProfiles : pNetConnProfileArray NULL
09-04 18:10:59.848 13822 13839 E Diag_Lib: [IMS_FATAL]| 13839 |qpNetSetReadFds - MLL socket not available
09-04 18:10:59.848 13822 13839 E Diag_Lib: [IMS_FATAL]| 13839 |qpNetSetReadFds - DataD IPC socket not available
09-04 18:10:59.914 26639 26658 I tango   : vio_helper.cc:102 Not enough RANSAC inlier feature tracks for recovery.
09-04 18:10:59.999 26639 26658 I tango   : vio_helper.cc:102 Not enough RANSAC inlier feature tracks for recovery.
09-04 18:11:00.156 26639 26658 E tango   : filter_update_base.cc:87 Temporary visual feature update failed when computing its residual and Jacobian.
09-04 18:11:00.156 26639 26658 I tango   : vio_helper.cc:102 Not enough RANSAC inlier feature tracks for recovery.
09-04 18:11:00.193 26639 26658 E tango   : filter_update_base.cc:87 Temporary visual feature update failed when computing its residual and Jacobian.
09-04 18:11:00.193 26639 26658 I tango   : vio_helper.cc:102 Not enough RANSAC inlier feature tracks for recovery.
09-04 18:11:00.324 26639 26658 E tango   : filter_update_base.cc:87 Temporary visual feature update failed when computing its residual and Jacobian.
09-04 18:11:00.325 26639 26658 I tango   : vio_helper.cc:102 Not enough RANSAC inlier feature tracks for recovery.
09-04 18:11:00.410 26639 26658 I tango   : vio_helper.cc:102 Not enough RANSAC inlier feature tracks for recovery.
09-04 18:11:00.517 26639 26658 E tango   : filter_update_base.cc:87 Temporary visual feature update failed when computing its residual and Jacobian.
09-04 18:11:00.517 26639 26658 I tango   : vio_helper.cc:102 Not enough RANSAC inlier feature tracks for recovery.
09-04 18:11:00.606 26639 26658 E tango   : filter_update_base.cc:87 Temporary visual feature update failed when computing its residual and Jacobian.
09-04 18:11:00.610 26639 26658 I tango   : vio_helper.cc:102 Not enough RANSAC inlier feature tracks for recovery.
09-04 18:11:00.616 14999 15016 I chatty  : uid=10469(u0_a469) UnityMain expire 22 lines
09-04 18:11:00.627   707   842 I ThermalEngine: vs_get_temperature: read[0] tsens_tz_sensor15 59000 mC, weight[0] 1
09-04 18:11:00.627   707   842 I ThermalEngine: vs_get_temperature: read[1] tsens_tz_sensor0 60000 mC, weight[1] -1
09-04 18:11:00.705 26639 26658 E tango   : filter_update_base.cc:87 Temporary visual feature update failed when computing its residual and Jacobian.
09-04 18:11:00.706 26639 26658 I tango   : vio_helper.cc:102 Not enough RANSAC inlier feature tracks for recovery.
09-04 18:11:00.824 26639 26658 E tango   : filter_update_base.cc:87 Temporary visual feature update failed when computing its residual and Jacobian.
09-04 18:11:00.825 26639 26658 I tango   : vio_helper.cc:102 Not enough RANSAC inlier feature tracks for recovery.
09-04 18:11:00.906 26639 26658 I tango   : vio_helper.cc:102 Not enough RANSAC inlier feature tracks for recovery.
09-04 18:11:00.968 14999 15009 I chatty  : uid=10469(u0_a469) HeapTaskDaemon expire 1 line
09-04 18:11:00.999 14999 15016 I chatty  : uid=10469(u0_a469) UnityMain expire 559 lines
09-04 18:11:01.017 26639 26658 I tango   : vio_helper.cc:102 Not enough RANSAC inlier feature tracks for recovery.
09-04 18:11:01.124 26639 26658 I tango   : vio_helper.cc:102 Not enough RANSAC inlier feature tracks for recovery.
09-04 18:11:01.228 26639 26658 I tango   : vio_helper.cc:102 Not enough RANSAC inlier feature tracks for recovery.
09-04 18:11:01.318 26639 26658 I tango   : vio_helper.cc:102 Not enough RANSAC inlier feature tracks for recovery.
09-04 18:11:01.418 26639 26658 I tango   : vio_helper.cc:102 Not enough RANSAC inlier feature tracks for recovery.
09-04 18:11:01.523 26639 26658 I tango   : vio_helper.cc:102 Not enough RANSAC inlier feature tracks for recovery.
09-04 18:11:01.622 26639 26658 E tango   : filter_update_base.cc:87 Temporary visual feature update failed when computing its residual and Jacobian.
09-04 18:11:01.623 26639 26658 I tango   : vio_helper.cc:102 Not enough RANSAC inlier feature tracks for recovery.
09-04 18:11:01.629   707   842 I ThermalEngine: vs_get_temperature: read[0] tsens_tz_sensor15 59000 mC, weight[0] 1
09-04 18:11:01.629   707   842 I ThermalEngine: vs_get_temperature: read[1] tsens_tz_sensor0 60000 mC, weight[1] -1
09-04 18:11:01.741 26639 26658 E tango   : filter_update_base.cc:87 Temporary visual feature update failed when computing its residual and Jacobian.
09-04 18:11:01.742 26639 26658 I tango   : vio_helper.cc:102 Not enough RANSAC inlier feature tracks for recovery.
09-04 18:11:01.837 26639 26658 I tango   : vio_helper.cc:102 Not enough RANSAC inlier feature tracks for recovery.
09-04 18:11:01.850 13822 13839 E Diag_Lib: [IMS_FATAL]| 13839 |qpCheckSockEventsOnNetConnProfiles : pNetConnProfileArray NULL
09-04 18:11:01.850 13822 13839 E Diag_Lib: [IMS_FATAL]| 13839 |qpNetSetReadFds - MLL socket not available
09-04 18:11:01.850 13822 13839 E Diag_Lib: [IMS_FATAL]| 13839 |qpNetSetReadFds - DataD IPC socket not available
