09-04 15:54:27.954   914  1626 W ActivityManager: Duplicate finish request for ActivityRecord{df59d31 u0 com.google.android.googlequicksearchbox/com.google.android.apps.gsa.queryentry.QueryEntryActivity t10752 f}
09-04 15:54:29.617   914  1917 I ActivityManager: Start proc 32038:com.android.chrome:sandboxed_process3/u0i32 for webview_service com.android.chrome/org.chromium.content.app.SandboxedProcessService3
09-04 15:54:30.091   914  1317 I ActivityManager: Process com.android.chrome:sandboxed_process2 (pid 31866) has died: cch+1CEM 
09-04 15:54:30.091   914  1317 W ActivityManager: Scheduling restart of crashed service com.android.chrome/org.chromium.content.app.SandboxedProcessService2 in 1000ms
09-04 15:54:37.367   914  1917 I ActivityManager: START u0 {act=android.intent.action.VIEW cat=[android.intent.category.BROWSABLE] dat=https://blastar-1984.appspot.com/... flg=0x18081000 pkg=com.google.android.googlequicksearchbox cmp=com.google.android.googlequicksearchbox/com.google.android.apps.gsa.cctshim.ChromeplateShim (has extras)} from uid 10045
09-04 15:54:37.403   914  1917 I ActivityManager: START u0 {act=android.intent.action.VIEW cat=[android.intent.category.BROWSABLE] dat=https://blastar-1984.appspot.com/... pkg=com.google.android.googlequicksearchbox cmp=com.android.chrome/com.google.android.apps.chrome.Main (has extras)} from uid 10045
09-04 15:54:37.490   914  1317 I ActivityManager: START u0 {act=android.intent.action.VIEW cat=[android.intent.category.BROWSABLE] dat=https://blastar-1984.appspot.com/... flg=0x800000 pkg=com.google.android.googlequicksearchbox cmp=com.android.chrome/org.chromium.chrome.browser.customtabs.CustomTabActivity (has extras)} from uid 10056
09-04 15:54:37.550   914  1317 I ActivityManager: Start proc 32085:com.android.chrome:sandboxed_process4/u0i33 for webview_service com.android.chrome/org.chromium.content.app.SandboxedProcessService4
09-04 15:54:37.593   914  1917 I ActivityManager: Process com.android.chrome:sandboxed_process3 (pid 32038) has died: vis  TOP 
09-04 15:54:37.593   914  1917 W ActivityManager: Scheduling restart of crashed service com.android.chrome/org.chromium.content.app.SandboxedProcessService3 in 1000ms
09-04 15:56:07.779  1353  1353 V DeadZone: consuming errant click: (1030.0,6.0)
09-04 15:57:04.193   914  1317 I ActivityManager: START u0 {cmp=com.android.systemui/.pip.phone.PipMenuActivity (has extras)} from uid 10042
09-04 15:57:04.193   914  1317 W ActivityManager: startActivity called from non-Activity context; forcing Intent.FLAG_ACTIVITY_NEW_TASK for: Intent { flg=0x800000 cmp=com.android.systemui/.pip.phone.PipMenuActivity (has extras) }
09-04 15:57:05.595   914   969 W WindowManager: Ignoring move of always-on-top stack=com.android.server.wm.DisplayContent$TaskStackContainers@b7ec34c to bottom
09-04 15:57:05.597   914   969 I WindowManager: Failed to capture screenshot of Token{80cd051 ActivityRecord{5493178 u0 com.android.chrome/org.chromium.chrome.browser.customtabs.CustomTabActivity t10753}} appWin=Window{a7f9366 u0 com.android.chrome/org.chromium.chrome.browser.customtabs.CustomTabActivity} drawState=4
09-04 15:57:07.647   914  1317 I ActivityManager: Config changes=480 {1.0 310mcc260mnc [en_US] ldltr sw411dp w683dp h387dp 560dpi nrml widecg land finger -keyb/v/h dpad/v appBounds=Rect(0, 0 - 2392, 1440) s.26}
09-04 15:57:07.671   914  1317 I ActivityManager: Override config changes=480 {1.0 310mcc260mnc [en_US] ldltr sw411dp w683dp h387dp 560dpi nrml widecg land finger -keyb/v/h dpad/v appBounds=Rect(0, 0 - 2392, 1440) s.26} for displayId=0
09-04 15:57:07.965   914  1151 I WindowManager: Screen frozen for +345ms due to Window{587d6c2 u0 StatusBar}
09-04 15:58:17.956   914 19478 I UsbPortManager: ClientCallback: port0
09-04 15:58:17.957   914   967 I UsbPortManager: USB port changed: port=UsbPort{id=port0, supportedModes=dual}, status=UsbPortStatus{connected=false, currentMode=none, currentPowerRole=no-power, currentDataRole=no-data, supportedRoleCombinations=[no-power:no-data]}, canChangeMode=false, canChangePowerRole=false, canChangeDataRole=false
09-04 15:58:17.980   914  1168 I ActivityManager: Config changes=60 {1.0 310mcc260mnc [en_US] ldltr sw411dp w683dp h387dp 560dpi nrml widecg land finger -keyb/v/h -nav/h appBounds=Rect(0, 0 - 2392, 1440) s.27}
09-04 15:58:18.080   914  1168 I ActivityManager: Override config changes=60 {1.0 310mcc260mnc [en_US] ldltr sw411dp w683dp h387dp 560dpi nrml widecg land finger -keyb/v/h -nav/h appBounds=Rect(0, 0 - 2392, 1440) s.27} for displayId=0
09-04 15:58:18.198   914  1348 I UsbAlsaManager: USB Audio Device Removed: null
09-04 15:58:18.267   914  1620 I ActivityManager: Start proc 32382:com.hp.android.printservice/u0a158 for broadcast com.hp.android.printservice/.usb.ReceiverUSBDeviceDetached
09-04 15:58:18.547   914  1626 W ActivityManager: Permission Denial: Accessing service ComponentInfo{com.google.android.music/com.google.android.music.dial.DialMediaRouteProviderService} from pid=15128, uid=10098 that is not exported from uid 10078
09-04 15:58:18.628   914  1151 I WindowManager: Screen frozen for +545ms due to Window{134419f u0 com.google.android.youtube/com.google.android.apps.youtube.app.WatchWhileActivity}
09-04 15:58:34.154   914  1348 D UsbHostManager: Added device UsbDevice[mName=/dev/bus/usb/001/002,mVendorId=0,mProductId=0,mClass=0,mSubclass=0,mProtocol=0,mManufacturerName=Generic,mProductName=	,mVersion=2.1,mSerialNumber=201405280001,mConfigurations=[
09-04 15:58:34.154   914  1348 D UsbHostManager: UsbConfiguration[mId=1,mName=null,mAttributes=160,mMaxPower=50,mInterfaces=[
09-04 15:58:34.154   914  1348 D UsbHostManager: UsbInterface[mId=0,mAlternateSetting=0,mName=null,mClass=3,mSubclass=0,mProtocol=0,mEndpoints=[
09-04 15:58:34.154   914  1348 D UsbHostManager: UsbEndpoint[mAddress=136,mAttributes=3,mMaxPacketSize=16,mInterval=8]]]]
09-04 15:58:34.323   914  1168 I ActivityManager: Config changes=60 {1.0 310mcc260mnc [en_US] ldltr sw411dp w683dp h387dp 560dpi nrml widecg land finger -keyb/v/h dpad/v appBounds=Rect(0, 0 - 2392, 1440) s.28}
09-04 15:58:34.331   914  1168 I ActivityManager: Override config changes=60 {1.0 310mcc260mnc [en_US] ldltr sw411dp w683dp h387dp 560dpi nrml widecg land finger -keyb/v/h dpad/v appBounds=Rect(0, 0 - 2392, 1440) s.28} for displayId=0
09-04 15:58:34.792   914  9541 W ActivityManager: Permission Denial: Accessing service ComponentInfo{com.google.android.music/com.google.android.music.dial.DialMediaRouteProviderService} from pid=15128, uid=10098 that is not exported from uid 10078
09-04 15:58:34.878   914  1151 I WindowManager: Screen frozen for +534ms due to Window{50440b0 u0 com.google.android.youtube/com.google.android.apps.youtube.app.WatchWhileActivity}
09-04 15:58:36.053   914 19478 I UsbPortManager: ClientCallback: port0
09-04 15:58:36.053   914   967 I UsbPortManager: USB port changed: port=UsbPort{id=port0, supportedModes=dual}, status=UsbPortStatus{connected=true, currentMode=dfp, currentPowerRole=source, currentDataRole=host, supportedRoleCombinations=[source:host]}, canChangeMode=false, canChangePowerRole=false, canChangeDataRole=false
09-04 15:58:36.751  1353  1353 V DeadZone: consuming errant click: (49.0,877.0)
09-04 15:58:37.593  1353  1353 V DeadZone: consuming errant click: (93.0,338.0)
09-04 16:00:22.100   914   949 I ActivityManager: Start proc 32506:com.google.android.apps.maps/u0a77 for broadcast com.google.android.apps.maps/com.google.android.gms.gcm.GcmReceiver
09-04 16:00:48.093   914  5064 I ActivityManager: Killing 30617:com.android.providers.calendar/u10a5 (adj 906): empty #17
09-04 16:00:49.098   914   949 I ActivityManager: Start proc 32588:com.konstella.main/u0a453 for broadcast com.konstella.main/.receiver.GcmBroadcastReceiver
09-04 16:00:49.825   914  5069 I ActivityManager: Killing 29166:com.google.android.gm/u10a87 (adj 906): empty #17
09-04 16:01:31.681   914  1626 I ActivityManager: Start proc 32633:com.google.android.apps.wallpaper/u0a94 for broadcast com.google.android.apps.wallpaper/.module.DailyLoggingAlarmReceiver
09-04 16:02:00.003   914   914 I ActivityManager: Killing 31474:com.google.android.apps.emergencyassist/u0a258 (adj 906): empty #17
09-04 16:02:00.053   914  9547 D ConnectivityService: ConnectivityService NetworkRequestInfo binderDied(NetworkRequest [ LISTEN id=91, [ Capabilities: INTERNET&NOT_RESTRICTED&TRUSTED&FOREGROUND] ], android.os.BinderProxy@43c33b0)
09-04 16:02:00.056   914  1185 E ConnectivityService: RemoteException caught trying to send a callback msg for NetworkRequest [ LISTEN id=91, [ Capabilities: INTERNET&NOT_RESTRICTED&TRUSTED&FOREGROUND] ]
09-04 16:06:54.187   914  1317 I ActivityManager: Start proc 397:com.google.android.gms.ui/u10a19 for service com.google.android.gms/.chimera.UiIntentOperationService
09-04 16:06:55.579   914   927 I ActivityManager: Start proc 512:com.google.android.gms.ui/u0a19 for service com.google.android.gms/.chimera.UiIntentOperationService
09-04 16:07:17.564   914  1317 I ActivityManager: Killing 31923:android.process.acore/u0a4 (adj 906): empty #17
09-04 16:07:17.565   914  1317 I ActivityManager: Killing 31699:com.google.android.gms.unstable/u0a19 (adj 906): empty #18
09-04 16:09:26.893   914   950 I ActivityManager: Config changes=480 {1.0 310mcc260mnc [en_US] ldltr sw411dp w411dp h659dp 560dpi nrml widecg port finger -keyb/v/h dpad/v appBounds=Rect(0, 0 - 1440, 2392) s.29}
09-04 16:09:26.995   914   950 I ActivityManager: Override config changes=480 {1.0 310mcc260mnc [en_US] ldltr sw411dp w411dp h659dp 560dpi nrml widecg port finger -keyb/v/h dpad/v appBounds=Rect(0, 0 - 1440, 2392) s.29} for displayId=0
09-04 16:09:27.011   914   950 W Looper  : Dispatch took 165ms on android.ui, h=Handler (com.android.server.policy.PhoneWindowManager$PolicyHandler) {d2fd012} cb=com.android.server.policy.PhoneWindowManager$MyOrientationListener$1@ead43e3 msg=0
09-04 16:09:27.279   914  1151 I WindowManager: Screen frozen for +427ms due to Window{587d6c2 u0 StatusBar}
09-04 16:09:43.059   914   950 I ActivityManager: Config changes=480 {1.0 310mcc260mnc [en_US] ldltr sw411dp w683dp h387dp 560dpi nrml widecg land finger -keyb/v/h dpad/v appBounds=Rect(0, 0 - 2392, 1440) s.30}
09-04 16:09:43.125   914   950 I ActivityManager: Override config changes=480 {1.0 310mcc260mnc [en_US] ldltr sw411dp w683dp h387dp 560dpi nrml widecg land finger -keyb/v/h dpad/v appBounds=Rect(0, 0 - 2392, 1440) s.30} for displayId=0
09-04 16:09:43.185   914   950 W Looper  : Dispatch took 170ms on android.ui, h=Handler (com.android.server.policy.PhoneWindowManager$PolicyHandler) {d2fd012} cb=com.android.server.policy.PhoneWindowManager$MyOrientationListener$1@ead43e3 msg=0
09-04 16:09:43.361   914  1151 I WindowManager: Screen frozen for +341ms due to Window{587d6c2 u0 StatusBar}
09-04 16:12:25.180   914  5033 I ActivityManager: Start proc 861:com.google.android.talk/u10a73 for service com.google.android.talk/com.google.android.apps.hangouts.concurrent.impl.GcmTriggeredNotifier
09-04 16:12:29.951   914   948 I UsageStatsService: User[0] Flushing usage stats to disk
09-04 16:12:30.010   914   948 I UsageStatsService: User[10] Flushing usage stats to disk
09-04 16:12:55.412   914  5033 I Telecom : PhoneAccountRegistrar: SimCallManager queried, returning: null: TSI.gSCM@ARs
09-04 16:12:55.443   914  5033 I Telecom : PhoneAccountRegistrar: SimCallManager queried, returning: null: TSI.gSCM@AR0
09-04 16:13:00.003   914   914 I ActivityManager: Killing 32015:com.google.android.partnersetup/u0a27 (adj 906): empty #17
09-04 16:17:48.402   914   967 W RemoteFillService: Not handling { when=-1ms what=3 target=com.android.internal.os.HandlerCaller$MyHandler } as service for ComponentInfo{com.google.android.gms/com.google.android.gms.autofill.service.AutofillService} is already destroyed
09-04 16:18:36.176   914  2343 I ActivityManager: Start proc 1419:com.google.android.gms.unstable/u0a19 for service com.google.android.gms/.droidguard.DroidGuardService
09-04 16:18:59.716   914  5033 I ActivityManager: Killing 32382:com.hp.android.printservice/u0a158 (adj 906): empty #17
09-04 16:20:00.072   914   949 I ActivityManager: Start proc 1556:com.android.providers.calendar/u10a5 for broadcast com.android.providers.calendar/.CalendarProviderBroadcastReceiver
09-04 16:20:00.521   914  5033 I ActivityManager: Start proc 1583:com.google.android.calendar/u10a53 for broadcast com.google.android.calendar/.alerts.AlertReceiver
09-04 16:20:00.525   914  5033 I ActivityManager: Killing 31507:com.android.mtp/u0a14 (adj 906): empty #17
09-04 16:20:03.208   914  1191 I ActivityManager: Start proc 1655:com.android.providers.calendar/u0a5 for content provider com.android.providers.calendar/.CalendarProvider2
09-04 16:20:15.715   914   948 D ConnectivityService: requestNetwork for uid/pid:1000/914 NetworkRequest [ REQUEST id=98, legacyType=3, [ Transports: CELLULAR Capabilities: SUPL&NOT_RESTRICTED&TRUSTED&NOT_VPN] ]
09-04 16:20:15.740   914  1185 D ConnectivityService: Sending CONNECTED broadcast for type 3 NetworkAgentInfo [MOBILE (LTE) - 103] isDefaultNetwork=false
09-04 16:20:15.773   914   948 D ConnectivityService: Adding legacy route 0.0.0.112/32 -> 192.0.0.4 v4-rmnet_data0 for UID/PID 1000/914
09-04 16:20:15.775   914   948 D ConnectivityService: requestRouteToHostAddress ok=true
09-04 16:20:15.848   914  1185 D ConnectivityService: releasing NetworkRequest [ REQUEST id=98, legacyType=3, [ Transports: CELLULAR Capabilities: SUPL&NOT_RESTRICTED&TRUSTED&NOT_VPN] ] (CALLBACK_RELEASED)
09-04 16:20:15.863   914  1185 D ConnectivityService: Sending DISCONNECTED broadcast for type 3 NetworkAgentInfo [MOBILE (LTE) - 103] isDefaultNetwork=false
09-04 16:20:15.962   914  5033 I ActivityManager: Start proc 1780:com.eclipsim.gpsstatus2/u0a187 for broadcast com.eclipsim.gpsstatus2/.notification.GpsBroadcastReceiver
09-04 16:20:26.279   914  1626 I ActivityManager: Killing 31531:com.android.mtp/u10a14 (adj 906): empty #17
09-04 16:20:32.520   914  5033 I ActivityManager: Killing 31660:android.process.media/u0a14 (adj 906): empty #17
09-04 16:20:39.898   914  5033 I ActivityManager: Killing 31680:android.process.media/u10a14 (adj 906): empty #17
09-04 16:24:47.690   914   948 I ActivityManager: Start proc 2017:com.google.android.apps.playconsole/u0a412 for service com.google.android.apps.playconsole/.sync.SyncService
09-04 16:25:08.090   914  1317 I ActivityManager: Killing 31553:com.instagram.android/u0a455 (adj 906): empty #17
09-04 16:30:31.067   914  9548 I ActivityManager: Killing 31736:com.google.android.dialer/u0a22 (adj 906): empty for 1825s
09-04 16:30:49.874   914   928 I ActivityManager: Killing 32588:com.konstella.main/u0a453 (adj 906): empty for 1800s
09-04 16:31:44.919   914  9547 I ActivityManager: Killing 32633:com.google.android.apps.wallpaper/u0a94 (adj 906): empty for 1813s
09-04 16:34:11.672   914   950 I ActivityManager: Config changes=400 {1.0 310mcc260mnc [en_US] ldltr sw411dp w683dp h387dp 560dpi nrml widecg land finger -keyb/v/h dpad/v appBounds=Rect(168, 0 - 2560, 1440) s.31}
09-04 16:34:11.767   914   950 I ActivityManager: Override config changes=400 {1.0 310mcc260mnc [en_US] ldltr sw411dp w683dp h387dp 560dpi nrml widecg land finger -keyb/v/h dpad/v appBounds=Rect(168, 0 - 2560, 1440) s.31} for displayId=0
09-04 16:34:11.816   914   950 W Looper  : Dispatch took 181ms on android.ui, h=Handler (com.android.server.policy.PhoneWindowManager$PolicyHandler) {d2fd012} cb=com.android.server.policy.PhoneWindowManager$MyOrientationListener$1@ead43e3 msg=0
09-04 16:34:11.900   914  1151 I WindowManager: Screen frozen for +259ms due to Window{587d6c2 u0 StatusBar}
09-04 16:35:21.673   914   927 I ActivityManager: Config changes=480 {1.0 310mcc260mnc [en_US] ldltr sw411dp w411dp h659dp 560dpi nrml widecg port finger -keyb/v/h dpad/v appBounds=Rect(0, 0 - 1440, 2392) s.32}
09-04 16:35:21.680   914   927 I ActivityManager: Override config changes=480 {1.0 310mcc260mnc [en_US] ldltr sw411dp w411dp h659dp 560dpi nrml widecg port finger -keyb/v/h dpad/v appBounds=Rect(0, 0 - 1440, 2392) s.32} for displayId=0
09-04 16:35:22.007   914  1151 I WindowManager: Screen frozen for +364ms due to Window{587d6c2 u0 StatusBar}
09-04 16:36:14.174   914   948 W ContextImpl: Calling a method in the system process without a qualified user: android.app.ContextImpl.sendBroadcast:950 com.android.server.power.PowerManagerService$3.run:994 android.os.Handler.handleCallback:789 android.os.Handler.dispatchMessage:98 android.os.Looper.loop:164 
09-04 16:36:14.245  2251  2264 I AlwaysOnHotwordDetector: onRecognitionPaused
09-04 16:36:14.250   914  1625 D ConnectivityService: Returning blocked NetworkInfo to uid=10455
09-04 16:36:14.623   914  1185 D ConnectivityService: NetworkAgentInfo [MOBILE (LTE) - 103] EVENT_NETWORK_INFO_CHANGED, going from CONNECTED to DISCONNECTED
09-04 16:36:14.623   914  1185 D ConnectivityService: NetworkAgentInfo [MOBILE (LTE) - 103] got DISCONNECTED, was satisfying 12
09-04 16:36:14.651   914  1185 I Nat464Xlat: Stopping clatd
09-04 16:36:14.718   610   647 D NetlinkEvent: Unknown ifindex 26 in RTM_DELADDR
09-04 16:36:14.721   914   967 I Nat464Xlat: interface v4-rmnet_data0 removed, mIsRunning true->false
09-04 16:36:14.738   914   967 I Nat464Xlat: sending message to ConnectivityService: { when=-1h44m46s728ms what=528387 obj={InterfaceName: rmnet_data0 LinkAddresses: [2607:fb90:a77c:8b7a:72d4:a1b4:5308:8f93/64,]  Routes: [::/0 -> fe80::e84a:a77c:2ff9:260 rmnet_data0,] DnsAddresses: [fd00:976a::9,fd00:976a::10,] Domains: null MTU: 1500 TcpBufferSizes: 786432,1572864,3840000,786432,1572864,3840000} target=com.android.server.ConnectivityService$NetworkStateTrackerHandler }
09-04 16:36:37.842   914  1917 I ActivityManager: START u0 {flg=0x14000000 cmp=com.android.settings/.Settings$DataUsageSummaryActivity} from uid 10042
09-04 16:36:37.867   914   928 E ActivityManager: applyOptionsLocked: Unknown animationType=0
09-04 16:36:37.882   914   928 I ActivityManager: Start proc 2601:com.android.settings/1000 for activity com.android.settings/.Settings$DataUsageSummaryActivity
09-04 16:36:38.745   914   928 D ConnectivityService: Returning blocked NetworkInfo to uid=10098
09-04 16:36:38.932   914   928 I ActivityManager: Start proc 2642:android.process.acore/u0a4 for content provider com.android.providers.userdictionary/.UserDictionaryProvider
09-04 16:36:50.410   914  9542 D WifiService: setWifiEnabled: false pid=1353, uid=10042, package=com.android.systemui
09-04 16:36:50.436   914  1185 D ConnectivityService: NetworkAgentInfo [WIFI () - 102] EVENT_NETWORK_INFO_CHANGED, going from CONNECTED to DISCONNECTED
09-04 16:36:50.436   914  1185 D ConnectivityService: NetworkAgentInfo [WIFI () - 102] got DISCONNECTED, was satisfying 17
09-04 16:36:50.470   914   949 I ActivityManager: Start proc 2672:com.google.android.tv.remote/u0a215 for broadcast com.google.android.tv.remote/.WifiStateChangeReceiver
09-04 16:36:50.542   914  1185 D ConnectivityService: Sending DISCONNECTED broadcast for type 1 NetworkAgentInfo [WIFI () - 102] isDefaultNetwork=true
09-04 16:36:50.864   914  1625 I ActivityManager: Start proc 2715:com.tivophone.android/u0a132 for broadcast com.tivophone.android/com.tivo.net.NetworkStatusMonitor
09-04 16:36:51.722   914  5068 W BroadcastQueue: Background execution not allowed: receiving Intent { act=android.net.wifi.WIFI_STATE_CHANGED flg=0x4000010 (has extras) } to com.nest.android/com.obsidian.v4.goose.healthcheck.GeofenceHealthChangeBroadcastReceiver
09-04 16:36:51.745   914   949 I ActivityManager: Start proc 2759:com.southwestairlines.mobile/u0a166 for broadcast com.southwestairlines.mobile/.core.util.SwaNetworkBroadcastReceiver
09-04 16:36:53.235   914   949 I ActivityManager: Start proc 2819:com.instagram.android/u0a455 for broadcast com.instagram.android/com.instagram.store.PendingActionReceiver
09-04 16:36:53.732   914   927 I ActivityManager: Start proc 2877:com.tripit/u0a207 for broadcast com.tripit/.activity.ConnectivityReceiver
09-04 16:36:53.742  2819  2819 E ActivityThread: Failed to find provider info for com.facebook.katana.provider.AttributionIdProvider
09-04 16:36:53.755   914  5068 I ActivityManager: Killing 397:com.google.android.gms.ui/u10a19 (adj 906): empty #17
09-04 16:36:53.798  2819  2858 E ActivityThread: Failed to find provider info for com.facebook.katana.provider.AttributionIdProvider
09-04 16:36:54.179   610   659 E FrameworkListener: read() failed (Connection reset by peer)
09-04 16:36:55.380   914  5068 I ActivityManager: Start proc 2994:com.android.chrome:sandboxed_process0/u0i34 for webview_service com.tripit/org.chromium.content.app.SandboxedProcessService0
09-04 16:36:55.778   914   949 I ActivityManager: Killing 861:com.google.android.talk/u10a73 (adj 906): empty #17
09-04 16:36:55.779   914   949 I ActivityManager: Killing 512:com.google.android.gms.ui/u0a19 (adj 906): empty for 1800s
09-04 16:36:55.849   914   949 I ActivityManager: Start proc 3028:com.ridecell.platform.leonidas.google/u10a322 for broadcast com.ridecell.platform.leonidas.google/com.ridecell.platform.receivers.NetworkStateReceiver
09-04 16:36:57.639   914  5068 I ActivityManager: Killing 27521:com.google.process.gapps/u10a19 (adj 906): empty #17
09-04 16:36:57.656   914  5068 I ActivityManager: Start proc 3090:com.google.android.apps.gcs/u0a17 for broadcast com.google.android.apps.gcs/.chell.receiver.VpnServiceStartingReceiver
09-04 16:36:58.429   914  9544 I ActivityManager: Killing 1780:com.eclipsim.gpsstatus2/u0a187 (adj 906): empty #17
09-04 16:37:00.003   914   914 I ActivityManager: Killing 2017:com.google.android.apps.playconsole/u0a412 (adj 906): empty #17
09-04 16:37:00.770   914   948 W ContextImpl: Calling a method in the system process without a qualified user: android.app.ContextImpl.sendBroadcast:950 com.android.server.power.PowerManagerService$3.run:994 android.os.Handler.handleCallback:789 android.os.Handler.dispatchMessage:98 android.os.Looper.loop:164 
09-04 16:37:00.822   914   948 W NetworkPolicy: setRestrictBackground: already false
09-04 16:37:00.898   914   914 I SoundTriggerHelper: startRecognition successful.
09-04 16:37:00.898  2251  2264 I AlwaysOnHotwordDetector: onRecognitionResumed
09-04 16:37:01.840   914   948 W ContextImpl: Calling a method in the system process without a qualified user: android.app.ContextImpl.sendBroadcast:950 com.android.server.power.PowerManagerService$3.run:994 android.os.Handler.handleCallback:789 android.os.Handler.dispatchMessage:98 android.os.Looper.loop:164 
09-04 16:37:01.879  2251  2264 I AlwaysOnHotwordDetector: onRecognitionPaused
09-04 16:37:03.656   914  1185 D ConnectivityService: NetworkAgentInfo [MOBILE (LTE) - 101] EVENT_NETWORK_INFO_CHANGED, going from CONNECTED to DISCONNECTED
09-04 16:37:03.656   914  1185 D ConnectivityService: NetworkAgentInfo [MOBILE (LTE) - 101] got DISCONNECTED, was satisfying 2
09-04 16:37:03.683   914  1185 I Nat464Xlat: Stopping clatd
09-04 16:37:04.116   914  9544 D ConnectivityService: registerNetworkAgent NetworkAgentInfo{ ni{[type: MOBILE[LTE], state: CONNECTED/CONNECTED, reason: connected, extra: fast.t-mobile.com, failover: false, available: true, roaming: false, metered: true]}  network{104}  nethandle{446693034718}  lp{{InterfaceName: rmnet_data0 LinkAddresses: [2607:fb90:a77c:8b7a:b5fe:8125:bbc:4b4b/64,]  Routes: [::/0 -> fe80::8d15:91fe:7918:8a19 rmnet_data0,] DnsAddresses: [fd00:976a::9,fd00:976a::10,] Domains: null MTU: 1500 TcpBufferSizes: 786432,1572864,3840000,786432,1572864,3840000}}  nc{[ Transports: CELLULAR Capabilities: SUPL&IA&INTERNET&NOT_RESTRICTED&TRUSTED&NOT_VPN LinkUpBandwidth>=51200Kbps LinkDnBandwidth>=102400Kbps Specifier: <1>]}  Score{10}  everValidated{false}  lastValidated{false}  created{false} lingering{false} explicitlySelected{false} acceptUnvalidated{false} everCaptivePortalDetected{false} lastCaptivePortalDetected{false} }
09-04 16:37:04.117   914  1185 D ConnectivityService: NetworkAgentInfo [MOBILE (LTE) - 104] EVENT_NETWORK_INFO_CHANGED, going from null to CONNECTED
09-04 16:37:04.118   914  1185 D ConnectivityService: Adding iface rmnet_data0 to network 104
09-04 16:37:04.125   914  1185 D ConnectivityService: Setting DNS servers for network 104 to [/fd00:976a::9, /fd00:976a::10]
09-04 16:37:04.131   914  1185 I Nat464Xlat: Starting clatd on rmnet_data0
09-04 16:37:04.159   914  1185 D ConnectivityService: Switching to new default network: NetworkAgentInfo{ ni{[type: MOBILE[LTE], state: CONNECTED/CONNECTED, reason: connected, extra: fast.t-mobile.com, failover: false, available: true, roaming: false, metered: true]}  network{104}  nethandle{446693034718}  lp{{InterfaceName: rmnet_data0 LinkAddresses: [2607:fb90:a77c:8b7a:b5fe:8125:bbc:4b4b/64,]  Routes: [::/0 -> fe80::8d15:91fe:7918:8a19 rmnet_data0,] DnsAddresses: [fd00:976a::9,fd00:976a::10,] Domains: null MTU: 1500 TcpBufferSizes: 786432,1572864,3840000,786432,1572864,3840000}}  nc{[ Transports: CELLULAR Capabilities: SUPL&IA&INTERNET&NOT_RESTRICTED&TRUSTED&NOT_VPN&FOREGROUND LinkUpBandwidth>=51200Kbps LinkDnBandwidth>=102400Kbps Specifier: <1>]}  Score{10}  everValidated{false}  lastValidated{false}  created{true} lingering{false} explicitlySelected{false} acceptUnvalidated{false} everCaptivePortalDetected{false} lastCaptivePortalDetected{false} }
09-04 16:37:04.188   914  1185 D ConnectivityService: Sending CONNECTED broadcast for type 0 NetworkAgentInfo [MOBILE (LTE) - 104] isDefaultNetwork=true
09-04 16:37:04.204   914  9540 D ConnectivityService: Returning blocked NetworkInfo to uid=10056
09-04 16:37:04.207   914  9539 D ConnectivityService: Returning blocked NetworkInfo to uid=10087
09-04 16:37:04.208   914  5069 D ConnectivityService: Returning blocked NetworkInfo to uid=10077
09-04 16:37:04.237   914  2343 D ConnectivityService: Returning blocked NetworkInfo to uid=10124
09-04 16:37:04.406   914   967 I Nat464Xlat: interface v4-rmnet_data0 is up, mIsRunning false->true
09-04 16:37:04.416   914  1620 I ActivityManager: Start proc 3205:com.google.process.gapps/u10a19 for content provider com.google.android.gsf/.gservices.GservicesProvider
09-04 16:37:04.496   914   967 I Nat464Xlat: Adding stacked link v4-rmnet_data0 on top of rmnet_data0
09-04 16:37:04.497   914   967 I Nat464Xlat: sending message to ConnectivityService: { when=-1h45m36s488ms what=528387 obj={InterfaceName: rmnet_data0 LinkAddresses: [2607:fb90:a77c:8b7a:b5fe:8125:bbc:4b4b/64,]  Routes: [::/0 -> fe80::8d15:91fe:7918:8a19 rmnet_data0,] DnsAddresses: [fd00:976a::9,fd00:976a::10,] Domains: null MTU: 1500 TcpBufferSizes: 786432,1572864,3840000,786432,1572864,3840000 Stacked: [ [{InterfaceName: v4-rmnet_data0 LinkAddresses: [192.0.0.4/32,]  Routes: [0.0.0.0/0 -> 192.0.0.4 v4-rmnet_data0,] DnsAddresses: [] Domains: null MTU: 0} ],] } target=com.android.server.ConnectivityService$NetworkStateTrackerHandler }
09-04 16:37:04.498   914  1185 D ConnectivityService: Adding iface v4-rmnet_data0 to network 104
09-04 16:37:04.500   914   967 I Nat464Xlat: interface v4-rmnet_data0 is up, mIsRunning true->true
09-04 16:37:04.690   914  1185 D ConnectivityService: NetworkAgentInfo [MOBILE (LTE) - 104] validation passed
09-04 16:37:04.835   914   927 D ConnectivityService: Returning blocked NetworkInfo to uid=1010322
09-04 16:37:05.348   914   948 W ContextImpl: Calling a method in the system process without a qualified user: android.app.ContextImpl.sendBroadcast:950 com.android.server.power.PowerManagerService$3.run:994 android.os.Handler.handleCallback:789 android.os.Handler.dispatchMessage:98 android.os.Looper.loop:164 
09-04 16:37:05.401   914   948 W NetworkPolicy: setRestrictBackground: already false
09-04 16:37:05.483   914   914 I SoundTriggerHelper: startRecognition successful.
09-04 16:37:05.484  2251  2264 I AlwaysOnHotwordDetector: onRecognitionResumed
09-04 16:37:06.123   914   927 D ConnectivityService: Returning unblocked NetworkInfo to uid=10098
09-04 16:37:23.872   914  9545 D ConnectivityService: registerNetworkAgent NetworkAgentInfo{ ni{[type: MOBILE[LTE], state: CONNECTED/CONNECTED, reason: connected, extra: ims, failover: false, available: true, roaming: false, metered: false]}  network{105}  nethandle{450988002014}  lp{{InterfaceName: rmnet_data6 LinkAddresses: [2607:fc20:a647:4ca5:c4cf:b2e4:4bc8:329d/64,]  Routes: [::/0 -> fe80::b839:3c0d:6242:6934 rmnet_data6,] DnsAddresses: [fd00:976a::9,fd00:976a::10,] Domains: null MTU: 1500 TcpBufferSizes: 786432,1572864,3840000,786432,1572864,3840000}}  nc{[ Transports: CELLULAR Capabilities: IMS&NOT_METERED&TRUSTED&NOT_VPN LinkUpBandwidth>=51200Kbps LinkDnBandwidth>=102400Kbps Specifier: <1>]}  Score{10}  everValidated{false}  lastValidated{false}  created{false} lingering{false} explicitlySelected{false} acceptUnvalidated{false} everCaptivePortalDetected{false} lastCaptivePortalDetected{false} }
09-04 16:37:23.872   914  1185 D ConnectivityService: NetworkAgentInfo [MOBILE (LTE) - 105] EVENT_NETWORK_INFO_CHANGED, going from null to CONNECTED
09-04 16:37:23.875   914  1185 D ConnectivityService: Adding iface rmnet_data6 to network 105
09-04 16:37:23.883   914  1185 D ConnectivityService: Setting DNS servers for network 105 to [/fd00:976a::9, /fd00:976a::10]
09-04 16:37:23.885   914  1185 I Nat464Xlat: Starting clatd on rmnet_data6
09-04 16:37:23.923   914  1185 D ConnectivityService: NetworkAgentInfo [MOBILE (LTE) - 105] validation passed
09-04 16:37:27.537   914  5069 I ActivityManager: Killing 1655:com.android.providers.calendar/u0a5 (adj 906): empty #17
09-04 16:37:27.539   914  5069 I ActivityManager: Killing 1419:com.google.android.gms.unstable/u0a19 (adj 906): empty #18
09-04 16:37:43.189   914   948 I UsageStatsService: User[0] Flushing usage stats to disk
09-04 16:37:43.357   914   948 I UsageStatsService: User[10] Flushing usage stats to disk
09-04 16:37:50.706   914  9539 D ConnectivityService: requestNetwork for uid/pid:10019/2170 NetworkRequest [ REQUEST id=101, [ Transports: WIFI Capabilities: INTERNET&NOT_RESTRICTED&NOT_VPN] ]
09-04 16:38:24.954   914   914 I ActivityManager: Start proc 3485:com.google.android.partnersetup/u10a27 for service com.google.android.partnersetup/.InstalledAppJobService
09-04 16:38:24.994   914   914 I ActivityManager: Start proc 3498:com.google.android.partnersetup/u0a27 for service com.google.android.partnersetup/.InstalledAppJobService
09-04 16:38:25.131   914  2311 I ActivityManager: Killing 1556:com.android.providers.calendar/u10a5 (adj 906): empty #17
09-04 16:38:36.093   914  2311 I ActivityManager: START u0 {flg=0x10804000 cmp=com.android.systemui/.recents.RecentsActivity} from uid 10042
09-04 16:38:45.176   914   948 I ActivityManager: Start proc 3552:com.google.android.calendar/u0a53 for service com.google.android.calendar/com.google.android.syncadapters.calendar.CalendarSyncAdapterService
09-04 16:38:45.260   914  5064 I ActivityManager: Start proc 3570:com.android.providers.calendar/u0a5 for content provider com.android.providers.calendar/.CalendarProvider2
09-04 16:38:45.309   914   927 I ActivityManager: Start proc 3592:com.android.providers.calendar/u10a5 for content provider com.android.providers.calendar/.CalendarProvider2
09-04 16:38:53.559   914  9539 D ConnectivityService: Returning unblocked NetworkInfo to uid=10455
09-04 16:39:01.775   914  2311 W ActivityManager: Permission Denial: Accessing service ComponentInfo{com.google.android.music/com.google.android.music.dial.DialMediaRouteProviderService} from pid=15128, uid=10098 that is not exported from uid 10078
09-04 16:39:08.305   914   928 I ActivityManager: START u0 {flg=0x10804000 cmp=com.android.systemui/.recents.RecentsActivity} from uid 10042
09-04 16:39:08.328   914   927 I ActivityManager: Killing 2642:android.process.acore/u0a4 (adj 906): empty #17
09-04 16:39:08.845   914   927 I ActivityManager: START u0 {cmp=com.android.systemui/.pip.phone.PipMenuActivity (has extras)} from uid 10042
09-04 16:39:08.846   914   927 W ActivityManager: startActivity called from non-Activity context; forcing Intent.FLAG_ACTIVITY_NEW_TASK for: Intent { flg=0x800000 cmp=com.android.systemui/.pip.phone.PipMenuActivity (has extras) }
09-04 16:39:10.820   914  2311 I ActivityManager: START u0 {act=android.intent.action.MAIN cat=[android.intent.category.HOME] flg=0x10200000 cmp=com.google.android.apps.nexuslauncher/.NexusLauncherActivity} from uid 10042
09-04 16:39:17.079   914   928 I ActivityManager: Killing 3090:com.google.android.apps.gcs/u0a17 (adj 906): empty #17
09-04 16:39:17.094   914   928 I ActivityManager: Killing 2672:com.google.android.tv.remote/u0a215 (adj 906): empty #18
09-04 16:39:24.811   914   927 I ActivityManager: START u0 {act=android.intent.action.MAIN dat=dynact://velour/searchresults_activity/SearchResultsActivity?data=agsa:/session?id=15064611061753 flg=0x14002000 cmp=com.google.android.googlequicksearchbox/com.google.android.apps.gsa.velour.dynamichosts.VelvetThemedDynamicHostActivity (has extras)} from uid 10045
09-04 16:39:25.211   914  5068 W BroadcastQueue: Background execution not allowed: receiving Intent { act=android.intent.action.PROVIDER_CHANGED dat=content://com.android.calendar flg=0x20000014 (has extras) } to com.google.android.calendar/.alerts.AlertReceiver
09-04 16:39:25.211   914   949 W BroadcastQueue: Background execution not allowed: receiving Intent { act=android.intent.action.PROVIDER_CHANGED dat=content://com.android.calendar flg=0x20000014 (has extras) } to com.google.android.calendar/com.android.calendar.widget.CalendarAppWidgetProvider
09-04 16:39:25.212   914   949 W BroadcastQueue: Background execution not allowed: receiving Intent { act=android.intent.action.PROVIDER_CHANGED dat=content://com.android.calendar flg=0x20000014 (has extras) } to com.google.android.calendar/.widgetmonth.model.MonthViewWidgetModelRefresher
09-04 16:39:25.239   914  9539 I ActivityManager: Start proc 3748:com.waze/u0a225 for broadcast com.waze/.CalendarChangeReceiver
09-04 16:39:25.536   914   927 W BroadcastQueue: Background execution not allowed: receiving Intent { act=android.intent.action.PROVIDER_CHANGED dat=content://com.android.calendar flg=0x20000014 (has extras) } to com.google.android.calendar/.alerts.AlertReceiver
09-04 16:39:25.536   914   949 W BroadcastQueue: Background execution not allowed: receiving Intent { act=android.intent.action.PROVIDER_CHANGED dat=content://com.android.calendar flg=0x20000014 (has extras) } to com.google.android.calendar/com.android.calendar.widget.CalendarAppWidgetProvider
09-04 16:39:25.537   914   949 W BroadcastQueue: Background execution not allowed: receiving Intent { act=android.intent.action.PROVIDER_CHANGED dat=content://com.android.calendar flg=0x20000014 (has extras) } to com.google.android.calendar/.widgetmonth.model.MonthViewWidgetModelRefresher
09-04 16:39:25.559   914   927 I ActivityManager: Start proc 3776:com.waze/u10a225 for broadcast com.waze/.CalendarChangeReceiver
09-04 16:39:26.974   914  9539 I ActivityManager: Start proc 3810:com.android.chrome:sandboxed_process5/u0i35 for webview_service com.android.chrome/org.chromium.content.app.SandboxedProcessService5
09-04 16:39:28.407   914  9539 D ConnectivityService: Returning unblocked NetworkInfo to uid=10056
09-04 16:39:28.442   914  5068 I ActivityManager: Process com.android.chrome:sandboxed_process5 (pid 3810) has died: cch  CACC
09-04 16:39:28.442   914  5068 W ActivityManager: Scheduling restart of crashed service com.android.chrome/org.chromium.content.app.SandboxedProcessService5 in 1000ms
09-04 16:39:28.503   914  5068 I ActivityManager: Start proc 3845:com.android.chrome:sandboxed_process6/u0i36 for webview_service com.android.chrome/org.chromium.content.app.SandboxedProcessService6
09-04 16:39:28.563   914  2311 I ActivityManager: START u0 {act=android.intent.action.VIEW cat=[android.intent.category.BROWSABLE] dat=https://www.tesla.com/... flg=0x18081000 pkg=com.google.android.googlequicksearchbox cmp=com.google.android.googlequicksearchbox/com.google.android.apps.gsa.cctshim.ChromeplateShim (has extras)} from uid 10045
09-04 16:39:28.597   914  2311 I ActivityManager: START u0 {act=android.intent.action.VIEW cat=[android.intent.category.BROWSABLE] dat=https://www.tesla.com/... pkg=com.google.android.googlequicksearchbox cmp=com.android.chrome/com.google.android.apps.chrome.Main (has extras)} from uid 10045
09-04 16:39:28.734   914  5068 I ActivityManager: START u0 {act=android.intent.action.VIEW cat=[android.intent.category.BROWSABLE] dat=https://www.tesla.com/... flg=0x800000 pkg=com.google.android.googlequicksearchbox cmp=com.android.chrome/org.chromium.chrome.browser.customtabs.CustomTabActivity (has extras)} from uid 10056
09-04 16:39:28.835   914  5068 I ActivityManager: Start proc 3871:com.android.chrome:sandboxed_process7/u0i37 for webview_service com.android.chrome/org.chromium.content.app.SandboxedProcessService7
09-04 16:39:28.966   914   927 I ActivityManager: Killing 3845:com.android.chrome:sandboxed_process6/u0a56i36 (adj 0): isolated not needed
09-04 16:39:45.269   914   928 I ActivityManager: START u0 {cmp=com.android.systemui/.pip.phone.PipMenuActivity (has extras)} from uid 10042
09-04 16:39:45.270   914   928 W ActivityManager: startActivity called from non-Activity context; forcing Intent.FLAG_ACTIVITY_NEW_TASK for: Intent { flg=0x800000 cmp=com.android.systemui/.pip.phone.PipMenuActivity (has extras) }
09-04 16:39:46.807   914   949 I ActivityManager: Killing 2819:com.instagram.android/u0a455 (adj 906): empty #17
09-04 16:39:52.886   914   949 I ActivityManager: Killing 2759:com.southwestairlines.mobile/u0a166 (adj 906): empty #17
09-04 16:39:58.288   914  1626 I ActivityManager: START u0 {cmp=com.android.systemui/.pip.phone.PipMenuActivity (has extras)} from uid 10042
09-04 16:39:58.289   914  1626 W ActivityManager: startActivity called from non-Activity context; forcing Intent.FLAG_ACTIVITY_NEW_TASK for: Intent { flg=0x800000 cmp=com.android.systemui/.pip.phone.PipMenuActivity (has extras) }
09-04 16:40:25.854   914  9542 I ActivityManager: Start proc 4052:com.google.android.videos/u0a93 for service com.google.android.videos/.service.drm.RefreshLicenseTaskService
09-04 16:40:26.638   914   927 W ActivityManager: Background start not allowed: service Intent { cmp=com.google.android.videos/.service.pinning.TransferService (has extras) } to com.google.android.videos/.service.pinning.TransferService from pid=4052 uid=10093 pkg=com.google.android.videos
09-04 16:40:26.722   914  1626 D ConnectivityService: Returning unblocked NetworkInfo to uid=10093
09-04 16:40:46.942   914  9542 I ActivityManager: Killing 2994:com.android.chrome:sandboxed_process0/u0a207i34 (adj 906): empty #17
09-04 16:40:46.962   914   927 W ActivityManager: Scheduling restart of crashed service com.tripit/org.chromium.content.app.SandboxedProcessService0 in 1000ms
09-04 16:40:47.051   914   927 D ConnectivityService: ConnectivityService NetworkRequestInfo binderDied(NetworkRequest [ LISTEN id=100, [ Capabilities: INTERNET&NOT_RESTRICTED&TRUSTED&FOREGROUND] ], android.os.BinderProxy@ff13fa0)
09-04 16:40:47.051   914  1626 D ConnectivityService: ConnectivityService NetworkRequestInfo binderDied(NetworkRequest [ LISTEN id=99, [ Capabilities: INTERNET&NOT_RESTRICTED&TRUSTED&FOREGROUND] ], android.os.BinderProxy@6ada0a3)
09-04 16:40:47.053   914  1185 E ConnectivityService: RemoteException caught trying to send a callback msg for NetworkRequest [ LISTEN id=100, [ Capabilities: INTERNET&NOT_RESTRICTED&TRUSTED&FOREGROUND] ]
09-04 16:40:47.053   914  1185 E ConnectivityService: RemoteException caught trying to send a callback msg for NetworkRequest [ LISTEN id=99, [ Capabilities: INTERNET&NOT_RESTRICTED&TRUSTED&FOREGROUND] ]
09-04 16:40:47.054   914   927 I ActivityManager: Process com.tripit (pid 2877) has died: cch+6CEM 
09-04 16:41:10.537   914   949 I ActivityManager: Start proc 4189:com.twitter.android/u0a253 for broadcast com.twitter.android/com.twitter.library.platform.PushReceiver
09-04 16:41:11.030   914  5033 I ActivityManager: Start proc 4226:com.android.chrome:sandboxed_process0/u0i38 for webview_service com.twitter.android/org.chromium.content.app.SandboxedProcessService0
09-04 16:41:12.198   914  2320 I ActivityManager: Start proc 4307:com.android.chrome:sandboxed_process8/u0i39 for webview_service com.android.chrome/org.chromium.content.app.SandboxedProcessService8
09-04 16:41:20.156   914   914 W JobServiceContext: df79443 #u0a253/1003 com.twitter.android/com.twitter.library.platform.TwitterDataSyncService
09-04 16:41:20.179   914  2320 I ActivityManager: Killing 2715:com.tivophone.android/u0a132 (adj 906): empty #17
09-04 16:41:34.609   914  9547 I ActivityManager: START u0 {cmp=com.android.systemui/.pip.phone.PipMenuActivity (has extras)} from uid 10042
09-04 16:41:34.609   914  9547 W ActivityManager: startActivity called from non-Activity context; forcing Intent.FLAG_ACTIVITY_NEW_TASK for: Intent { flg=0x800000 cmp=com.android.systemui/.pip.phone.PipMenuActivity (has extras) }
09-04 16:42:26.056   914   949 I ActivityManager: Start proc 4457:com.instagram.android/u0a455 for broadcast com.instagram.android/com.instagram.common.analytics.AnalyticsUploadAlarmReceiver
09-04 16:42:26.869  4457  4457 E ActivityThread: Failed to find provider info for com.facebook.katana.provider.AttributionIdProvider
09-04 16:42:26.943  4457  4497 E ActivityThread: Failed to find provider info for com.facebook.katana.provider.AttributionIdProvider
09-04 16:42:33.128   914  2396 I ActivityManager: Killing 3028:com.ridecell.platform.leonidas.google/u10a322 (adj 906): empty #17
09-04 16:44:33.120   914  5033 I ActivityManager: START u0 {cmp=com.android.systemui/.pip.phone.PipMenuActivity (has extras)} from uid 10042
09-04 16:44:33.120   914  5033 W ActivityManager: startActivity called from non-Activity context; forcing Intent.FLAG_ACTIVITY_NEW_TASK for: Intent { flg=0x800000 cmp=com.android.systemui/.pip.phone.PipMenuActivity (has extras) }
09-04 16:44:34.011   914  1620 W WindowManager: Ignoring move of always-on-top stack=com.android.server.wm.DisplayContent$TaskStackContainers@b7ec34c to bottom
09-04 16:44:34.072   914   927 W ActivityManager: Activity ActivityRecord{81bfe9 u0 com.android.systemui/.pip.phone.PipMenuActivity t10728 f} being finished, but not in LRU list
09-04 16:44:34.079   914  5033 W ActivityManager: Duplicate finish request for ActivityRecord{81bfe9 u0 com.android.systemui/.pip.phone.PipMenuActivity t10728 f}
09-04 16:44:34.205   914  2396 W WindowManager: Failed to load bitmap: /data/system_ce/0/snapshots/10728_reduced.jpg
09-04 16:44:42.721   914  2396 I ActivityManager: Killing 3485:com.google.android.partnersetup/u10a27 (adj 906): empty #17
09-04 16:45:08.741   914  2320 I ActivityManager: Process com.android.chrome:sandboxed_process8 (pid 4307) has died: cch  SVC 
09-04 16:45:08.741   914  2320 W ActivityManager: Scheduling restart of crashed service com.android.chrome/org.chromium.content.app.SandboxedProcessService8 in 1000ms
09-04 16:45:08.837   914  9548 I ActivityManager: Start proc 4704:com.android.chrome:sandboxed_process9/u0i40 for webview_service com.android.chrome/org.chromium.content.app.SandboxedProcessService9
09-04 16:45:09.374   914  9541 I ActivityManager: Start proc 4723:com.android.chrome:sandboxed_process10/u0i41 for webview_service com.android.chrome/org.chromium.content.app.SandboxedProcessService10
09-04 16:45:09.456   914  5064 I ActivityManager: Process com.android.chrome:sandboxed_process7 (pid 3871) has died: fore SVC 
09-04 16:45:09.456   914  5064 W ActivityManager: Scheduling restart of crashed service com.android.chrome/org.chromium.content.app.SandboxedProcessService7 in 1000ms
09-04 16:45:09.677   914  9548 I ActivityManager: Start proc 4745:com.android.chrome:sandboxed_process7/u0i42 for webview_service com.android.chrome/org.chromium.content.app.SandboxedProcessService7
09-04 16:45:09.791   914  5033 I ActivityManager: Killing 4745:com.android.chrome:sandboxed_process7/u0a56i42 (adj 0): isolated not needed
09-04 16:45:14.650   914   967 W RemoteFillService: Not handling { when=-1ms what=3 target=com.android.internal.os.HandlerCaller$MyHandler } as service for ComponentInfo{com.google.android.gms/com.google.android.gms.autofill.service.AutofillService} is already destroyed
09-04 16:45:18.627   914  1620 I ActivityManager: Process com.android.chrome:sandboxed_process10 (pid 4723) has died: cch  CACC
09-04 16:45:18.627   914  1620 W ActivityManager: Scheduling restart of crashed service com.android.chrome/org.chromium.content.app.SandboxedProcessService10 in 1000ms
09-04 16:45:18.672   914  1620 I ActivityManager: Start proc 4832:com.android.chrome:sandboxed_process11/u0i43 for webview_service com.android.chrome/org.chromium.content.app.SandboxedProcessService11
09-04 16:45:19.811   914  1626 I ActivityManager: START u0 {act=android.intent.action.VIEW cat=[android.intent.category.BROWSABLE] dat=https://comparison.tesla.com/... flg=0x18081000 pkg=com.google.android.googlequicksearchbox cmp=com.google.android.googlequicksearchbox/com.google.android.apps.gsa.cctshim.ChromeplateShim (has extras)} from uid 10045
09-04 16:45:19.845   914  1620 I ActivityManager: START u0 {act=android.intent.action.VIEW cat=[android.intent.category.BROWSABLE] dat=https://comparison.tesla.com/... pkg=com.google.android.googlequicksearchbox cmp=com.android.chrome/com.google.android.apps.chrome.Main (has extras)} from uid 10045
09-04 16:45:19.932   914  1625 I ActivityManager: START u0 {act=android.intent.action.VIEW cat=[android.intent.category.BROWSABLE] dat=https://comparison.tesla.com/... flg=0x800000 pkg=com.google.android.googlequicksearchbox cmp=com.android.chrome/org.chromium.chrome.browser.customtabs.CustomTabActivity (has extras)} from uid 10056
09-04 16:45:20.012   914  1625 I ActivityManager: Start proc 4889:com.android.chrome:sandboxed_process12/u0i44 for webview_service com.android.chrome/org.chromium.content.app.SandboxedProcessService12
09-04 16:45:20.058   914  9539 I ActivityManager: Process com.android.chrome:sandboxed_process11 (pid 4832) has died: vis  TOP 
09-04 16:45:20.058   914  9539 W ActivityManager: Scheduling restart of crashed service com.android.chrome/org.chromium.content.app.SandboxedProcessService11 in 1000ms
09-04 16:45:21.912   914  1625 I ActivityManager: Killing 4704:com.android.chrome:sandboxed_process9/u0a56i40 (adj 0): isolated not needed
09-04 16:45:34.325   914   949 W ActivityManager: Stopping service due to app idle: u0a98 -1m0s157ms com.google.android.youtube/com.google.android.libraries.youtube.player.background.service.BackgroundPlayerService
09-04 16:46:38.036   914  5069 I ActivityManager: START u0 {act=android.intent.action.VIEW dat=https://comparison.tesla.com/... flg=0x10000000 pkg=com.android.chrome cmp=com.android.chrome/org.chromium.chrome.browser.document.ChromeLauncherActivity (has extras)} from uid 10056
09-04 16:46:38.157   914  9548 I ActivityManager: START u0 {act=android.intent.action.VIEW dat=https://comparison.tesla.com/... flg=0x14002000 pkg=com.android.chrome cmp=com.android.chrome/org.chromium.chrome.browser.ChromeTabbedActivity (has extras)} from uid 10056
09-04 16:46:38.252   914  9548 I ActivityManager: Start proc 4991:com.android.chrome:sandboxed_process13/u0i45 for webview_service com.android.chrome/org.chromium.content.app.SandboxedProcessService13
09-04 16:46:44.280   914   967 W RemoteFillService: Not handling { when=-5ms what=3 target=com.android.internal.os.HandlerCaller$MyHandler } as service for ComponentInfo{com.google.android.gms/com.google.android.gms.autofill.service.AutofillService} is already destroyed
09-04 16:47:10.961   914  2396 I ActivityManager: Start proc 5058:com.android.chrome:sandboxed_process14/u0i46 for webview_service com.android.chrome/org.chromium.content.app.SandboxedProcessService14
09-04 16:47:11.401   914  2396 I ActivityManager: Process com.android.chrome:sandboxed_process12 (pid 4889) has died: fore TOP 
09-04 16:47:11.401   914  2396 W ActivityManager: Scheduling restart of crashed service com.android.chrome/org.chromium.content.app.SandboxedProcessService12 in 1000ms
09-04 16:48:05.225   914   950 I ActivityManager: Config changes=480 {1.0 310mcc260mnc [en_US] ldltr sw411dp w683dp h387dp 560dpi nrml widecg land finger -keyb/v/h dpad/v appBounds=Rect(168, 0 - 2560, 1440) s.33}
09-04 16:48:05.314   914   950 I ActivityManager: Override config changes=480 {1.0 310mcc260mnc [en_US] ldltr sw411dp w683dp h387dp 560dpi nrml widecg land finger -keyb/v/h dpad/v appBounds=Rect(168, 0 - 2560, 1440) s.33} for displayId=0
09-04 16:48:05.396   914   950 W Looper  : Dispatch took 246ms on android.ui, h=Handler (com.android.server.policy.PhoneWindowManager$PolicyHandler) {d2fd012} cb=com.android.server.policy.PhoneWindowManager$MyOrientationListener$1@ead43e3 msg=0
09-04 16:48:05.624   914  1151 I WindowManager: Screen frozen for +471ms due to Window{587d6c2 u0 StatusBar}
09-04 16:49:42.587   914   950 I ActivityManager: Config changes=480 {1.0 310mcc260mnc [en_US] ldltr sw411dp w411dp h659dp 560dpi nrml widecg port finger -keyb/v/h dpad/v appBounds=Rect(0, 0 - 1440, 2392) s.34}
09-04 16:49:42.670   914   950 I ActivityManager: Override config changes=480 {1.0 310mcc260mnc [en_US] ldltr sw411dp w411dp h659dp 560dpi nrml widecg port finger -keyb/v/h dpad/v appBounds=Rect(0, 0 - 1440, 2392) s.34} for displayId=0
09-04 16:49:42.688   914   950 W Looper  : Dispatch took 160ms on android.ui, h=Handler (com.android.server.policy.PhoneWindowManager$PolicyHandler) {d2fd012} cb=com.android.server.policy.PhoneWindowManager$MyOrientationListener$1@ead43e3 msg=0
09-04 16:49:42.926   914  1151 I WindowManager: Screen frozen for +389ms due to Window{353354d u0 NavigationBar}
