--------- beginning of system
09-04 14:44:57.771  2251  2264 I AlwaysOnHotwordDetector: onDetected
09-04 14:44:58.245   914  5033 I chatty  : uid=1000(system) Binder:914_E expire 3 lines
09-04 14:44:58.902   914   975 I chatty  : uid=1000(system) PackageManager expire 2 lines
09-04 14:44:58.975   914   914 I chatty  : uid=1000 system_server expire 12 lines
09-04 14:44:59.056   914  1483 I chatty  : uid=1000(system) Binder:914_4 expire 12 lines
09-04 14:44:59.118   914  9547 I chatty  : uid=1000(system) Binder:914_19 expire 2 lines
09-04 14:44:59.295   914  1917 I chatty  : uid=1000(system) Binder:914_8 expire 10 lines
09-04 14:44:59.751   914  5068 I chatty  : uid=1000(system) Binder:914_11 expire 1 line
09-04 14:45:00.225   914   948 I chatty  : uid=1000(system) android.bg expire 3 lines
09-04 14:45:00.324   914  1626 I chatty  : uid=1000(system) Binder:914_7 expire 7 lines
09-04 14:45:00.328   914  1185 I chatty  : uid=1000(system) ConnectivitySer expire 4 lines
09-04 14:45:00.367   914  2320 I chatty  : uid=1000(system) Binder:914_B expire 4 lines
09-04 14:45:01.832   914   949 I chatty  : uid=1000(system) ActivityManager expire 10 lines
09-04 14:45:08.892   914  9541 I chatty  : uid=1000(system) Binder:914_15 expire 3 lines
09-04 14:45:28.316   914   927 I chatty  : uid=1000(system) Binder:914_1 expire 2 lines
09-04 14:45:34.134   914  2310 I chatty  : uid=1000(system) Binder:914_9 expire 9 lines
09-04 14:45:36.454   914   969 I chatty  : uid=1000(system) android.display expire 3 lines
09-04 14:45:39.686   914   950 I chatty  : uid=1000(system) android.ui expire 3 lines
09-04 14:45:40.437   914  1151 I chatty  : uid=1000(system) android.anim expire 1 line
09-04 14:45:40.696   914  9542 I chatty  : uid=1000(system) Binder:914_16 expire 4 lines
09-04 14:45:41.428 16082 16082 W PackageParser: No actions in intent filter at /data/user/0/com.google.android.vr.home/files/gcs_daydream_welcome.apk Binary XML file line #20
09-04 14:45:41.521   914   928 I chatty  : uid=1000(system) Binder:914_2 expire 3 lines
09-04 14:45:41.946   914   949 I chatty  : uid=1000(system) ActivityManager expire 11 lines
09-04 14:45:42.128   914  9544 I chatty  : uid=1000(system) Binder:914_17 expire 4 lines
09-04 14:45:42.804   914  1317 I chatty  : uid=1000(system) Binder:914_3 expire 1 line
09-04 14:45:45.560   914  2311 I chatty  : uid=1000(system) Binder:914_A expire 2 lines
09-04 14:45:47.264   914  9545 I chatty  : uid=1000(system) Binder:914_18 expire 10 lines
09-04 14:45:48.176 16241 16241 E ActivityThread: Failed to find provider info for com.facebook.katana.provider.AttributionIdProvider
09-04 14:45:48.376 16241 16268 E ActivityThread: Failed to find provider info for com.facebook.katana.provider.AttributionIdProvider
09-04 14:45:53.551   914  9539 I chatty  : uid=1000(system) Binder:914_13 expire 9 lines
09-04 14:46:01.496   914  5064 I chatty  : uid=1000(system) Binder:914_F expire 3 lines
09-04 14:46:04.064 16502 16525 D ActivityThread: Loading provider com.google.android.gmail.provider;com.android.mail.notifier;com.google.android.gm.email.provider;com.google.android.gm.tasks.provider;com.google.android.gm.email.notifier: com.android.email.provider.EmailProvider
09-04 14:46:21.000 16763 16763 W PackageParser: No actions in intent filter at /data/user/0/com.google.android.vr.home/files/gcs_daydream_welcome.apk Binary XML file line #20
09-04 14:47:33.105   914   949 I chatty  : uid=1000(system) ActivityManager expire 21 lines
09-04 14:48:35.030   914   927 I chatty  : uid=1000(system) Binder:914_1 expire 8 lines
09-04 14:49:35.384   914  1626 I chatty  : uid=1000(system) Binder:914_7 expire 6 lines
09-04 14:49:36.750   914  9545 I chatty  : uid=1000(system) Binder:914_18 expire 6 lines
09-04 14:50:48.226   914  1625 I chatty  : uid=1000(system) Binder:914_6 expire 2 lines
09-04 14:50:48.252 17091 17091 E ActivityThread: Failed to find provider info for com.facebook.katana.provider.AttributionIdProvider
09-04 14:50:48.320 17091 17118 E ActivityThread: Failed to find provider info for com.facebook.katana.provider.AttributionIdProvider
09-04 14:51:48.206   914   949 I chatty  : uid=1000(system) ActivityManager expire 29 lines
09-04 14:52:02.220   914  2396 I chatty  : uid=1000(system) Binder:914_D expire 1 line
09-04 14:53:48.548   914   975 I chatty  : uid=1000(system) PackageManager expire 10 lines
09-04 14:53:51.637   914   969 I chatty  : uid=1000(system) android.display expire 2 lines
09-04 14:53:52.969   914  5068 I chatty  : uid=1000(system) Binder:914_11 expire 6 lines
09-04 14:53:55.205   914   914 I chatty  : uid=1000 system_server expire 6 lines
09-04 14:53:55.206   914  9541 I chatty  : uid=1000(system) Binder:914_15 expire 7 lines
09-04 14:53:55.207   914  1917 I chatty  : uid=1000(system) Binder:914_8 expire 20 lines
09-04 14:53:55.240   914   928 I chatty  : uid=1000(system) Binder:914_2 expire 1 line
09-04 14:53:55.251   914  9539 I chatty  : uid=1000(system) Binder:914_13 expire 1 line
09-04 14:53:55.392   914  9542 I chatty  : uid=1000(system) Binder:914_16 expire 5 lines
09-04 14:53:55.456   914  5064 I chatty  : uid=1000(system) Binder:914_F expire 3 lines
09-04 14:53:55.768   914   948 I chatty  : uid=1000(system) android.bg expire 4 lines
09-04 14:53:56.507   914  1151 I chatty  : uid=1000(system) android.anim expire 3 lines
09-04 14:53:56.986   914  2310 I chatty  : uid=1000(system) Binder:914_9 expire 2 lines
09-04 14:53:57.781   914  5067 I chatty  : uid=1000(system) Binder:914_10 expire 3 lines
09-04 14:53:57.861   914  5069 I chatty  : uid=1000(system) Binder:914_12 expire 9 lines
09-04 14:53:59.321   914  1185 I chatty  : uid=1000(system) ConnectivitySer expire 3 lines
09-04 14:54:05.390   914  1620 I chatty  : uid=1000(system) Binder:914_5 expire 4 lines
09-04 14:54:09.531 18039 18063 D ActivityThread: Loading provider com.google.android.gmail.provider;com.android.mail.notifier;com.google.android.gm.email.provider;com.google.android.gm.tasks.provider;com.google.android.gm.email.notifier: com.android.email.provider.EmailProvider
09-04 14:54:10.569   914   949 I chatty  : uid=1000(system) ActivityManager expire 4 lines
09-04 14:54:11.474   914  1917 I chatty  : uid=1000(system) Binder:914_8 expire 3 lines
09-04 14:54:42.895   914  2320 I chatty  : uid=1000(system) Binder:914_B expire 4 lines
09-04 14:54:48.674   914  2343 I chatty  : uid=1000(system) Binder:914_C expire 6 lines
09-04 14:54:51.219   914   954 I chatty  : uid=1000(system) batterystats-sy expire 1 line
09-04 14:55:02.444   914   950 I chatty  : uid=1000(system) android.ui expire 1 line
09-04 14:55:05.153   914  9544 I chatty  : uid=1000(system) Binder:914_17 expire 4 lines
09-04 14:55:34.741   914   975 I chatty  : uid=1000(system) PackageManager expire 2 lines
09-04 14:55:34.780   914   949 I chatty  : uid=1000(system) ActivityManager expire 10 lines
09-04 14:55:34.810   914   914 I chatty  : uid=1000 system_server expire 6 lines
09-04 14:55:34.846   914  2396 I chatty  : uid=1000(system) Binder:914_D expire 4 lines
09-04 14:55:34.847   914  1483 I chatty  : uid=1000(system) Binder:914_4 expire 4 lines
09-04 14:55:34.888   914  5069 I chatty  : uid=1000(system) Binder:914_12 expire 1 line
09-04 14:55:34.962   914  1317 I chatty  : uid=1000(system) Binder:914_3 expire 15 lines
09-04 14:55:35.088   914  9541 I chatty  : uid=1000(system) Binder:914_15 expire 6 lines
09-04 14:55:35.288   914  5067 I chatty  : uid=1000(system) Binder:914_10 expire 5 lines
09-04 14:55:35.597   914  1626 I chatty  : uid=1000(system) Binder:914_7 expire 10 lines
09-04 14:55:36.329   914   948 I chatty  : uid=1000(system) android.bg expire 8 lines
09-04 14:55:36.631   914  1151 I chatty  : uid=1000(system) android.anim expire 2 lines
09-04 14:55:38.888 18748 18748 W PackageParser: No actions in intent filter at /data/user/0/com.google.android.vr.home/files/gcs_daydream_welcome.apk Binary XML file line #20
09-04 14:55:39.153   914  1625 I chatty  : uid=1000(system) Binder:914_6 expire 15 lines
09-04 14:55:40.067   914  9548 I chatty  : uid=1000(system) Binder:914_1A expire 9 lines
09-04 14:55:40.331   914   950 I chatty  : uid=1000(system) android.ui expire 4 lines
09-04 14:55:41.685   914  2310 I chatty  : uid=1000(system) Binder:914_9 expire 10 lines
09-04 14:55:44.851   914  1917 I chatty  : uid=1000(system) Binder:914_8 expire 36 lines
09-04 14:55:45.406   914  2311 I chatty  : uid=1000(system) Binder:914_A expire 2 lines
09-04 14:55:46.933   914  1185 I chatty  : uid=1000(system) ConnectivitySer expire 1 line
09-04 14:55:50.634   914  5033 I chatty  : uid=1000(system) Binder:914_E expire 8 lines
09-04 14:55:50.858 19017 19017 E ActivityThread: Failed to find provider info for com.facebook.katana.provider.AttributionIdProvider
09-04 14:55:51.040 19017 19061 E ActivityThread: Failed to find provider info for com.facebook.katana.provider.AttributionIdProvider
09-04 14:55:57.634   914  5068 I chatty  : uid=1000(system) Binder:914_11 expire 2 lines
09-04 14:56:01.788   914  1620 I chatty  : uid=1000(system) Binder:914_5 expire 14 lines
09-04 14:56:02.191   914  1160 I chatty  : uid=1000(system) AlarmManager expire 1 line
09-04 14:56:03.751   914   927 I chatty  : uid=1000(system) Binder:914_1 expire 1 line
09-04 14:56:03.752   914   949 I chatty  : uid=1000(system) ActivityManager expire 7 lines
09-04 14:56:12.795   914  2343 I chatty  : uid=1000(system) Binder:914_C expire 7 lines
09-04 14:56:19.763   914  9547 I chatty  : uid=1000(system) Binder:914_19 expire 2 lines
09-04 14:56:20.526   914  1917 I chatty  : uid=1000(system) Binder:914_8 expire 13 lines
09-04 14:56:20.961   914  9542 I chatty  : uid=1000(system) Binder:914_16 expire 11 lines
09-04 14:56:23.124   914  5064 I chatty  : uid=1000(system) Binder:914_F expire 10 lines
09-04 14:56:23.125   914   950 I chatty  : uid=1000(system) android.ui expire 3 lines
09-04 14:56:30.290   914  1483 I chatty  : uid=1000(system) Binder:914_4 expire 15 lines
09-04 14:56:30.501   914  1620 I chatty  : uid=1000(system) Binder:914_5 expire 4 lines
09-04 14:56:32.343   914   927 I chatty  : uid=1000(system) Binder:914_1 expire 10 lines
09-04 14:56:32.915   914   949 I chatty  : uid=1000(system) ActivityManager expire 19 lines
09-04 14:56:33.981 19329 19375 D ActivityThread: Loading provider com.google.android.gmail.provider;com.android.mail.notifier;com.google.android.gm.email.provider;com.google.android.gm.tasks.provider;com.google.android.gm.email.notifier: com.android.email.provider.EmailProvider
09-04 14:56:43.972   914  9545 I chatty  : uid=1000(system) Binder:914_18 expire 7 lines
09-04 14:56:53.091   914   969 I chatty  : uid=1000(system) android.display expire 3 lines
09-04 14:56:54.229   914  5068 I chatty  : uid=1000(system) Binder:914_11 expire 3 lines
09-04 14:56:57.757   914  9544 I chatty  : uid=1000(system) Binder:914_17 expire 11 lines
09-04 14:56:58.611   914  5064 I chatty  : uid=1000(system) Binder:914_F expire 7 lines
09-04 14:57:00.636   914  2343 I chatty  : uid=1000(system) Binder:914_C expire 10 lines
09-04 14:57:10.263 19914 19914 W PackageParser: No actions in intent filter at /data/user/0/com.google.android.vr.home/files/gcs_daydream_welcome.apk Binary XML file line #20
09-04 14:57:19.383   914  1185 I chatty  : uid=1000(system) ConnectivitySer expire 3 lines
09-04 14:57:23.969   914  1625 I chatty  : uid=1000(system) Binder:914_6 expire 2 lines
09-04 14:59:54.823   914   975 I chatty  : uid=1000(system) PackageManager expire 6 lines
09-04 15:00:01.611   914  1317 I chatty  : uid=1000(system) Binder:914_3 expire 5 lines
09-04 15:00:01.629   914  5033 I chatty  : uid=1000(system) Binder:914_E expire 4 lines
09-04 15:00:01.703   914   914 I chatty  : uid=1000 system_server expire 6 lines
09-04 15:00:01.971   914  5067 I chatty  : uid=1000(system) Binder:914_10 expire 3 lines
09-04 15:00:02.235   914   948 I chatty  : uid=1000(system) android.bg expire 2 lines
09-04 15:00:03.946   914  2320 I chatty  : uid=1000(system) Binder:914_B expire 3 lines
09-04 15:00:04.147   914  9548 I chatty  : uid=1000(system) Binder:914_1A expire 6 lines
09-04 15:00:05.730   914   928 I chatty  : uid=1000(system) Binder:914_2 expire 3 lines
09-04 15:00:06.636   914  2311 I chatty  : uid=1000(system) Binder:914_A expire 1 line
09-04 15:00:06.653 20445 20445 E ActivityThread: Failed to find provider info for com.facebook.katana.provider.AttributionIdProvider
09-04 15:00:06.723 20445 20473 E ActivityThread: Failed to find provider info for com.facebook.katana.provider.AttributionIdProvider
09-04 15:00:07.395   914  1626 I chatty  : uid=1000(system) Binder:914_7 expire 2 lines
09-04 15:00:09.243   914   949 I chatty  : uid=1000(system) ActivityManager expire 8 lines
09-04 15:00:11.186   914  9540 I chatty  : uid=1000(system) Binder:914_14 expire 3 lines
09-04 15:00:12.511   914  9541 I chatty  : uid=1000(system) Binder:914_15 expire 3 lines
09-04 15:00:14.691 20801 20825 D ActivityThread: Loading provider com.google.android.gmail.provider;com.android.mail.notifier;com.google.android.gm.email.provider;com.google.android.gm.tasks.provider;com.google.android.gm.email.notifier: com.android.email.provider.EmailProvider
09-04 15:00:16.171   914  2343 I chatty  : uid=1000(system) Binder:914_C expire 8 lines
09-04 15:00:24.576   914  5064 I chatty  : uid=1000(system) Binder:914_F expire 9 lines
09-04 15:00:31.879   914   927 I chatty  : uid=1000(system) Binder:914_1 expire 9 lines
09-04 15:00:46.010   914  2396 I chatty  : uid=1000(system) Binder:914_D expire 3 lines
09-04 15:00:47.642   914  9545 I chatty  : uid=1000(system) Binder:914_18 expire 6 lines
09-04 15:00:49.895   914  9542 I chatty  : uid=1000(system) Binder:914_16 expire 3 lines
09-04 15:00:56.644   914  1185 I chatty  : uid=1000(system) ConnectivitySer expire 5 lines
09-04 15:01:07.468   914   949 I chatty  : uid=1000(system) ActivityManager expire 13 lines
09-04 15:01:10.839   914   969 I chatty  : uid=1000(system) android.display expire 4 lines
09-04 15:02:19.522   914   975 I chatty  : uid=1000(system) PackageManager expire 12 lines
09-04 15:02:27.003   914  1620 I chatty  : uid=1000(system) Binder:914_5 expire 1 line
09-04 15:02:27.739   914   914 I chatty  : uid=1000 system_server expire 10 lines
09-04 15:02:27.815   914  9544 I chatty  : uid=1000(system) Binder:914_17 expire 4 lines
09-04 15:02:27.868   914  9539 I chatty  : uid=1000(system) Binder:914_13 expire 9 lines
09-04 15:02:27.968   914  5033 I chatty  : uid=1000(system) Binder:914_E expire 9 lines
09-04 15:02:28.529   914   948 I chatty  : uid=1000(system) android.bg expire 2 lines
09-04 15:02:28.626   914  5068 I chatty  : uid=1000(system) Binder:914_11 expire 6 lines
09-04 15:02:28.767   914  9541 I chatty  : uid=1000(system) Binder:914_15 expire 8 lines
09-04 15:02:29.573   914  1625 I chatty  : uid=1000(system) Binder:914_6 expire 8 lines
09-04 15:02:30.670 21487 21487 W PackageParser: No actions in intent filter at /data/user/0/com.google.android.vr.home/files/gcs_daydream_welcome.apk Binary XML file line #20
09-04 15:02:30.764   914  5069 I chatty  : uid=1000(system) Binder:914_12 expire 2 lines
09-04 15:02:35.229   914  5067 I chatty  : uid=1000(system) Binder:914_10 expire 12 lines
09-04 15:02:35.327 21643 21643 E ActivityThread: Failed to find provider info for com.facebook.katana.provider.AttributionIdProvider
09-04 15:02:35.362   914  1483 I chatty  : uid=1000(system) Binder:914_4 expire 10 lines
09-04 15:02:35.444 21643 21684 E ActivityThread: Failed to find provider info for com.facebook.katana.provider.AttributionIdProvider
09-04 15:02:38.838   914   949 I chatty  : uid=1000(system) ActivityManager expire 10 lines
09-04 15:02:41.351   914  1317 I chatty  : uid=1000(system) Binder:914_3 expire 6 lines
09-04 15:02:43.389 22028 22111 D ActivityThread: Loading provider com.google.android.gmail.provider;com.android.mail.notifier;com.google.android.gm.email.provider;com.google.android.gm.tasks.provider;com.google.android.gm.email.notifier: com.android.email.provider.EmailProvider
09-04 15:02:44.342   914  2320 I chatty  : uid=1000(system) Binder:914_B expire 6 lines
09-04 15:02:44.379   914  9540 I chatty  : uid=1000(system) Binder:914_14 expire 1 line
09-04 15:02:54.227   914  9548 I chatty  : uid=1000(system) Binder:914_1A expire 4 lines
09-04 15:02:55.810 22334 22334 W PackageParser: No actions in intent filter at /data/user/0/com.google.android.vr.home/files/gcs_daydream_welcome.apk Binary XML file line #20
09-04 15:04:16.644   914   949 I chatty  : uid=1000(system) ActivityManager expire 3 lines
09-04 15:04:19.076   914  1626 I chatty  : uid=1000(system) Binder:914_7 expire 1 line
09-04 15:04:58.739   914   914 I chatty  : uid=1000 system_server expire 8 lines
09-04 15:04:58.740   914  2311 I chatty  : uid=1000(system) Binder:914_A expire 6 lines
09-04 15:04:58.882   914  1483 I chatty  : uid=1000(system) Binder:914_4 expire 3 lines
09-04 15:04:58.942   914   928 I chatty  : uid=1000(system) Binder:914_2 expire 3 lines
09-04 15:04:59.039   914  9542 I chatty  : uid=1000(system) Binder:914_16 expire 6 lines
09-04 15:04:59.226   914  5067 I chatty  : uid=1000(system) Binder:914_10 expire 10 lines
09-04 15:04:59.283   914   914 I chatty  : uid=1000 system_server expire 6 lines
09-04 15:04:59.607   914   950 I chatty  : uid=1000(system) android.ui expire 8 lines
09-04 15:05:00.082   914  2343 I chatty  : uid=1000(system) Binder:914_C expire 9 lines
09-04 15:05:00.217   914   948 I chatty  : uid=1000(system) android.bg expire 2 lines
09-04 15:05:00.643   914  1317 I chatty  : uid=1000(system) Binder:914_3 expire 11 lines
09-04 15:05:01.622   914  1626 I chatty  : uid=1000(system) Binder:914_7 expire 5 lines
09-04 15:05:01.692   914   927 I chatty  : uid=1000(system) Binder:914_1 expire 3 lines
09-04 15:05:02.566   914  1151 I chatty  : uid=1000(system) android.anim expire 3 lines
09-04 15:05:03.086   914   949 I chatty  : uid=1000(system) ActivityManager expire 15 lines
09-04 15:05:04.994   914  9548 I chatty  : uid=1000(system) Binder:914_1A expire 1 line
09-04 15:05:05.033   914  9540 I chatty  : uid=1000(system) Binder:914_14 expire 12 lines
09-04 15:05:07.160   914  9547 I chatty  : uid=1000(system) Binder:914_19 expire 12 lines
09-04 15:05:07.279   914   969 I chatty  : uid=1000(system) android.display expire 5 lines
09-04 15:05:09.196   914  1917 I chatty  : uid=1000(system) Binder:914_8 expire 11 lines
09-04 15:05:10.139   914  2320 I chatty  : uid=1000(system) Binder:914_B expire 9 lines
09-04 15:05:10.310   914  1185 I chatty  : uid=1000(system) ConnectivitySer expire 3 lines
--------- beginning of crash
09-04 15:05:11.631 22671 22702 F libc    : Fatal signal 6 (SIGABRT), code -6 in tid 22702 (UnityMain)
09-04 15:05:12.268 23139 23139 F DEBUG   : *** *** *** *** *** *** *** *** *** *** *** *** *** *** *** ***
09-04 15:05:12.273 23139 23139 F DEBUG   : Build fingerprint: 'google/marlin/marlin:8.0.0/OPR6.170623.011/4283328:user/release-keys'
09-04 15:05:12.273 23139 23139 F DEBUG   : Revision: '0'
09-04 15:05:12.273 23139 23139 F DEBUG   : ABI: 'arm'
09-04 15:05:12.273 23139 23139 F DEBUG   : pid: 22671, tid: 22702, name: UnityMain  >>> fredsa.aaa <<<
09-04 15:05:12.274 23139 23139 F DEBUG   : signal 6 (SIGABRT), code -6 (SI_TKILL), fault addr --------
09-04 15:05:12.288 23139 23139 F DEBUG   : Abort message: 'java_vm_ext.cc:504] JNI DETECTED ERROR IN APPLICATION: JNI NewGlobalRef called with pending exception com.google.atap.tangoservice.TangoErrorException: '
09-04 15:05:12.288 23139 23139 F DEBUG   :     r0 00000000  r1 000058ae  r2 00000006  r3 00000008
09-04 15:05:12.288 23139 23139 F DEBUG   :     r4 0000588f  r5 000058ae  r6 d5801e18  r7 0000010c
09-04 15:05:12.288 23139 23139 F DEBUG   :     r8 00000002  r9 d5801e79  sl 0000000a  fp d5801e78
09-04 15:05:12.288 23139 23139 F DEBUG   :     ip 00000000  sp d5801e08  lr f3bb8537  pc f3be8c0c  cpsr 200f0010
09-04 15:05:12.322 23139 23139 F DEBUG   : 
09-04 15:05:12.322 23139 23139 F DEBUG   : backtrace:
09-04 15:05:12.322 23139 23139 F DEBUG   :     #00 pc 0004ac0c  /system/lib/libc.so (tgkill+12)
09-04 15:05:12.323 23139 23139 F DEBUG   :     #01 pc 0001a533  /system/lib/libc.so (abort+54)
09-04 15:05:12.323 23139 23139 F DEBUG   :     #02 pc 00337847  /system/lib/libart.so (_ZN3art7Runtime5AbortEPKc+370)
09-04 15:05:12.323 23139 23139 F DEBUG   :     #03 pc 00337e3f  /system/lib/libart.so (_ZN3art7Runtime7AborterEPKc+10)
09-04 15:05:12.323 23139 23139 F DEBUG   :     #04 pc 003eef59  /system/lib/libart.so (_ZN7android4base10LogMessageD1Ev+456)
09-04 15:05:12.323 23139 23139 F DEBUG   :     #05 pc 0022f8f7  /system/lib/libart.so (_ZN3art9JavaVMExt8JniAbortEPKcS2_+1262)
09-04 15:05:12.323 23139 23139 F DEBUG   :     #06 pc 0022fadf  /system/lib/libart.so (_ZN3art9JavaVMExt9JniAbortVEPKcS2_St9__va_list+58)
09-04 15:05:12.323 23139 23139 F DEBUG   :     #07 pc 000d2583  /system/lib/libart.so (_ZN3art11ScopedCheck6AbortFEPKcz+42)
09-04 15:05:12.323 23139 23139 F DEBUG   :     #08 pc 000d211f  /system/lib/libart.so (_ZN3art11ScopedCheck11CheckThreadEP7_JNIEnv+354)
09-04 15:05:12.323 23139 23139 F DEBUG   :     #09 pc 000d0915  /system/lib/libart.so (_ZN3art11ScopedCheck5CheckERNS_18ScopedObjectAccessEbPKcPNS_12JniValueTypeE+600)
09-04 15:05:12.323 23139 23139 F DEBUG   :     #10 pc 000d2e85  /system/lib/libart.so (_ZN3art8CheckJNI6NewRefEPKcP7_JNIEnvP8_jobjectNS_15IndirectRefKindE+448)
09-04 15:05:12.323 23139 23139 F DEBUG   :     #11 pc 00007dad  /data/app/fredsa.aaa-CjgvV5fC2j8qmJp0lZdZ9A==/lib/arm/libtango_client_api2.so (TangoService_connectOnPoseAvailable+208)
09-04 15:05:12.324 23139 23139 F DEBUG   :     #12 pc 00004330  <anonymous:ea7c3000>
09-04 15:05:12.622 23114 23114 E ActivityThread: Failed to find provider info for com.facebook.katana.provider.AttributionIdProvider
09-04 15:05:12.747 23114 23145 E ActivityThread: Failed to find provider info for com.facebook.katana.provider.AttributionIdProvider
09-04 15:05:16.994   914   965 I chatty  : uid=1000(system) FileObserver expire 1 line
09-04 15:05:17.126   914  5067 I chatty  : uid=1000(system) Binder:914_10 expire 10 lines
09-04 15:05:18.203   914  2310 I chatty  : uid=1000(system) Binder:914_9 expire 3 lines
09-04 15:05:22.228   914  1160 I chatty  : uid=1000(system) AlarmManager expire 1 line
09-04 15:05:22.417   914  5069 I chatty  : uid=1000(system) Binder:914_12 expire 5 lines
09-04 15:05:22.474   914  9539 I chatty  : uid=1000(system) Binder:914_13 expire 2 lines
09-04 15:05:24.514 23420 23445 D ActivityThread: Loading provider com.google.android.gmail.provider;com.android.mail.notifier;com.google.android.gm.email.provider;com.google.android.gm.tasks.provider;com.google.android.gm.email.notifier: com.android.email.provider.EmailProvider
09-04 15:05:34.022   914   949 I chatty  : uid=1000(system) ActivityManager expire 4 lines
09-04 15:05:45.644   914  9547 I chatty  : uid=1000(system) Binder:914_19 expire 3 lines
09-04 15:05:46.938   914  9545 I chatty  : uid=1000(system) Binder:914_18 expire 2 lines
09-04 15:05:46.997   914  1620 I chatty  : uid=1000(system) Binder:914_5 expire 1 line
09-04 15:05:54.233   914  9544 I chatty  : uid=1000(system) Binder:914_17 expire 5 lines
09-04 15:07:20.823   914   975 I chatty  : uid=1000(system) PackageManager expire 6 lines
09-04 15:07:25.639   914  1625 I chatty  : uid=1000(system) Binder:914_6 expire 1 line
09-04 15:07:25.666   914  5064 I chatty  : uid=1000(system) Binder:914_F expire 1 line
09-04 15:07:26.518   914  9539 I chatty  : uid=1000(system) Binder:914_13 expire 6 lines
09-04 15:07:26.518   914  1483 I chatty  : uid=1000(system) Binder:914_4 expire 7 lines
09-04 15:07:26.523   914   928 I chatty  : uid=1000(system) Binder:914_2 expire 4 lines
09-04 15:07:26.553   914  2343 I chatty  : uid=1000(system) Binder:914_C expire 16 lines
09-04 15:07:26.555   914  2310 I chatty  : uid=1000(system) Binder:914_9 expire 6 lines
09-04 15:07:26.758   914  9547 I chatty  : uid=1000(system) Binder:914_19 expire 9 lines
09-04 15:07:26.850   914   914 I chatty  : uid=1000 system_server expire 4 lines
09-04 15:07:27.034   914  2311 I chatty  : uid=1000(system) Binder:914_A expire 12 lines
09-04 15:07:27.089   914   948 I chatty  : uid=1000(system) android.bg expire 5 lines
09-04 15:07:27.320   914  9548 I chatty  : uid=1000(system) Binder:914_1A expire 9 lines
09-04 15:07:27.643   914   949 I chatty  : uid=1000(system) ActivityManager expire 16 lines
09-04 15:07:30.689 24206 24206 W PackageParser: No actions in intent filter at /data/user/0/com.google.android.vr.home/files/gcs_daydream_welcome.apk Binary XML file line #20
09-04 15:07:31.316   914  9542 I chatty  : uid=1000(system) Binder:914_16 expire 14 lines
09-04 15:07:31.914   914  1625 I chatty  : uid=1000(system) Binder:914_6 expire 10 lines
09-04 15:07:31.960   914   950 I chatty  : uid=1000(system) android.ui expire 2 lines
09-04 15:07:34.534   914  5067 I chatty  : uid=1000(system) Binder:914_10 expire 2 lines
09-04 15:07:36.889   914  1917 I chatty  : uid=1000(system) Binder:914_8 expire 3 lines
09-04 15:07:36.940 24467 24467 E ActivityThread: Failed to find provider info for com.facebook.katana.provider.AttributionIdProvider
09-04 15:07:37.000   914  1620 I chatty  : uid=1000(system) Binder:914_5 expire 2 lines
09-04 15:07:37.127 24467 24603 E ActivityThread: Failed to find provider info for com.facebook.katana.provider.AttributionIdProvider
09-04 15:07:39.295   914  1185 I chatty  : uid=1000(system) ConnectivitySer expire 5 lines
09-04 15:07:44.305   914   927 I chatty  : uid=1000(system) Binder:914_1 expire 1 line
09-04 15:07:47.055   914  2311 I chatty  : uid=1000(system) Binder:914_A expire 10 lines
09-04 15:07:48.045   914  5068 I chatty  : uid=1000(system) Binder:914_11 expire 9 lines
09-04 15:07:50.744 25002 25033 D ActivityThread: Loading provider com.google.android.gmail.provider;com.android.mail.notifier;com.google.android.gm.email.provider;com.google.android.gm.tasks.provider;com.google.android.gm.email.notifier: com.android.email.provider.EmailProvider
09-04 15:08:01.523   914  5069 I chatty  : uid=1000(system) Binder:914_12 expire 1 line
09-04 15:08:01.803   914  1626 I chatty  : uid=1000(system) Binder:914_7 expire 16 lines
09-04 15:08:01.804   914   949 I chatty  : uid=1000(system) ActivityManager expire 4 lines
09-04 15:08:03.396 25181 25181 W PackageParser: No actions in intent filter at /data/user/0/com.google.android.vr.home/files/gcs_daydream_welcome.apk Binary XML file line #20
09-04 15:08:24.930   914  1160 I chatty  : uid=1000(system) AlarmManager expire 1 line
09-04 15:08:25.110   914  9542 I chatty  : uid=1000(system) Binder:914_16 expire 1 line
09-04 15:08:25.191   914  2396 I chatty  : uid=1000(system) Binder:914_D expire 1 line
09-04 15:08:25.388   914  9541 I chatty  : uid=1000(system) Binder:914_15 expire 4 lines
09-04 15:08:25.556   914   954 I chatty  : uid=1000(system) batterystats-sy expire 1 line
09-04 15:08:29.907   914  9544 I chatty  : uid=1000(system) Binder:914_17 expire 1 line
09-04 15:08:29.939   914   969 I chatty  : uid=1000(system) android.display expire 1 line
09-04 15:09:01.469   914   975 I chatty  : uid=1000(system) PackageManager expire 6 lines
09-04 15:09:09.270   914  9541 I chatty  : uid=1000(system) Binder:914_15 expire 5 lines
09-04 15:09:09.332   914  9539 I chatty  : uid=1000(system) Binder:914_13 expire 1 line
09-04 15:09:09.335   914  1185 I chatty  : uid=1000(system) ConnectivitySer expire 2 lines
09-04 15:09:10.026   914   949 I chatty  : uid=1000(system) ActivityManager expire 19 lines
09-04 15:09:10.034   914  2311 I chatty  : uid=1000(system) Binder:914_A expire 17 lines
09-04 15:09:10.091   914   914 I chatty  : uid=1000 system_server expire 7 lines
09-04 15:09:10.100   914  2396 I chatty  : uid=1000(system) Binder:914_D expire 13 lines
09-04 15:09:10.103   914   928 I chatty  : uid=1000(system) Binder:914_2 expire 14 lines
09-04 15:09:10.145   914   927 I chatty  : uid=1000(system) Binder:914_1 expire 13 lines
09-04 15:09:10.287   914  5069 I chatty  : uid=1000(system) Binder:914_12 expire 12 lines
09-04 15:09:10.881   914  5064 I chatty  : uid=1000(system) Binder:914_F expire 4 lines
09-04 15:09:11.045   914   948 I chatty  : uid=1000(system) android.bg expire 2 lines
09-04 15:09:11.954   914  2343 I chatty  : uid=1000(system) Binder:914_C expire 2 lines
09-04 15:09:12.676   914  1620 I chatty  : uid=1000(system) Binder:914_5 expire 10 lines
09-04 15:09:12.800   914  5068 I chatty  : uid=1000(system) Binder:914_11 expire 8 lines
09-04 15:09:13.053   914  9545 I chatty  : uid=1000(system) Binder:914_18 expire 1 line
09-04 15:09:15.037   914  9547 I chatty  : uid=1000(system) Binder:914_19 expire 2 lines
09-04 15:09:17.394   914  1483 I chatty  : uid=1000(system) Binder:914_4 expire 9 lines
09-04 15:09:17.552 25835 25835 E ActivityThread: Failed to find provider info for com.facebook.katana.provider.AttributionIdProvider
09-04 15:09:17.713 25835 25891 E ActivityThread: Failed to find provider info for com.facebook.katana.provider.AttributionIdProvider
09-04 15:09:18.136   914  1917 I chatty  : uid=1000(system) Binder:914_8 expire 14 lines
09-04 15:09:24.439   914  9540 I chatty  : uid=1000(system) Binder:914_14 expire 3 lines
09-04 15:09:34.533   914   950 I chatty  : uid=1000(system) android.ui expire 2 lines
09-04 15:09:35.046   914  9548 I chatty  : uid=1000(system) Binder:914_1A expire 12 lines
09-04 15:09:35.587   914  2320 I chatty  : uid=1000(system) Binder:914_B expire 3 lines
09-04 15:09:41.711 26198 26226 D ActivityThread: Loading provider com.google.android.gmail.provider;com.android.mail.notifier;com.google.android.gm.email.provider;com.google.android.gm.tasks.provider;com.google.android.gm.email.notifier: com.android.email.provider.EmailProvider
09-04 15:09:59.526   914   949 I chatty  : uid=1000(system) ActivityManager expire 3 lines
09-04 15:10:06.765   914  1620 I chatty  : uid=1000(system) Binder:914_5 expire 1 line
09-04 15:10:06.815   914   969 I chatty  : uid=1000(system) android.display expire 2 lines
09-04 15:10:15.040 14605 14617 F libc    : Fatal signal 6 (SIGABRT), code -6 in tid 14617 (Binder:14605_1)
09-04 15:10:19.096 26608 26608 F DEBUG   : *** *** *** *** *** *** *** *** *** *** *** *** *** *** *** ***
09-04 15:10:19.097 26608 26608 F DEBUG   : Build fingerprint: 'google/marlin/marlin:8.0.0/OPR6.170623.011/4283328:user/release-keys'
09-04 15:10:19.097 26608 26608 F DEBUG   : Revision: '0'
09-04 15:10:19.097 26608 26608 F DEBUG   : ABI: 'arm64'
09-04 15:10:19.097 26608 26608 F DEBUG   : pid: 14605, tid: 14617, name: Binder:14605_1  >>> com.google.tango <<<
09-04 15:10:19.097 26608 26608 F DEBUG   : signal 6 (SIGABRT), code -6 (SI_TKILL), fault addr --------
09-04 15:10:19.182 26608 26608 F DEBUG   : Abort message: 'TangoService.cc:500 Check failed: static_cast<int>(state_) == static_cast<int>(State::RESET_FINISHING) Fatal error. Service failed to disconnect. state_ = RESET_REQUESTED'
09-04 15:10:19.182 26608 26608 F DEBUG   :     x0   0000000000000000  x1   0000000000003919  x2   0000000000000006  x3   0000000000000008
09-04 15:10:19.182 26608 26608 F DEBUG   :     x4   0000000000000000  x5   0000000000000000  x6   0000000000000000  x7   7f7f7f7f7f7f7f7f
09-04 15:10:19.208 26608 26608 F DEBUG   :     x8   0000000000000083  x9   f2b9a08aeb3dac6a  x10  0000000000000000  x11  0000000000000001
09-04 15:10:19.208 26608 26608 F DEBUG   :     x12  ffffffffffffffff  x13  ffffffffffffffff  x14  ff00000000000000  x15  ffffffffffffffff
09-04 15:10:19.208 26608 26608 F DEBUG   :     x16  0000007b6ab092f8  x17  0000007b6aaab5d0  x18  0000007b6a0f8280  x19  000000000000390d
09-04 15:10:19.208 26608 26608 F DEBUG   :     x20  0000000000003919  x21  0000007b529e67d0  x22  0000007b60622118  x23  0000007b529e67c8
09-04 15:10:19.208 26608 26608 F DEBUG   :     x24  00000000000000aa  x25  0000007b6a2de698  x26  0000007b60622100  x27  0000007b6065fbc0
09-04 15:10:19.208 26608 26608 F DEBUG   :     x28  8000000000000000  x29  0000007b529e6200  x30  0000007b6aa5f994
09-04 15:10:19.208 26608 26608 F DEBUG   :     sp   0000007b529e61c0  pc   0000007b6aaab5d8  pstate 0000000060000000
09-04 15:10:19.396 26608 26608 F DEBUG   : 
09-04 15:10:19.396 26608 26608 F DEBUG   : backtrace:
09-04 15:10:19.397 26608 26608 F DEBUG   :     #00 pc 00000000000695d8  /system/lib64/libc.so (tgkill+8)
09-04 15:10:19.398 26608 26608 F DEBUG   :     #01 pc 000000000001d990  /system/lib64/libc.so (abort+88)
09-04 15:10:19.398 26608 26608 F DEBUG   :     #02 pc 0000000000007eec  /system/lib64/liblog.so (__android_log_assert+304)
09-04 15:10:19.398 26608 26608 F DEBUG   :     #03 pc 0000000000100718  /data/app/com.google.tango-FnDo8KQhLouzqXmJHdnBgQ==/lib/arm64/libtango_service_library.so (_ZN13MessageLoggerD2Ev+4120)
09-04 15:10:19.398 26608 26608 F DEBUG   :     #04 pc 00000000001410a8  /data/app/com.google.tango-FnDo8KQhLouzqXmJHdnBgQ==/lib/arm64/libtango_service_library.so (_ZN12tango_binder7Service9bringDownEv+376)
09-04 15:10:19.398 26608 26608 F DEBUG   :     #05 pc 00000000001420cc  /data/app/com.google.tango-FnDo8KQhLouzqXmJHdnBgQ==/lib/arm64/libtango_service_library.so (_ZN12tango_binder7Service10disconnectEi+396)
09-04 15:10:19.398 26608 26608 F DEBUG   :     #06 pc 00000000001364a0  /data/app/com.google.tango-FnDo8KQhLouzqXmJHdnBgQ==/lib/arm64/libtango_service_library.so (Java_com_google_atap_tango_TangoServiceJNINative_Disconnect+800)
09-04 15:10:19.398 26608 26608 F DEBUG   :     #07 pc 000000000058fd88  /data/app/com.google.tango-FnDo8KQhLouzqXmJHdnBgQ==/oat/arm64/base.odex (offset 0x349000)
09-04 15:10:22.998   914   965 I chatty  : uid=1000(system) FileObserver expire 1 line
09-04 15:10:24.414   914   949 I chatty  : uid=1000(system) ActivityManager expire 12 lines
09-04 15:10:43.902   914  1317 I chatty  : uid=1000(system) Binder:914_3 expire 4 lines
09-04 15:10:43.947   914  1620 I chatty  : uid=1000(system) Binder:914_5 expire 1 line
09-04 15:10:43.948   914  1185 I chatty  : uid=1000(system) ConnectivitySer expire 5 lines
09-04 15:10:45.710   914   975 I chatty  : uid=1000(system) PackageManager expire 12 lines
09-04 15:10:54.972   914   928 I chatty  : uid=1000(system) Binder:914_2 expire 5 lines
09-04 15:10:56.130   914   914 I chatty  : uid=1000 system_server expire 7 lines
09-04 15:10:56.131   914  1626 I chatty  : uid=1000(system) Binder:914_7 expire 5 lines
09-04 15:10:56.141   914  5067 I chatty  : uid=1000(system) Binder:914_10 expire 3 lines
09-04 15:10:56.171   914  9540 I chatty  : uid=1000(system) Binder:914_14 expire 5 lines
09-04 15:10:56.300   914  2396 I chatty  : uid=1000(system) Binder:914_D expire 13 lines
09-04 15:10:56.382   914  1917 I chatty  : uid=1000(system) Binder:914_8 expire 20 lines
09-04 15:10:57.151   914  9542 I chatty  : uid=1000(system) Binder:914_16 expire 3 lines
09-04 15:10:57.281   914  9539 I chatty  : uid=1000(system) Binder:914_13 expire 4 lines
09-04 15:10:57.541   914   948 I chatty  : uid=1000(system) android.bg expire 4 lines
09-04 15:10:58.896   914  9545 I chatty  : uid=1000(system) Binder:914_18 expire 4 lines
09-04 15:11:00.313 26940 26940 W PackageParser: No actions in intent filter at /data/user/0/com.google.android.vr.home/files/gcs_daydream_welcome.apk Binary XML file line #20
09-04 15:11:01.054   914  9548 I chatty  : uid=1000(system) Binder:914_1A expire 10 lines
09-04 15:11:02.809   914  9547 I chatty  : uid=1000(system) Binder:914_19 expire 6 lines
09-04 15:11:07.260   914  2311 I chatty  : uid=1000(system) Binder:914_A expire 4 lines
09-04 15:11:07.581 27114 27114 E ActivityThread: Failed to find provider info for com.facebook.katana.provider.AttributionIdProvider
09-04 15:11:07.860 27114 27214 E ActivityThread: Failed to find provider info for com.facebook.katana.provider.AttributionIdProvider
09-04 15:11:11.770   914   949 I chatty  : uid=1000(system) ActivityManager expire 12 lines
09-04 15:11:18.219   914  5069 I chatty  : uid=1000(system) Binder:914_12 expire 3 lines
09-04 15:11:20.532   914  2343 I chatty  : uid=1000(system) Binder:914_C expire 4 lines
09-04 15:11:21.492   914  5068 I chatty  : uid=1000(system) Binder:914_11 expire 22 lines
09-04 15:11:25.270 27568 27592 D ActivityThread: Loading provider com.google.android.gmail.provider;com.android.mail.notifier;com.google.android.gm.email.provider;com.google.android.gm.tasks.provider;com.google.android.gm.email.notifier: com.android.email.provider.EmailProvider
09-04 15:11:27.884   914  1625 I chatty  : uid=1000(system) Binder:914_6 expire 2 lines
09-04 15:11:28.618   914  9548 I chatty  : uid=1000(system) Binder:914_1A expire 2 lines
09-04 15:11:32.663   914  2310 I chatty  : uid=1000(system) Binder:914_9 expire 4 lines
09-04 15:11:47.184 27818 27818 W PackageParser: No actions in intent filter at /data/user/0/com.google.android.vr.home/files/gcs_daydream_welcome.apk Binary XML file line #20
09-04 15:12:00.694   914  5064 I chatty  : uid=1000(system) Binder:914_F expire 3 lines
09-04 15:12:04.955   914  1160 I chatty  : uid=1000(system) AlarmManager expire 1 line
09-04 15:12:35.947   914  9544 I chatty  : uid=1000(system) Binder:914_17 expire 1 line
09-04 15:12:36.043   914  9541 I chatty  : uid=1000(system) Binder:914_15 expire 1 line
09-04 15:12:36.063   914   969 I chatty  : uid=1000(system) android.display expire 2 lines
09-04 15:15:04.301   914   927 I chatty  : uid=1000(system) Binder:914_1 expire 8 lines
09-04 15:15:04.303   914  9544 I chatty  : uid=1000(system) Binder:914_17 expire 10 lines
09-04 15:15:04.356   914  9541 I chatty  : uid=1000(system) Binder:914_15 expire 14 lines
09-04 15:15:04.356   914  5067 I chatty  : uid=1000(system) Binder:914_10 expire 14 lines
09-04 15:15:04.358   914  5064 I chatty  : uid=1000(system) Binder:914_F expire 5 lines
09-04 15:15:04.406   914   914 I chatty  : uid=1000 system_server expire 9 lines
09-04 15:15:04.926   914   948 I chatty  : uid=1000(system) android.bg expire 3 lines
09-04 15:15:04.990   914  2396 I chatty  : uid=1000(system) Binder:914_D expire 7 lines
09-04 15:15:05.310   914  2310 I chatty  : uid=1000(system) Binder:914_9 expire 3 lines
09-04 15:15:05.388   914   949 I chatty  : uid=1000(system) ActivityManager expire 20 lines
09-04 15:15:05.412   914   928 I chatty  : uid=1000(system) Binder:914_2 expire 17 lines
09-04 15:15:05.517   914  9545 I chatty  : uid=1000(system) Binder:914_18 expire 1 line
09-04 15:15:06.249   914  1483 I chatty  : uid=1000(system) Binder:914_4 expire 2 lines
09-04 15:15:06.337   914  2343 I chatty  : uid=1000(system) Binder:914_C expire 1 line
09-04 15:15:08.541   914  1620 I chatty  : uid=1000(system) Binder:914_5 expire 3 lines
09-04 15:15:10.635   914  9542 I chatty  : uid=1000(system) Binder:914_16 expire 2 lines
09-04 15:15:11.709 28546 28546 E ActivityThread: Failed to find provider info for com.facebook.katana.provider.AttributionIdProvider
09-04 15:15:11.804 28546 28584 E ActivityThread: Failed to find provider info for com.facebook.katana.provider.AttributionIdProvider
09-04 15:15:13.619   914  2311 I chatty  : uid=1000(system) Binder:914_A expire 8 lines
09-04 15:15:13.620   914  1185 I chatty  : uid=1000(system) ConnectivitySer expire 3 lines
09-04 15:15:15.784   914  9539 I chatty  : uid=1000(system) Binder:914_13 expire 5 lines
09-04 15:15:18.982   914   950 I chatty  : uid=1000(system) android.ui expire 7 lines
09-04 15:15:19.387   914  2320 I chatty  : uid=1000(system) Binder:914_B expire 2 lines
09-04 15:15:25.567 29166 29194 D ActivityThread: Loading provider com.google.android.gmail.provider;com.android.mail.notifier;com.google.android.gm.email.provider;com.google.android.gm.tasks.provider;com.google.android.gm.email.notifier: com.android.email.provider.EmailProvider
09-04 15:15:28.135   914  5067 I chatty  : uid=1000(system) Binder:914_10 expire 7 lines
09-04 15:15:33.567   914  9548 I chatty  : uid=1000(system) Binder:914_1A expire 4 lines
09-04 15:15:43.167   914   949 I chatty  : uid=1000(system) ActivityManager expire 6 lines
09-04 15:15:59.085   914  1165 I chatty  : uid=1000(system) HwBinder:914_2 expire 1 line
09-04 15:15:59.087   914   967 I chatty  : uid=1000(system) android.fg expire 3 lines
09-04 15:15:59.621   914   954 I chatty  : uid=1000(system) batterystats-sy expire 2 lines
09-04 15:15:59.665   914  1626 I chatty  : uid=1000(system) Binder:914_7 expire 1 line
09-04 15:16:05.009   914  9540 I chatty  : uid=1000(system) Binder:914_14 expire 3 lines
09-04 15:16:07.015   914  5033 I chatty  : uid=1000(system) Binder:914_E expire 2 lines
09-04 15:17:21.215   914  1917 I chatty  : uid=1000(system) Binder:914_8 expire 1 line
09-04 15:17:22.620   914  1625 I chatty  : uid=1000(system) Binder:914_6 expire 1 line
09-04 15:17:22.682   914   969 I chatty  : uid=1000(system) android.display expire 2 lines
09-04 15:17:24.743   914  1169 I chatty  : uid=1000(system) InputReader expire 1 line
09-04 15:17:25.371   914  1151 I chatty  : uid=1000(system) android.anim expire 1 line
09-04 15:17:25.573   914   971 I chatty  : uid=1000(system) PowerManagerSer expire 4 lines
09-04 15:17:26.050   914  9541 I chatty  : uid=1000(system) Binder:914_15 expire 10 lines
09-04 15:20:13.163 29713 29713 E ActivityThread: Failed to find provider info for com.facebook.katana.provider.AttributionIdProvider
09-04 15:20:17.568 29713 29736 E ActivityThread: Failed to find provider info for com.facebook.katana.provider.AttributionIdProvider
09-04 15:20:17.778 29773 29800 D ActivityThread: Loading provider com.google.android.gmail.provider;com.android.mail.notifier;com.google.android.gm.email.provider;com.google.android.gm.tasks.provider;com.google.android.gm.email.notifier: com.android.email.provider.EmailProvider
09-04 15:20:18.192   914  2310 I chatty  : uid=1000(system) Binder:914_9 expire 8 lines
09-04 15:20:18.572   914  1625 I chatty  : uid=1000(system) Binder:914_6 expire 3 lines
09-04 15:20:18.614   914  1917 I chatty  : uid=1000(system) Binder:914_8 expire 4 lines
09-04 15:22:26.695   914  9548 I chatty  : uid=1000(system) Binder:914_1A expire 2 lines
09-04 15:22:40.108   914  2343 I chatty  : uid=1000(system) Binder:914_C expire 9 lines
09-04 15:27:31.264   914  1626 I chatty  : uid=1000(system) Binder:914_7 expire 2 lines
09-04 15:28:33.319   914  9545 I chatty  : uid=1000(system) Binder:914_18 expire 2 lines
09-04 15:37:48.723   914   914 I chatty  : uid=1000 system_server expire 26 lines
09-04 15:40:32.018   914  1620 I chatty  : uid=1000(system) Binder:914_5 expire 6 lines
09-04 15:41:33.523   914  1185 I chatty  : uid=1000(system) ConnectivitySer expire 11 lines
09-04 15:41:33.579   610   647 D NetlinkEvent: Unknown ifindex 25 in RTM_DELADDR
09-04 15:41:33.581   914   967 I chatty  : uid=1000(system) android.fg expire 13 lines
09-04 15:41:55.903   914  5067 I chatty  : uid=1000(system) Binder:914_10 expire 6 lines
09-04 15:47:41.973   914   971 I chatty  : uid=1000(system) PowerManagerSer expire 17 lines
09-04 15:47:41.983   914   969 I chatty  : uid=1000(system) android.display expire 6 lines
09-04 15:47:42.629   914  2311 I chatty  : uid=1000(system) Binder:914_A expire 1 line
09-04 15:47:42.638   914  9547 I chatty  : uid=1000(system) Binder:914_19 expire 2 lines
09-04 15:47:44.468   914   948 I chatty  : uid=1000(system) android.bg expire 4 lines
09-04 15:47:44.615   914  2320 I chatty  : uid=1000(system) Binder:914_B expire 6 lines
09-04 15:47:53.735   914  1317 I chatty  : uid=1000(system) Binder:914_3 expire 5 lines
09-04 15:47:55.466   914  1168 I chatty  : uid=1000(system) InputDispatcher expire 4 lines
09-04 15:48:18.643   914  5064 I chatty  : uid=1000(system) Binder:914_F expire 3 lines
09-04 15:48:25.256   914   949 I chatty  : uid=1000(system) ActivityManager expire 8 lines
09-04 15:48:25.534   914   927 I chatty  : uid=1000(system) Binder:914_1 expire 3 lines
09-04 15:48:48.171   914  5068 I chatty  : uid=1000(system) Binder:914_11 expire 1 line
09-04 15:51:21.007   914  1169 I chatty  : uid=1000(system) InputReader expire 2 lines
09-04 15:51:21.185   914  1739 I chatty  : uid=1000(system) uteStateMachine expire 5 lines
09-04 15:51:25.553   914   950 I chatty  : uid=1000(system) android.ui expire 9 lines
09-04 15:51:25.932   914  1151 I chatty  : uid=1000(system) android.anim expire 4 lines
09-04 15:53:17.442   914 19478 I chatty  : uid=1000(system) HwBinder:914_5 expire 4 lines
09-04 15:53:19.495   914  1348 I chatty  : uid=1000(system) UsbService host expire 1 line
09-04 15:53:20.420 31553 31553 E ActivityThread: Failed to find provider info for com.facebook.katana.provider.AttributionIdProvider
09-04 15:53:20.455 31553 31584 E ActivityThread: Failed to find provider info for com.facebook.katana.provider.AttributionIdProvider
09-04 15:53:23.143   914   967 I chatty  : uid=1000(system) android.fg expire 1 line
09-04 15:53:27.470   914  1626 I ActivityManager: Killing 30579:com.google.android.calendar/u10a53 (adj 906): empty #17
09-04 15:53:33.176   914   950 I ActivityManager: Config changes=480 {1.0 310mcc260mnc [en_US] ldltr sw411dp w683dp h387dp 560dpi nrml widecg land finger -keyb/v/h dpad/v appBounds=Rect(0, 0 - 2392, 1440) s.24}
09-04 15:53:33.253   914   950 I ActivityManager: Override config changes=480 {1.0 310mcc260mnc [en_US] ldltr sw411dp w683dp h387dp 560dpi nrml widecg land finger -keyb/v/h dpad/v appBounds=Rect(0, 0 - 2392, 1440) s.24} for displayId=0
09-04 15:53:33.301   914   950 W Looper  : Dispatch took 152ms on android.ui, h=Handler (com.android.server.policy.PhoneWindowManager$PolicyHandler) {d2fd012} cb=com.android.server.policy.PhoneWindowManager$MyOrientationListener$1@ead43e3 msg=0
09-04 15:53:33.522   914  1151 I WindowManager: Screen frozen for +371ms due to Window{587d6c2 u0 StatusBar}
09-04 15:53:34.019   914   949 I ActivityManager: Waited long enough for: ServiceRecord{f8479f9 u0 com.google.android.googlequicksearchbox/com.google.android.apps.gsa.search.core.service.SearchService}
09-04 15:53:48.508   914   927 I ActivityManager: Killing 30060:com.google.android.partnersetup/u0a27 (adj 906): empty #17
09-04 15:53:49.346   914   949 I ActivityManager: Start proc 31736:com.google.android.dialer/u0a22 for broadcast com.google.android.dialer/com.android.dialer.location.CountryDetector$LocationChangedReceiver
09-04 15:53:51.984   914   950 I ActivityManager: Config changes=480 {1.0 310mcc260mnc [en_US] ldltr sw411dp w411dp h659dp 560dpi nrml widecg port finger -keyb/v/h dpad/v appBounds=Rect(0, 0 - 1440, 2392) s.25}
09-04 15:53:52.039   914   950 I ActivityManager: Override config changes=480 {1.0 310mcc260mnc [en_US] ldltr sw411dp w411dp h659dp 560dpi nrml widecg port finger -keyb/v/h dpad/v appBounds=Rect(0, 0 - 1440, 2392) s.25} for displayId=0
09-04 15:53:52.291   914  1151 I WindowManager: Screen frozen for +335ms due to Window{587d6c2 u0 StatusBar}
09-04 15:54:06.337   914  5067 I ActivityManager: START u0 {flg=0x10804000 cmp=com.android.systemui/.recents.RecentsActivity} from uid 10042
09-04 15:54:06.991   914  5067 I ActivityManager: START u0 {cmp=com.android.systemui/.pip.phone.PipMenuActivity (has extras)} from uid 10042
09-04 15:54:06.991   914  5067 W ActivityManager: startActivity called from non-Activity context; forcing Intent.FLAG_ACTIVITY_NEW_TASK for: Intent { flg=0x800000 cmp=com.android.systemui/.pip.phone.PipMenuActivity (has extras) }
09-04 15:54:11.343   914  1317 I ActivityManager: Killing 30931:com.android.providers.partnerbookmarks/u0a82 (adj 906): empty #17
09-04 15:54:12.198   914  5033 I ActivityManager: Start proc 31797:com.android.chrome:sandboxed_process1/u0i29 for webview_service com.android.chrome/org.chromium.content.app.SandboxedProcessService1
09-04 15:54:12.199   914  2310 I ActivityManager: Process com.android.chrome:sandboxed_process0 (pid 30826) has died: fore TOP 
09-04 15:54:12.199   914  2310 W ActivityManager: Scheduling restart of crashed service com.android.chrome/org.chromium.content.app.SandboxedProcessService0 in 1000ms
09-04 15:54:15.879   914  1625 I ActivityManager: Process com.android.chrome:sandboxed_process1 (pid 31797) has died: fore SVC 
09-04 15:54:15.879   914  1625 W ActivityManager: Scheduling restart of crashed service com.android.chrome/org.chromium.content.app.SandboxedProcessService1 in 1000ms
09-04 15:54:16.113   914  5067 I ActivityManager: Start proc 31866:com.android.chrome:sandboxed_process2/u0i30 for webview_service com.android.chrome/org.chromium.content.app.SandboxedProcessService2
09-04 15:54:16.840   914  5033 I ActivityManager: Killing 30478:com.android.providers.calendar/u0a5 (adj 906): empty #17
09-04 15:54:16.840   914  5033 I ActivityManager: Killing 31115:com.waze/u10a225 (adj 906): empty #18
09-04 15:54:16.840   914  5033 I ActivityManager: Killing 31085:com.waze/u0a225 (adj 906): empty #19
09-04 15:54:19.693   914  1625 I ActivityManager: START u0 {act=com.google.android.googlequicksearchbox.TEXT_ASSIST flg=0x10008000 cmp=com.google.android.googlequicksearchbox/com.google.android.apps.gsa.queryentry.QueryEntryActivity (has extras)} from uid 10045
09-04 15:54:20.582   914  1317 I ActivityManager: Start proc 31923:android.process.acore/u0a4 for content provider com.android.providers.userdictionary/.UserDictionaryProvider
09-04 15:54:22.376   914  1317 I ActivityManager: Start proc 31949:com.android.chrome:sandboxed_process0/u0i31 for webview_service com.google.android.googlequicksearchbox/org.chromium.content.app.SandboxedProcessService0
09-04 15:54:27.523   914  9545 I ActivityManager: Start proc 32015:com.google.android.partnersetup/u0a27 for content provider com.google.android.partnersetup/.RlzAppProvider
09-04 15:54:27.619   914  1626 I ActivityManager: START u0 {act=android.intent.action.MAIN dat=dynact://velour/searchresults_activity/SearchResultsActivity?data=agsa:/session?id=15064611061739 flg=0x14002000 cmp=com.google.android.googlequicksearchbox/com.google.android.apps.gsa.velour.dynamichosts.VelvetThemedDynamicHostActivity (has extras)} from uid 10045
